<html>
<body>
<pre>
<h1>µVision Build Log</h1>
<h2>Tool Versions:</h2>
IDE-Version: ¦ÌVision V5.28.0.0
Copyright (C) 2019 ARM Ltd and ARM Germany GmbH. All rights reserved.
License Information: yoghurt Gee, hust, LIC=S5IBS-L1KEW-TI55L-0BYEL-1FV87-MEIRC
 
Tool Versions:
Toolchain:       MDK-ARM Professional  Version: 5.28.0.0
Toolchain Path:  E:\MDK5\ARM\ARMCC\Bin
C Compiler:      Armcc.exe V5.06 update 6 (build 750)
Assembler:       Armasm.exe V5.06 update 6 (build 750)
Linker/Locator:  ArmLink.exe V5.06 update 6 (build 750)
Library Manager: ArmAr.exe V5.06 update 6 (build 750)
Hex Converter:   FromElf.exe V5.06 update 6 (build 750)
CPU DLL:         SARMCM3.DLL V5.28.0.0
Dialog DLL:      DCM.DLL V1.17.3.0
Target DLL:      STLink\ST-LINKIII-KEIL_SWO.dll V3.0.6.0
Dialog DLL:      TCM.DLL V1.36.2.0
 
<h2>Project:</h2>
D:\H743ZI\H743ZI\H743ZI\MDK-ARM\H743ZI.uvprojx
Project File Date:  07/01/2019

<h2>Output:</h2>
*** Using Compiler 'V5.06 update 6 (build 750)', folder: 'E:\MDK5\ARM\ARMCC\Bin'
*** Warning: You are compiling one or more files of source type C++ and have selected 'use MicroLIB'. MicroLIB does not support C++!
  
Build target 'H743ZI'
compiling user_comm.c...
..\BSP\Read_dmp.h(8): warning:  #1-D: last line of file ends without a newline
  #endif
..\BSP\TJ_MPU6050.h(154): warning:  #1-D: last line of file ends without a newline
  void MPU6050_init2(I2C_HandleTypeDef *I2Chnd, MPU_ConfigTypeDef *config);
..\BSP\user_comm.c(78): warning:  #1-D: last line of file ends without a newline
  }
..\BSP\user_comm.c(31): warning:  #177-D: variable "i"  was declared but never referenced
  static int i = 0;
..\BSP\user_comm.c: 4 warnings, 0 errors
compiling user_system.cpp...
..\BSP\Read_dmp.h(8): warning:  #1-D: last line of file ends without a newline
  #endif
..\BSP\TJ_MPU6050.h(154): warning:  #1-D: last line of file ends without a newline
  void MPU6050_init2(I2C_HandleTypeDef *I2Chnd, MPU_ConfigTypeDef *config);
..\BSP\user_system.cpp(50): warning:  #177-D: variable "wait_imu"  was declared but never referenced
  	int wait_imu = 200;
..\BSP\user_system.cpp(180): warning:  #1035-D: single-precision operand implicitly converted to double-precision
  	rpy_cur[0] = quar_rpy[4] + PI;
..\BSP\user_system.cpp(181): warning:  #1035-D: single-precision operand implicitly converted to double-precision
  	rpy_cur[1] = quar_rpy[5] + PI;
..\BSP\user_system.cpp(182): warning:  #1035-D: single-precision operand implicitly converted to double-precision
  	rpy_cur[2] = quar_rpy[6] + PI;
..\BSP\user_system.cpp: 6 warnings, 0 errors
linking...
Program Size: Code=47396 RO-data=812 RW-data=260 ZI-data=4444  
FromELF: creating hex file...
"H743ZI\H743ZI.axf" - 0 Error(s), 10 Warning(s).

<h2>Software Packages used:</h2>

Package Vendor: ARM
                http://www.keil.com/pack/ARM.CMSIS.5.5.1.pack
                ARM.CMSIS.5.5.1
                CMSIS (Cortex Microcontroller Software Interface Standard)
   * Component: CORE Version: 5.2.0

Package Vendor: Keil
                https://www.keil.com/pack/Keil.STM32H7xx_DFP.2.3.0.pack
                Keil.STM32H7xx_DFP.2.3.0
                STMicroelectronics STM32H7 Series Device Support and Examples

<h2>Collection of Component include folders:</h2>
  .\RTE\_H743ZI
  E:\MDK5PACKS\ARM\CMSIS\5.5.1\CMSIS\Core\Include
  E:\MDK5PACKS\Keil\STM32H7xx_DFP\2.3.0\Drivers\CMSIS\Device\ST\STM32H7xx\Include

<h2>Collection of Component Files used:</h2>

   * Component: ARM::CMSIS:CORE:5.2.0
Build Time Elapsed:  00:00:05
</pre>
</body>
</html>
