Component: ARM Compiler 5.06 update 6 (build 750) Tool: armlink [4d35ed]

==============================================================================

Section Cross References

    startup_stm32h743xx.o(RESET) refers to startup_stm32h743xx.o(STACK) for __initial_sp
    startup_stm32h743xx.o(RESET) refers to startup_stm32h743xx.o(.text) for Reset_Handler
    startup_stm32h743xx.o(RESET) refers to stm32h7xx_it.o(i.NMI_Handler) for NMI_Handler
    startup_stm32h743xx.o(RESET) refers to stm32h7xx_it.o(i.HardFault_Handler) for HardFault_Handler
    startup_stm32h743xx.o(RESET) refers to stm32h7xx_it.o(i.MemManage_Handler) for MemManage_Handler
    startup_stm32h743xx.o(RESET) refers to stm32h7xx_it.o(i.BusFault_Handler) for BusFault_Handler
    startup_stm32h743xx.o(RESET) refers to stm32h7xx_it.o(i.UsageFault_Handler) for UsageFault_Handler
    startup_stm32h743xx.o(RESET) refers to stm32h7xx_it.o(i.SVC_Handler) for SVC_Handler
    startup_stm32h743xx.o(RESET) refers to stm32h7xx_it.o(i.DebugMon_Handler) for DebugMon_Handler
    startup_stm32h743xx.o(RESET) refers to stm32h7xx_it.o(i.PendSV_Handler) for PendSV_Handler
    startup_stm32h743xx.o(RESET) refers to stm32h7xx_it.o(i.SysTick_Handler) for SysTick_Handler
    startup_stm32h743xx.o(RESET) refers to stm32h7xx_it.o(i.DMA1_Stream0_IRQHandler) for DMA1_Stream0_IRQHandler
    startup_stm32h743xx.o(RESET) refers to stm32h7xx_it.o(i.DMA1_Stream1_IRQHandler) for DMA1_Stream1_IRQHandler
    startup_stm32h743xx.o(RESET) refers to stm32h7xx_it.o(i.DMA1_Stream2_IRQHandler) for DMA1_Stream2_IRQHandler
    startup_stm32h743xx.o(RESET) refers to stm32h7xx_it.o(i.DMA1_Stream3_IRQHandler) for DMA1_Stream3_IRQHandler
    startup_stm32h743xx.o(RESET) refers to stm32h7xx_it.o(i.DMA1_Stream4_IRQHandler) for DMA1_Stream4_IRQHandler
    startup_stm32h743xx.o(RESET) refers to stm32h7xx_it.o(i.DMA1_Stream5_IRQHandler) for DMA1_Stream5_IRQHandler
    startup_stm32h743xx.o(RESET) refers to stm32h7xx_it.o(i.DMA1_Stream6_IRQHandler) for DMA1_Stream6_IRQHandler
    startup_stm32h743xx.o(RESET) refers to stm32h7xx_it.o(i.I2C1_EV_IRQHandler) for I2C1_EV_IRQHandler
    startup_stm32h743xx.o(RESET) refers to stm32h7xx_it.o(i.I2C1_ER_IRQHandler) for I2C1_ER_IRQHandler
    startup_stm32h743xx.o(RESET) refers to stm32h7xx_it.o(i.USART1_IRQHandler) for USART1_IRQHandler
    startup_stm32h743xx.o(RESET) refers to stm32h7xx_it.o(i.USART2_IRQHandler) for USART2_IRQHandler
    startup_stm32h743xx.o(RESET) refers to stm32h7xx_it.o(i.USART3_IRQHandler) for USART3_IRQHandler
    startup_stm32h743xx.o(RESET) refers to stm32h7xx_it.o(i.DMA1_Stream7_IRQHandler) for DMA1_Stream7_IRQHandler
    startup_stm32h743xx.o(RESET) refers to stm32h7xx_it.o(i.UART4_IRQHandler) for UART4_IRQHandler
    startup_stm32h743xx.o(RESET) refers to stm32h7xx_it.o(i.TIM6_DAC_IRQHandler) for TIM6_DAC_IRQHandler
    startup_stm32h743xx.o(RESET) refers to stm32h7xx_it.o(i.TIM7_IRQHandler) for TIM7_IRQHandler
    startup_stm32h743xx.o(RESET) refers to stm32h7xx_it.o(i.DMA2_Stream0_IRQHandler) for DMA2_Stream0_IRQHandler
    startup_stm32h743xx.o(RESET) refers to stm32h7xx_it.o(i.USART6_IRQHandler) for USART6_IRQHandler
    startup_stm32h743xx.o(.text) refers to system_stm32h7xx.o(i.SystemInit) for SystemInit
    startup_stm32h743xx.o(.text) refers to entry.o(.ARM.Collect$$$$00000000) for __main
    main.o(i.HAL_TIM_PeriodElapsedCallback) refers to stm32h7xx_hal.o(i.HAL_IncTick) for HAL_IncTick
    main.o(i.HAL_TIM_PeriodElapsedCallback) refers to tim.o(.bss) for htim6
    main.o(i.HAL_TIM_PeriodElapsedCallback) refers to user_system.o(.data) for cmd_flag
    main.o(i.HAL_TIM_PeriodElapsedCallback) refers to user_system.o(.data) for cmd_angular_rad_z
    main.o(i.HAL_TIM_PeriodElapsedCallback) refers to user_system.o(.data) for cmd_liner_vel_y
    main.o(i._Z18SystemClock_Configv) refers to memseta.o(.text) for __aeabi_memclr4
    main.o(i._Z18SystemClock_Configv) refers to stm32h7xx_hal_pwr_ex.o(i.HAL_PWREx_ConfigSupply) for HAL_PWREx_ConfigSupply
    main.o(i._Z18SystemClock_Configv) refers to stm32h7xx_hal_rcc.o(i.HAL_RCC_OscConfig) for HAL_RCC_OscConfig
    main.o(i._Z18SystemClock_Configv) refers to stm32h7xx_hal_rcc.o(i.HAL_RCC_ClockConfig) for HAL_RCC_ClockConfig
    main.o(i._Z18SystemClock_Configv) refers to stm32h7xx_hal_rcc_ex.o(i.HAL_RCCEx_PeriphCLKConfig) for HAL_RCCEx_PeriphCLKConfig
    main.o(i.main) refers to stm32h7xx_hal.o(i.HAL_Init) for HAL_Init
    main.o(i.main) refers to main.o(i._Z18SystemClock_Configv) for SystemClock_Config()
    main.o(i.main) refers to gpio.o(i.MX_GPIO_Init) for MX_GPIO_Init
    main.o(i.main) refers to dma.o(i.MX_DMA_Init) for MX_DMA_Init
    main.o(i.main) refers to i2c.o(i.MX_I2C1_Init) for MX_I2C1_Init
    main.o(i.main) refers to iwdg.o(i.MX_IWDG1_Init) for MX_IWDG1_Init
    main.o(i.main) refers to spi.o(i.MX_SPI1_Init) for MX_SPI1_Init
    main.o(i.main) refers to tim.o(i.MX_TIM1_Init) for MX_TIM1_Init
[...]
    .bss                                     0x20000bdc   Section       76  tj_mpu6050.o(.bss)
    i2cHandler                               0x20000bdc   Data          76  tj_mpu6050.o(.bss)
    .bss                                     0x20000c28   Section       52  read_dmp.o(.bss)
    HEAP                                     0x20000c60   Section      512  startup_stm32h743xx.o(HEAP)
    STACK                                    0x20000e60   Section     1024  startup_stm32h743xx.o(STACK)

    Global Symbols

    Symbol Name                              Value     Ov Type        Size  Object(Section)

    BuildAttributes$$THM_ISAv4$E$P$D$K$B$S$7EM$VFPv5_D16$PE$PLD8$A:L22UL41UL21$X:L11$S22US41US21$IEEE1$IW$USESV6$~STKCKD$USESV7$~SHL$OTIME$ROPI$IEEEX$EBA8$UX$MICROLIB$REQ8$PRES8$EABIv2 0x00000000   Number         0  anon$$obj.o ABSOLUTE
    __ARM_use_no_argv                        0x00000000   Number         0  main.o ABSOLUTE
    SHT$$ARM_EXIDX$$Base                      - Undefined Reference
    SHT$$ARM_EXIDX$$Limit                     - Undefined Reference
    __ARM::default_unexpected_handler()       - Undefined Weak Reference
    __ARM_exceptions_buffer_required          - Undefined Weak Reference
    __aeabi_unwind_cpp_pr1                    - Undefined Weak Reference
    __aeabi_unwind_cpp_pr2                    - Undefined Weak Reference
    __cxa_begin_cleanup                       - Undefined Weak Reference
    __cxa_finalize                            - Undefined Weak Reference
    __cxa_type_match                          - Undefined Weak Reference
    __decompress                              - Undefined Weak Reference
    _clock_init                               - Undefined Weak Reference
    _microlib_exit                            - Undefined Weak Reference
    __Vectors_Size                           0x00000298   Number         0  startup_stm32h743xx.o ABSOLUTE
    __Vectors                                0x08000000   Data           4  startup_stm32h743xx.o(RESET)
    __Vectors_End                            0x08000298   Data           0  startup_stm32h743xx.o(RESET)
    __main                                   0x08000299   Thumb Code     0  entry.o(.ARM.Collect$$$$00000000)
    _main_stk                                0x08000299   Thumb Code     0  entry2.o(.ARM.Collect$$$$00000001)
    _main_scatterload                        0x0800029d   Thumb Code     0  entry5.o(.ARM.Collect$$$$00000004)
    __main_after_scatterload                 0x080002a1   Thumb Code     0  entry5.o(.ARM.Collect$$$$00000004)
    _main_clock                              0x080002a1   Thumb Code     0  entry7b.o(.ARM.Collect$$$$00000008)
    _main_cpp_init$empty                     0x080002a1   Thumb Code     0  entry8a.o(.ARM.Collect$$$$00000009)
    _main_cpp_init                           0x080002a5   Thumb Code     0  entry8b.o(.ARM.Collect$$$$0000000A)
    _main_init                               0x080002a5   Thumb Code     0  entry9a.o(.ARM.Collect$$$$0000000B)
    __rt_final_cpp                           0x080002ad   Thumb Code     0  entry10a.o(.ARM.Collect$$$$0000000D)
    __rt_final_exit                          0x080002ad   Thumb Code     0  entry11a.o(.ARM.Collect$$$$0000000F)
    Reset_Handler                            0x080002b1   Thumb Code     8  startup_stm32h743xx.o(.text)
    ADC3_IRQHandler                          0x080002cb   Thumb Code     0  startup_stm32h743xx.o(.text)
    ADC_IRQHandler                           0x080002cb   Thumb Code     0  startup_stm32h743xx.o(.text)
    BDMA_Channel0_IRQHandler                 0x080002cb   Thumb Code     0  startup_stm32h743xx.o(.text)
    BDMA_Channel1_IRQHandler                 0x080002cb   Thumb Code     0  startup_stm32h743xx.o(.text)
    BDMA_Channel2_IRQHandler                 0x080002cb   Thumb Code     0  startup_stm32h743xx.o(.text)
    BDMA_Channel3_IRQHandler                 0x080002cb   Thumb Code     0  startup_stm32h743xx.o(.text)
    BDMA_Channel4_IRQHandler                 0x080002cb   Thumb Code     0  startup_stm32h743xx.o(.text)
    BDMA_Channel5_IRQHandler                 0x080002cb   Thumb Code     0  startup_stm32h743xx.o(.text)
    BDMA_Channel6_IRQHandler                 0x080002cb   Thumb Code     0  startup_stm32h743xx.o(.text)
    BDMA_Channel7_IRQHandler                 0x080002cb   Thumb Code     0  startup_stm32h743xx.o(.text)
    CEC_IRQHandler                           0x080002cb   Thumb Code     0  startup_stm32h743xx.o(.text)
    COMP1_IRQHandler                         0x080002cb   Thumb Code     0  startup_stm32h743xx.o(.text)
    CRS_IRQHandler                           0x080002cb   Thumb Code     0  startup_stm32h743xx.o(.text)
    DCMI_IRQHandler                          0x080002cb   Thumb Code     0  startup_stm32h743xx.o(.text)
    DFSDM1_FLT0_IRQHandler                   0x080002cb   Thumb Code     0  startup_stm32h743xx.o(.text)
    DFSDM1_FLT1_IRQHandler                   0x080002cb   Thumb Code     0  startup_stm32h743xx.o(.text)
    DFSDM1_FLT2_IRQHandler                   0x080002cb   Thumb Code     0  startup_stm32h743xx.o(.text)
    DFSDM1_FLT3_IRQHandler                   0x080002cb   Thumb Code     0  startup_stm32h743xx.o(.text)
    DMA2D_IRQHandler                         0x080002cb   Thumb Code     0  startup_stm32h743xx.o(.text)
    DMA2_Stream1_IRQHandler                  0x080002cb   Thumb Code     0  startup_stm32h743xx.o(.text)
    DMA2_Stream2_IRQHandler                  0x080002cb   Thumb Code     0  startup_stm32h743xx.o(.text)
    DMA2_Stream3_IRQHandler                  0x080002cb   Thumb Code     0  startup_stm32h743xx.o(.text)
    DMA2_Stream4_IRQHandler                  0x080002cb   Thumb Code     0  startup_stm32h743xx.o(.text)
    DMA2_Stream5_IRQHandler                  0x080002cb   Thumb Code     0  startup_stm32h743xx.o(.text)
    DMA2_Stream6_IRQHandler                  0x080002cb   Thumb Code     0  startup_stm32h743xx.o(.text)
    DMA2_Stream7_IRQHandler                  0x080002cb   Thumb Code     0  startup_stm32h743xx.o(.text)
    DMAMUX1_OVR_IRQHandler                   0x080002cb   Thumb Code     0  startup_stm32h743xx.o(.text)
    DMAMUX2_OVR_IRQHandler                   0x080002cb   Thumb Code     0  startup_stm32h743xx.o(.text)
    ECC_IRQHandler                           0x080002cb   Thumb Code     0  startup_stm32h743xx.o(.text)
    ETH_IRQHandler                           0x080002cb   Thumb Code     0  startup_stm32h743xx.o(.text)
    ETH_WKUP_IRQHandler                      0x080002cb   Thumb Code     0  startup_stm32h743xx.o(.text)
    EXTI0_IRQHandler                         0x080002cb   Thumb Code     0  startup_stm32h743xx.o(.text)
    EXTI15_10_IRQHandler                     0x080002cb   Thumb Code     0  startup_stm32h743xx.o(.text)
    EXTI1_IRQHandler                         0x080002cb   Thumb Code     0  startup_stm32h743xx.o(.text)
    EXTI2_IRQHandler                         0x080002cb   Thumb Code     0  startup_stm32h743xx.o(.text)
    EXTI3_IRQHandler                         0x080002cb   Thumb Code     0  startup_stm32h743xx.o(.text)
    EXTI4_IRQHandler                         0x080002cb   Thumb Code     0  startup_stm32h743xx.o(.text)
    EXTI9_5_IRQHandler                       0x080002cb   Thumb Code     0  startup_stm32h743xx.o(.text)
    FDCAN1_IT0_IRQHandler                    0x080002cb   Thumb Code     0  startup_stm32h743xx.o(.text)
    FDCAN1_IT1_IRQHandler                    0x080002cb   Thumb Code     0  startup_stm32h743xx.o(.text)
    FDCAN2_IT0_IRQHandler                    0x080002cb   Thumb Code     0  startup_stm32h743xx.o(.text)
    FDCAN2_IT1_IRQHandler                    0x080002cb   Thumb Code     0  startup_stm32h743xx.o(.text)
    FDCAN_CAL_IRQHandler                     0x080002cb   Thumb Code     0  startup_stm32h743xx.o(.text)
    FLASH_IRQHandler                         0x080002cb   Thumb Code     0  startup_stm32h743xx.o(.text)
    FMC_IRQHandler                           0x080002cb   Thumb Code     0  startup_stm32h743xx.o(.text)
    FPU_IRQHandler                           0x080002cb   Thumb Code     0  startup_stm32h743xx.o(.text)
    HRTIM1_FLT_IRQHandler                    0x080002cb   Thumb Code     0  startup_stm32h743xx.o(.text)
    HRTIM1_Master_IRQHandler                 0x080002cb   Thumb Code     0  startup_stm32h743xx.o(.text)
    HRTIM1_TIMA_IRQHandler                   0x080002cb   Thumb Code     0  startup_stm32h743xx.o(.text)
    HRTIM1_TIMB_IRQHandler                   0x080002cb   Thumb Code     0  startup_stm32h743xx.o(.text)
    HRTIM1_TIMC_IRQHandler                   0x080002cb   Thumb Code     0  startup_stm32h743xx.o(.text)
    HRTIM1_TIMD_IRQHandler                   0x080002cb   Thumb Code     0  startup_stm32h743xx.o(.text)
    HRTIM1_TIME_IRQHandler                   0x080002cb   Thumb Code     0  startup_stm32h743xx.o(.text)
    HSEM1_IRQHandler                         0x080002cb   Thumb Code     0  startup_stm32h743xx.o(.text)
    I2C2_ER_IRQHandler                       0x080002cb   Thumb Code     0  startup_stm32h743xx.o(.text)
    I2C2_EV_IRQHandler                       0x080002cb   Thumb Code     0  startup_stm32h743xx.o(.text)
    I2C3_ER_IRQHandler                       0x080002cb   Thumb Code     0  startup_stm32h743xx.o(.text)
    I2C3_EV_IRQHandler                       0x080002cb   Thumb Code     0  startup_stm32h743xx.o(.text)
    I2C4_ER_IRQHandler                       0x080002cb   Thumb Code     0  startup_stm32h743xx.o(.text)
    I2C4_EV_IRQHandler                       0x080002cb   Thumb Code     0  startup_stm32h743xx.o(.text)
    JPEG_IRQHandler                          0x080002cb   Thumb Code     0  startup_stm32h743xx.o(.text)
    LPTIM1_IRQHandler                        0x080002cb   Thumb Code     0  startup_stm32h743xx.o(.text)
    LPTIM2_IRQHandler                        0x080002cb   Thumb Code     0  startup_stm32h743xx.o(.text)
    LPTIM3_IRQHandler                        0x080002cb   Thumb Code     0  startup_stm32h743xx.o(.text)
    LPTIM4_IRQHandler                        0x080002cb   Thumb Code     0  startup_stm32h743xx.o(.text)
    LPTIM5_IRQHandler                        0x080002cb   Thumb Code     0  startup_stm32h743xx.o(.text)
    LPUART1_IRQHandler                       0x080002cb   Thumb Code     0  startup_stm32h743xx.o(.text)
    LTDC_ER_IRQHandler                       0x080002cb   Thumb Code     0  startup_stm32h743xx.o(.text)
    LTDC_IRQHandler                          0x080002cb   Thumb Code     0  startup_stm32h743xx.o(.text)
    MDIOS_IRQHandler                         0x080002cb   Thumb Code     0  startup_stm32h743xx.o(.text)
    MDIOS_WKUP_IRQHandler                    0x080002cb   Thumb Code     0  startup_stm32h743xx.o(.text)
    MDMA_IRQHandler                          0x080002cb   Thumb Code     0  startup_stm32h743xx.o(.text)
    OTG_FS_EP1_IN_IRQHandler                 0x080002cb   Thumb Code     0  startup_stm32h743xx.o(.text)
    OTG_FS_EP1_OUT_IRQHandler                0x080002cb   Thumb Code     0  startup_stm32h743xx.o(.text)
    OTG_FS_IRQHandler                        0x080002cb   Thumb Code     0  startup_stm32h743xx.o(.text)
    OTG_FS_WKUP_IRQHandler                   0x080002cb   Thumb Code     0  startup_stm32h743xx.o(.text)
    OTG_HS_EP1_IN_IRQHandler                 0x080002cb   Thumb Code     0  startup_stm32h743xx.o(.text)
    OTG_HS_EP1_OUT_IRQHandler                0x080002cb   Thumb Code     0  startup_stm32h743xx.o(.text)
    OTG_HS_IRQHandler                        0x080002cb   Thumb Code     0  startup_stm32h743xx.o(.text)
    OTG_HS_WKUP_IRQHandler                   0x080002cb   Thumb Code     0  startup_stm32h743xx.o(.text)
    PVD_AVD_IRQHandler                       0x080002cb   Thumb Code     0  startup_stm32h743xx.o(.text)
    QUADSPI_IRQHandler                       0x080002cb   Thumb Code     0  startup_stm32h743xx.o(.text)
    RCC_IRQHandler                           0x080002cb   Thumb Code     0  startup_stm32h743xx.o(.text)
    RNG_IRQHandler                           0x080002cb   Thumb Code     0  startup_stm32h743xx.o(.text)
    RTC_Alarm_IRQHandler                     0x080002cb   Thumb Code     0  startup_stm32h743xx.o(.text)
    RTC_WKUP_IRQHandler                      0x080002cb   Thumb Code     0  startup_stm32h743xx.o(.text)
    SAI1_IRQHandler                          0x080002cb   Thumb Code     0  startup_stm32h743xx.o(.text)
    SAI2_IRQHandler                          0x080002cb   Thumb Code     0  startup_stm32h743xx.o(.text)
    SAI3_IRQHandler                          0x080002cb   Thumb Code     0  startup_stm32h743xx.o(.text)
    SAI4_IRQHandler                          0x080002cb   Thumb Code     0  startup_stm32h743xx.o(.text)
    SDMMC1_IRQHandler                        0x080002cb   Thumb Code     0  startup_stm32h743xx.o(.text)
    SDMMC2_IRQHandler                        0x080002cb   Thumb Code     0  startup_stm32h743xx.o(.text)
    SPDIF_RX_IRQHandler                      0x080002cb   Thumb Code     0  startup_stm32h743xx.o(.text)
    SPI1_IRQHandler                          0x080002cb   Thumb Code     0  startup_stm32h743xx.o(.text)
    SPI2_IRQHandler                          0x080002cb   Thumb Code     0  startup_stm32h743xx.o(.text)
    SPI3_IRQHandler                          0x080002cb   Thumb Code     0  startup_stm32h743xx.o(.text)
    SPI4_IRQHandler                          0x080002cb   Thumb Code     0  startup_stm32h743xx.o(.text)
    SPI5_IRQHandler                          0x080002cb   Thumb Code     0  startup_stm32h743xx.o(.text)
    SPI6_IRQHandler                          0x080002cb   Thumb Code     0  startup_stm32h743xx.o(.text)
    SWPMI1_IRQHandler                        0x080002cb   Thumb Code     0  startup_stm32h743xx.o(.text)
    TAMP_STAMP_IRQHandler                    0x080002cb   Thumb Code     0  startup_stm32h743xx.o(.text)
    TIM15_IRQHandler                         0x080002cb   Thumb Code     0  startup_stm32h743xx.o(.text)
    TIM16_IRQHandler                         0x080002cb   Thumb Code     0  startup_stm32h743xx.o(.text)
    TIM17_IRQHandler                         0x080002cb   Thumb Code     0  startup_stm32h743xx.o(.text)
    TIM1_BRK_IRQHandler                      0x080002cb   Thumb Code     0  startup_stm32h743xx.o(.text)
    TIM1_CC_IRQHandler                       0x080002cb   Thumb Code     0  startup_stm32h743xx.o(.text)
    TIM1_TRG_COM_IRQHandler                  0x080002cb   Thumb Code     0  startup_stm32h743xx.o(.text)
    TIM1_UP_IRQHandler                       0x080002cb   Thumb Code     0  startup_stm32h743xx.o(.text)
    TIM2_IRQHandler                          0x080002cb   Thumb Code     0  startup_stm32h743xx.o(.text)
    TIM3_IRQHandler                          0x080002cb   Thumb Code     0  startup_stm32h743xx.o(.text)
    TIM4_IRQHandler                          0x080002cb   Thumb Code     0  startup_stm32h743xx.o(.text)
    TIM5_IRQHandler                          0x080002cb   Thumb Code     0  startup_stm32h743xx.o(.text)
    TIM8_BRK_TIM12_IRQHandler                0x080002cb   Thumb Code     0  startup_stm32h743xx.o(.text)
    TIM8_CC_IRQHandler                       0x080002cb   Thumb Code     0  startup_stm32h743xx.o(.text)
    TIM8_TRG_COM_TIM14_IRQHandler            0x080002cb   Thumb Code     0  startup_stm32h743xx.o(.text)
    TIM8_UP_TIM13_IRQHandler                 0x080002cb   Thumb Code     0  startup_stm32h743xx.o(.text)
    UART5_IRQHandler                         0x080002cb   Thumb Code     0  startup_stm32h743xx.o(.text)
    UART7_IRQHandler                         0x080002cb   Thumb Code     0  startup_stm32h743xx.o(.text)
    UART8_IRQHandler                         0x080002cb   Thumb Code     0  startup_stm32h743xx.o(.text)
    WAKEUP_PIN_IRQHandler                    0x080002cb   Thumb Code     0  startup_stm32h743xx.o(.text)
    WWDG_IRQHandler                          0x080002cb   Thumb Code     0  startup_stm32h743xx.o(.text)
    __aeabi_uldivmod                         0x080002d5   Thumb Code    98  uldiv.o(.text)
    __aeabi_memcpy                           0x08000337   Thumb Code    36  memcpya.o(.text)
    __aeabi_memcpy4                          0x08000337   Thumb Code     0  memcpya.o(.text)
    __aeabi_memcpy8                          0x08000337   Thumb Code     0  memcpya.o(.text)
    __aeabi_memset                           0x0800035b   Thumb Code    14  memseta.o(.text)
    __aeabi_memset4                          0x0800035b   Thumb Code     0  memseta.o(.text)
    __aeabi_memset8                          0x0800035b   Thumb Code     0  memseta.o(.text)
    __aeabi_memclr                           0x08000369   Thumb Code     4  memseta.o(.text)
    __aeabi_memclr4                          0x08000369   Thumb Code     0  memseta.o(.text)
    __aeabi_memclr8                          0x08000369   Thumb Code     0  memseta.o(.text)
    _memset$wrapper                          0x0800036d   Thumb Code    18  memseta.o(.text)
    strlen                                   0x0800037f   Thumb Code    14  strlen.o(.text)
    __cpp_initialize__aeabi_                 0x0800038d   Thumb Code    22  cpp_init.o(.text)
    __default_new_handler()                  0x080003ad   Thumb Code     4  arm_newhandler_noexceptions.o(.text)
    __aeabi_uidiv                            0x080003b1   Thumb Code     0  uidiv.o(.text)
    __aeabi_uidivmod                         0x080003b1   Thumb Code    44  uidiv.o(.text)
    __aeabi_llsl                             0x080003dd   Thumb Code    30  llshl.o(.text)
    _ll_shift_l                              0x080003dd   Thumb Code     0  llshl.o(.text)
    __aeabi_llsr                             0x080003fb   Thumb Code    32  llushr.o(.text)
    _ll_ushift_r                             0x080003fb   Thumb Code     0  llushr.o(.text)
    __I$use$fp                               0x0800041b   Thumb Code     0  iusefp.o(.text)
    __rt_new_handler_addr                    0x0800041d   Thumb Code     4  cpp_memory.o(.text)
    __rt_eh_globals_addr                     0x08000421   Thumb Code    12  cpp_memory.o(.text)
    __aeabi_dadd                             0x08000431   Thumb Code   322  dadd.o(.text)
    __aeabi_dsub                             0x08000573   Thumb Code     6  dadd.o(.text)
    __aeabi_drsub                            0x08000579   Thumb Code     6  dadd.o(.text)
    __aeabi_dmul                             0x0800057f   Thumb Code   228  dmul.o(.text)
    __aeabi_ddiv                             0x08000663   Thumb Code   222  ddiv.o(.text)
    __aeabi_d2ulz                            0x08000741   Thumb Code    48  dfixul.o(.text)
    __aeabi_cdrcmple                         0x08000771   Thumb Code    48  cdrcmple.o(.text)
    std::terminate()                         0x080007a1   Thumb Code    26  arm_exceptions_terminate.o(.text)
    __scatterload                            0x080007bd   Thumb Code    28  init.o(.text)
    __scatterload_rt2                        0x080007bd   Thumb Code     0  init.o(.text)
    __aeabi_lasr                             0x080007e1   Thumb Code    36  llsshr.o(.text)
    _ll_sshift_r                             0x080007e1   Thumb Code     0  llsshr.o(.text)
    _double_round                            0x08000805   Thumb Code    30  depilogue.o(.text)
    _double_epilogue                         0x08000823   Thumb Code   156  depilogue.o(.text)
    __cxa_get_globals                        0x080008c7   Thumb Code    62  arm_exceptions_globs.o(.text)
    __ARM_exceptions_buffer_init             0x08000911   Thumb Code    18  arm_exceptions_mem.o(.text)
    __ARM_exceptions_buffer_allocate         0x08000923   Thumb Code    22  arm_exceptions_mem.o(.text)
    __ARM_exceptions_buffer_free             0x08000939   Thumb Code    20  arm_exceptions_mem.o(.text)
    BusFault_Handler                         0x0800094d   Thumb Code     2  stm32h7xx_it.o(i.BusFault_Handler)
    DMA1_Stream0_IRQHandler                  0x08000951   Thumb Code     6  stm32h7xx_it.o(i.DMA1_Stream0_IRQHandler)
    DMA1_Stream1_IRQHandler                  0x0800095d   Thumb Code     6  stm32h7xx_it.o(i.DMA1_Stream1_IRQHandler)
    DMA1_Stream2_IRQHandler                  0x08000969   Thumb Code     6  stm32h7xx_it.o(i.DMA1_Stream2_IRQHandler)
    DMA1_Stream3_IRQHandler                  0x08000975   Thumb Code     6  stm32h7xx_it.o(i.DMA1_Stream3_IRQHandler)
    DMA1_Stream4_IRQHandler                  0x08000981   Thumb Code     6  stm32h7xx_it.o(i.DMA1_Stream4_IRQHandler)
    DMA1_Stream5_IRQHandler                  0x0800098d   Thumb Code     6  stm32h7xx_it.o(i.DMA1_Stream5_IRQHandler)
    DMA1_Stream6_IRQHandler                  0x08000999   Thumb Code     6  stm32h7xx_it.o(i.DMA1_Stream6_IRQHandler)
    DMA1_Stream7_IRQHandler                  0x080009a5   Thumb Code     6  stm32h7xx_it.o(i.DMA1_Stream7_IRQHandler)
    DMA2_Stream0_IRQHandler                  0x080009b1   Thumb Code     6  stm32h7xx_it.o(i.DMA2_Stream0_IRQHandler)
    DebugMon_Handler                         0x080009bd   Thumb Code     2  stm32h7xx_it.o(i.DebugMon_Handler)
    Error_Handler                            0x080009bf   Thumb Code     2  main.o(i.Error_Handler)
    HAL_DMA_Abort_IT                         0x080009c1   Thumb Code   422  stm32h7xx_hal_dma.o(i.HAL_DMA_Abort_IT)
    HAL_DMA_IRQHandler                       0x08000b8d   Thumb Code  1762  stm32h7xx_hal_dma.o(i.HAL_DMA_IRQHandler)
    HAL_DMA_Init                             0x0800127d   Thumb Code  1284  stm32h7xx_hal_dma.o(i.HAL_DMA_Init)
    HAL_Delay                                0x08001781   Thumb Code    32  stm32h7xx_hal.o(i.HAL_Delay)
    HAL_GPIO_Init                            0x080017a5   Thumb Code   716  stm32h7xx_hal_gpio.o(i.HAL_GPIO_Init)
    HAL_GPIO_WritePin                        0x08001af9   Thumb Code    46  stm32h7xx_hal_gpio.o(i.HAL_GPIO_WritePin)
    HAL_GetREVID                             0x08001b65   Thumb Code     8  stm32h7xx_hal.o(i.HAL_GetREVID)
    HAL_GetTick                              0x08001b71   Thumb Code     6  stm32h7xx_hal.o(i.HAL_GetTick)
    HAL_I2CEx_ConfigAnalogFilter             0x08001b7d   Thumb Code   142  stm32h7xx_hal_i2c_ex.o(i.HAL_I2CEx_ConfigAnalogFilter)
    HAL_I2CEx_ConfigDigitalFilter            0x08001c59   Thumb Code   134  stm32h7xx_hal_i2c_ex.o(i.HAL_I2CEx_ConfigDigitalFilter)
    HAL_I2C_AbortCpltCallback                0x08001d2d   Thumb Code     2  stm32h7xx_hal_i2c.o(i.HAL_I2C_AbortCpltCallback)
    HAL_I2C_AddrCallback                     0x08001d2f   Thumb Code     2  stm32h7xx_hal_i2c.o(i.HAL_I2C_AddrCallback)
    HAL_I2C_ER_IRQHandler                    0x08001d31   Thumb Code   104  stm32h7xx_hal_i2c.o(i.HAL_I2C_ER_IRQHandler)
    HAL_I2C_EV_IRQHandler                    0x08001d99   Thumb Code    16  stm32h7xx_hal_i2c.o(i.HAL_I2C_EV_IRQHandler)
    HAL_I2C_ErrorCallback                    0x08001da9   Thumb Code     2  stm32h7xx_hal_i2c.o(i.HAL_I2C_ErrorCallback)
    HAL_I2C_Init                             0x08001dad   Thumb Code   372  stm32h7xx_hal_i2c.o(i.HAL_I2C_Init)
    HAL_I2C_ListenCpltCallback               0x08001f6d   Thumb Code     2  stm32h7xx_hal_i2c.o(i.HAL_I2C_ListenCpltCallback)
    HAL_I2C_Master_Receive                   0x08001f71   Thumb Code   282  stm32h7xx_hal_i2c.o(i.HAL_I2C_Master_Receive)
    HAL_I2C_Master_Transmit                  0x08002095   Thumb Code   282  stm32h7xx_hal_i2c.o(i.HAL_I2C_Master_Transmit)
    HAL_I2C_MspInit                          0x080021b9   Thumb Code   212  i2c.o(i.HAL_I2C_MspInit)
    HAL_I2C_SlaveRxCpltCallback              0x080022a1   Thumb Code     2  stm32h7xx_hal_i2c.o(i.HAL_I2C_SlaveRxCpltCallback)
    HAL_I2C_SlaveTxCpltCallback              0x080022a3   Thumb Code     2  stm32h7xx_hal_i2c.o(i.HAL_I2C_SlaveTxCpltCallback)
    HAL_IWDG_Init                            0x080022a5   Thumb Code   178  stm32h7xx_hal_iwdg.o(i.HAL_IWDG_Init)
    HAL_IWDG_Refresh                         0x08002399   Thumb Code    12  stm32h7xx_hal_iwdg.o(i.HAL_IWDG_Refresh)
    HAL_IncTick                              0x080023a5   Thumb Code    12  stm32h7xx_hal.o(i.HAL_IncTick)
    HAL_Init                                 0x080023b5   Thumb Code    72  stm32h7xx_hal.o(i.HAL_Init)
    HAL_InitTick                             0x0800240d   Thumb Code    98  stm32h7xx_hal_timebase_tim.o(i.HAL_InitTick)
    HAL_MspInit                              0x08002481   Thumb Code    22  stm32h7xx_hal_msp.o(i.HAL_MspInit)
    HAL_NVIC_EnableIRQ                       0x0800249d   Thumb Code    40  stm32h7xx_hal_cortex.o(i.HAL_NVIC_EnableIRQ)
    HAL_NVIC_SetPriority                     0x08002501   Thumb Code    92  stm32h7xx_hal_cortex.o(i.HAL_NVIC_SetPriority)
    HAL_NVIC_SetPriorityGrouping             0x0800259d   Thumb Code    58  stm32h7xx_hal_cortex.o(i.HAL_NVIC_SetPriorityGrouping)
    HAL_PWREx_ConfigSupply                   0x0800261d   Thumb Code    92  stm32h7xx_hal_pwr_ex.o(i.HAL_PWREx_ConfigSupply)
    HAL_RCCEx_GetD1SysClockFreq              0x080026b9   Thumb Code    30  stm32h7xx_hal_rcc_ex.o(i.HAL_RCCEx_GetD1SysClockFreq)
    HAL_RCCEx_GetD3PCLK1Freq                 0x080026e5   Thumb Code    26  stm32h7xx_hal_rcc_ex.o(i.HAL_RCCEx_GetD3PCLK1Freq)
    HAL_RCCEx_GetPLL2ClockFreq               0x08002709   Thumb Code   296  stm32h7xx_hal_rcc_ex.o(i.HAL_RCCEx_GetPLL2ClockFreq)
    HAL_RCCEx_GetPLL3ClockFreq               0x0800284d   Thumb Code   296  stm32h7xx_hal_rcc_ex.o(i.HAL_RCCEx_GetPLL3ClockFreq)
    HAL_RCCEx_PeriphCLKConfig                0x08002991   Thumb Code  3122  stm32h7xx_hal_rcc_ex.o(i.HAL_RCCEx_PeriphCLKConfig)
    HAL_RCC_ClockConfig                      0x080035c9   Thumb Code  1156  stm32h7xx_hal_rcc.o(i.HAL_RCC_ClockConfig)
    HAL_RCC_GetClockConfig                   0x08003a55   Thumb Code    84  stm32h7xx_hal_rcc.o(i.HAL_RCC_GetClockConfig)
    HAL_RCC_GetHCLKFreq                      0x08003ab1   Thumb Code    30  stm32h7xx_hal_rcc.o(i.HAL_RCC_GetHCLKFreq)
    HAL_RCC_GetPCLK1Freq                     0x08003add   Thumb Code    26  stm32h7xx_hal_rcc.o(i.HAL_RCC_GetPCLK1Freq)
    HAL_RCC_GetPCLK2Freq                     0x08003b01   Thumb Code    26  stm32h7xx_hal_rcc.o(i.HAL_RCC_GetPCLK2Freq)
    HAL_RCC_GetSysClockFreq                  0x08003b25   Thumb Code   278  stm32h7xx_hal_rcc.o(i.HAL_RCC_GetSysClockFreq)
    HAL_RCC_OscConfig                        0x08003c5d   Thumb Code  1666  stm32h7xx_hal_rcc.o(i.HAL_RCC_OscConfig)
    HAL_SPI_Init                             0x080042e5   Thumb Code   790  stm32h7xx_hal_spi.o(i.HAL_SPI_Init)
    HAL_SPI_MspInit                          0x0800464d   Thumb Code   126  spi.o(i.HAL_SPI_MspInit)
    HAL_TIMEx_Break2Callback                 0x080046dd   Thumb Code     2  stm32h7xx_hal_tim_ex.o(i.HAL_TIMEx_Break2Callback)
    HAL_TIMEx_BreakCallback                  0x080046df   Thumb Code     2  stm32h7xx_hal_tim_ex.o(i.HAL_TIMEx_BreakCallback)
    HAL_TIMEx_CommutCallback                 0x080046e1   Thumb Code     2  stm32h7xx_hal_tim_ex.o(i.HAL_TIMEx_CommutCallback)
    HAL_TIMEx_ConfigBreakDeadTime            0x080046e5   Thumb Code   418  stm32h7xx_hal_tim_ex.o(i.HAL_TIMEx_ConfigBreakDeadTime)
    HAL_TIMEx_MasterConfigSynchronization    0x080048d9   Thumb Code   324  stm32h7xx_hal_tim_ex.o(i.HAL_TIMEx_MasterConfigSynchronization)
    HAL_TIM_Base_Init                        0x08004a75   Thumb Code   224  stm32h7xx_hal_tim.o(i.HAL_TIM_Base_Init)
    HAL_TIM_Base_MspInit                     0x08004bc1   Thumb Code    76  tim.o(i.HAL_TIM_Base_MspInit)
    HAL_TIM_Base_Start_IT                    0x08004c19   Thumb Code   140  stm32h7xx_hal_tim.o(i.HAL_TIM_Base_Start_IT)
    HAL_TIM_ConfigClockSource                0x08004d15   Thumb Code   926  stm32h7xx_hal_tim.o(i.HAL_TIM_ConfigClockSource)
    HAL_TIM_Encoder_Init                     0x08005125   Thumb Code   500  stm32h7xx_hal_tim.o(i.HAL_TIM_Encoder_Init)
    HAL_TIM_Encoder_MspInit                  0x08005371   Thumb Code   324  tim.o(i.HAL_TIM_Encoder_MspInit)
    HAL_TIM_Encoder_Start                    0x080054d1   Thumb Code   114  stm32h7xx_hal_tim.o(i.HAL_TIM_Encoder_Start)
    HAL_TIM_IC_CaptureCallback               0x08005599   Thumb Code     2  stm32h7xx_hal_tim.o(i.HAL_TIM_IC_CaptureCallback)
    HAL_TIM_IRQHandler                       0x0800559b   Thumb Code   386  stm32h7xx_hal_tim.o(i.HAL_TIM_IRQHandler)
    HAL_TIM_MspPostInit                      0x0800571d   Thumb Code    72  tim.o(i.HAL_TIM_MspPostInit)
    HAL_TIM_OC_ConfigChannel                 0x08005771   Thumb Code   518  stm32h7xx_hal_tim.o(i.HAL_TIM_OC_ConfigChannel)
    HAL_TIM_OC_DelayElapsedCallback          0x080059dd   Thumb Code     2  stm32h7xx_hal_tim.o(i.HAL_TIM_OC_DelayElapsedCallback)
    HAL_TIM_OC_Init                          0x080059e1   Thumb Code   224  stm32h7xx_hal_tim.o(i.HAL_TIM_OC_Init)
    HAL_TIM_OC_MspInit                       0x08005b2d   Thumb Code     2  stm32h7xx_hal_tim.o(i.HAL_TIM_OC_MspInit)
    HAL_TIM_PWM_ConfigChannel                0x08005b31   Thumb Code   722  stm32h7xx_hal_tim.o(i.HAL_TIM_PWM_ConfigChannel)
    HAL_TIM_PWM_Init                         0x08005e69   Thumb Code   224  stm32h7xx_hal_tim.o(i.HAL_TIM_PWM_Init)
    HAL_TIM_PWM_MspInit                      0x08005fb5   Thumb Code     2  stm32h7xx_hal_tim.o(i.HAL_TIM_PWM_MspInit)
    HAL_TIM_PWM_PulseFinishedCallback        0x08005fb7   Thumb Code     2  stm32h7xx_hal_tim.o(i.HAL_TIM_PWM_PulseFinishedCallback)
    HAL_TIM_PWM_Start                        0x08005fb9   Thumb Code   302  stm32h7xx_hal_tim.o(i.HAL_TIM_PWM_Start)
    HAL_TIM_PeriodElapsedCallback            0x08006151   Thumb Code    60  main.o(i.HAL_TIM_PeriodElapsedCallback)
    HAL_TIM_TriggerCallback                  0x080061a9   Thumb Code     2  stm32h7xx_hal_tim.o(i.HAL_TIM_TriggerCallback)
    HAL_UARTEx_DisableFifoMode               0x080061ad   Thumb Code   126  stm32h7xx_hal_uart_ex.o(i.HAL_UARTEx_DisableFifoMode)
    HAL_UARTEx_RxFifoFullCallback            0x08006289   Thumb Code     2  stm32h7xx_hal_uart_ex.o(i.HAL_UARTEx_RxFifoFullCallback)
    HAL_UARTEx_SetRxFifoThreshold            0x0800628d   Thumb Code   180  stm32h7xx_hal_uart_ex.o(i.HAL_UARTEx_SetRxFifoThreshold)
    HAL_UARTEx_SetTxFifoThreshold            0x0800639d   Thumb Code   180  stm32h7xx_hal_uart_ex.o(i.HAL_UARTEx_SetTxFifoThreshold)
    HAL_UARTEx_TxFifoEmptyCallback           0x080064ad   Thumb Code     2  stm32h7xx_hal_uart_ex.o(i.HAL_UARTEx_TxFifoEmptyCallback)
    HAL_UARTEx_WakeupCallback                0x080064af   Thumb Code     2  stm32h7xx_hal_uart_ex.o(i.HAL_UARTEx_WakeupCallback)
    HAL_UART_ErrorCallback                   0x080064b1   Thumb Code     2  stm32h7xx_hal_uart.o(i.HAL_UART_ErrorCallback)
    HAL_UART_GetState                        0x080064b3   Thumb Code    14  stm32h7xx_hal_uart.o(i.HAL_UART_GetState)
    HAL_UART_IRQHandler                      0x080064c1   Thumb Code   402  stm32h7xx_hal_uart.o(i.HAL_UART_IRQHandler)
    HAL_UART_Init                            0x0800665d   Thumb Code   228  stm32h7xx_hal_uart.o(i.HAL_UART_Init)
    HAL_UART_MspInit                         0x080067a1   Thumb Code   916  usart.o(i.HAL_UART_MspInit)
    HAL_UART_Receive_IT                      0x08006b71   Thumb Code   212  stm32h7xx_hal_uart.o(i.HAL_UART_Receive_IT)
    HAL_UART_RxCpltCallback                  0x08006c55   Thumb Code   214  user_comm.o(i.HAL_UART_RxCpltCallback)
    HAL_UART_Transmit                        0x08006d69   Thumb Code   170  stm32h7xx_hal_uart.o(i.HAL_UART_Transmit)
    HAL_UART_TxCpltCallback                  0x08006e13   Thumb Code     2  stm32h7xx_hal_uart.o(i.HAL_UART_TxCpltCallback)
    HardFault_Handler                        0x08006e15   Thumb Code     2  stm32h7xx_it.o(i.HardFault_Handler)
    I2C1_ER_IRQHandler                       0x08006e19   Thumb Code     6  stm32h7xx_it.o(i.I2C1_ER_IRQHandler)
    I2C1_EV_IRQHandler                       0x08006e25   Thumb Code     6  stm32h7xx_it.o(i.I2C1_EV_IRQHandler)
    MX_DMA_Init                              0x08006e31   Thumb Code   184  dma.o(i.MX_DMA_Init)
    MX_GPIO_Init                             0x08006eed   Thumb Code   450  gpio.o(i.MX_GPIO_Init)
    MX_I2C1_Init                             0x080070d1   Thumb Code    76  i2c.o(i.MX_I2C1_Init)
    MX_IWDG1_Init                            0x08007129   Thumb Code    38  iwdg.o(i.MX_IWDG1_Init)
    MX_SPI1_Init                             0x08007159   Thumb Code    82  spi.o(i.MX_SPI1_Init)
    MX_TIM1_Init                             0x080071b5   Thumb Code   268  tim.o(i.MX_TIM1_Init)
    MX_TIM2_Init                             0x080072c9   Thumb Code    98  tim.o(i.MX_TIM2_Init)
    MX_TIM3_Init                             0x08007331   Thumb Code    96  tim.o(i.MX_TIM3_Init)
    MX_TIM4_Init                             0x08007399   Thumb Code    96  tim.o(i.MX_TIM4_Init)
    MX_TIM5_Init                             0x08007401   Thumb Code    96  tim.o(i.MX_TIM5_Init)
    MX_TIM6_Init                             0x08007469   Thumb Code    62  tim.o(i.MX_TIM6_Init)
    MX_UART4_Init                            0x080074b1   Thumb Code    94  usart.o(i.MX_UART4_Init)
    MX_USART1_UART_Init                      0x08007519   Thumb Code    94  usart.o(i.MX_USART1_UART_Init)
    MX_USART2_UART_Init                      0x08007581   Thumb Code    94  usart.o(i.MX_USART2_UART_Init)
    MX_USART3_UART_Init                      0x080075e9   Thumb Code    94  usart.o(i.MX_USART3_UART_Init)
    MX_USART6_UART_Init                      0x08007651   Thumb Code    94  usart.o(i.MX_USART6_UART_Init)
    MemManage_Handler                        0x080076b9   Thumb Code     2  stm32h7xx_it.o(i.MemManage_Handler)
    NMI_Handler                              0x080076bb   Thumb Code     2  stm32h7xx_it.o(i.NMI_Handler)
    PendSV_Handler                           0x080076bd   Thumb Code     2  stm32h7xx_it.o(i.PendSV_Handler)
    SVC_Handler                              0x080076bf   Thumb Code     2  stm32h7xx_it.o(i.SVC_Handler)
    SysTick_Handler                          0x080076c1   Thumb Code     2  stm32h7xx_it.o(i.SysTick_Handler)
    SystemInit                               0x080076c5   Thumb Code   134  system_stm32h7xx.o(i.SystemInit)
    TIM6_DAC_IRQHandler                      0x08007761   Thumb Code     6  stm32h7xx_it.o(i.TIM6_DAC_IRQHandler)
    TIM7_IRQHandler                          0x0800776d   Thumb Code     6  stm32h7xx_it.o(i.TIM7_IRQHandler)
    TIM_Base_SetConfig                       0x08007779   Thumb Code   162  stm32h7xx_hal_tim.o(i.TIM_Base_SetConfig)
    TIM_CCxChannelCmd                        0x0800783d   Thumb Code   150  stm32h7xx_hal_tim.o(i.TIM_CCxChannelCmd)
    TIM_ETR_SetConfig                        0x08007939   Thumb Code    18  stm32h7xx_hal_tim.o(i.TIM_ETR_SetConfig)
    TIM_OC2_SetConfig                        0x0800794d   Thumb Code   196  stm32h7xx_hal_tim.o(i.TIM_OC2_SetConfig)
    UART4_IRQHandler                         0x08007a61   Thumb Code     6  stm32h7xx_it.o(i.UART4_IRQHandler)
    UART_AdvFeatureConfig                    0x08007a6d   Thumb Code   472  stm32h7xx_hal_uart.o(i.UART_AdvFeatureConfig)
    UART_CheckIdleState                      0x08007ca1   Thumb Code    94  stm32h7xx_hal_uart.o(i.UART_CheckIdleState)
    UART_SetConfig                           0x08007d01   Thumb Code  3584  stm32h7xx_hal_uart.o(i.UART_SetConfig)
    UART_WaitOnFlagUntilTimeout              0x08008b05   Thumb Code   100  stm32h7xx_hal_uart.o(i.UART_WaitOnFlagUntilTimeout)
    USART1_IRQHandler                        0x08008b69   Thumb Code     6  stm32h7xx_it.o(i.USART1_IRQHandler)
    USART2_IRQHandler                        0x08008b75   Thumb Code     6  stm32h7xx_it.o(i.USART2_IRQHandler)
    USART3_IRQHandler                        0x08008b81   Thumb Code     6  stm32h7xx_it.o(i.USART3_IRQHandler)
    USART6_IRQHandler                        0x08008b8d   Thumb Code     6  stm32h7xx_it.o(i.USART6_IRQHandler)
    UsageFault_Handler                       0x08008b99   Thumb Code     2  stm32h7xx_it.o(i.UsageFault_Handler)
    I2C_Write8(unsigned char, unsigned char) 0x08008b9d   Thumb Code    28  tj_mpu6050.o(i._Z10I2C_Write8hh)
    MPU6050_init2(__I2C_HandleTypeDef*, MPU_ConfigTypeDef*) 0x08008cc5   Thumb Code    24  tj_mpu6050.o(i._Z13MPU6050_init2P19__I2C_HandleTypeDefP17MPU_ConfigTypeDef)
    MPU6050_Config(MPU_ConfigTypeDef*)       0x08008d8d   Thumb Code   180  tj_mpu6050.o(i._Z14MPU6050_ConfigP17MPU_ConfigTypeDef)
    serial2_ros_data()                       0x08009285   Thumb Code   278  user_system.o(i._Z16serial2_ros_datav)
    user_system_init()                       0x080093bd   Thumb Code   116  user_system.o(i._Z16user_system_initv)
    SystemClock_Config()                     0x08009d9d   Thumb Code   178  main.o(i._Z18SystemClock_Configv)
    user_system_thread_0()                   0x08009ecd   Thumb Code   118  user_system.o(i._Z20user_system_thread_0v)
    MPU6050_Set_SMPRT_DIV(unsigned char)     0x08009f81   Thumb Code     8  tj_mpu6050.o(i._Z21MPU6050_Set_SMPRT_DIVh)
    MPU6050_Get_Gyro_Scale(ScaledData_Def*)  0x08009f89   Thumb Code    78  tj_mpu6050.o(i._Z22MPU6050_Get_Gyro_ScaleP14ScaledData_Def)
    MPU6050_Get_Accel_Scale(ScaledData_Def*) 0x0800a1bd   Thumb Code    78  tj_mpu6050.o(i._Z23MPU6050_Get_Accel_ScaleP14ScaledData_Def)
    MPU6050_Get_Gyro_RawData(RawData_Def*)   0x0800a2b5   Thumb Code    16  tj_mpu6050.o(i._Z24MPU6050_Get_Gyro_RawDataP11RawData_Def)
    MPU6050_Get_Accel_RawData(RawData_Def*)  0x0800a311   Thumb Code   136  tj_mpu6050.o(i._Z25MPU6050_Get_Accel_RawDataP11RawData_Def)
    get_inc(float&, float, float)            0x0800a695   Thumb Code    62  user_system.o(i._Z7get_incRfff)
    I2C_Read(unsigned char, unsigned char*, unsigned char) 0x0800a6d5   Thumb Code    46  tj_mpu6050.o(i._Z8I2C_ReadhPhh)
    IIC_Init()                               0x0800a709   Thumb Code    20  user_gpio_i2c.o(i._Z8IIC_Initv)
    READ_DMP2()                              0x0800a725   Thumb Code   538  read_dmp.o(i._Z9READ_DMP2v)
    robot_base::velocity_to_RPM(float, float) 0x0800a955   Thumb Code   150  user_robot_base_2.o(i._ZN10robot_base15velocity_to_RPMEff)
    robot_base::run()                        0x0800aa01   Thumb Code   100  user_robot_base_2.o(i._ZN10robot_base3runEv)
    robot_base::robot_base()                 0x0800aa79   Thumb Code   100  user_robot_base_2.o(i._ZN10robot_baseC1Ev)
    robot_base::robot_base__sub_object()     0x0800aa79   Thumb Code     0  user_robot_base_2.o(i._ZN10robot_baseC1Ev)
    motor_driver::spin(short)                0x0800aaf1   Thumb Code   220  driver_motor.o(i._ZN12motor_driver4spinEs)
    motor_driver::set_rpm(float)             0x0800abcd   Thumb Code    56  driver_motor.o(i._ZN12motor_driver7set_rpmEf)
    motor_driver::motor_driver(TIM_HandleTypeDef&, signed char, TIM_HandleTypeDef&, unsigned, unsigned short, GPIO_TypeDef*, unsigned short, unsigned short) 0x0800ac09   Thumb Code   154  driver_motor.o(i._ZN12motor_driverC1ER17TIM_HandleTypeDefaS1_jtP12GPIO_TypeDeftt)
    motor_driver::motor_driver__sub_object(TIM_HandleTypeDef&, signed char, TIM_HandleTypeDef&, unsigned, unsigned short, GPIO_TypeDef*, unsigned short, unsigned short) 0x0800ac09   Thumb Code     0  driver_motor.o(i._ZN12motor_driverC1ER17TIM_HandleTypeDefaS1_jtP12GPIO_TypeDeftt)
    std::sqrt(float)                         0x0800acad   Thumb Code     4  read_dmp.o(i._ZSt4sqrtf)
    std::atan2(float, float)                 0x0800acb1   Thumb Code     4  imu_dmp.o(i._ZSt5atan2ff)
    operator new(unsigned)                   0x0800acb5   Thumb Code    34  new.o(i._Znwj)
    __0vsprintf                              0x0800acdd   Thumb Code    30  printfa.o(i.__0vsprintf)
    __1vsprintf                              0x0800acdd   Thumb Code     0  printfa.o(i.__0vsprintf)
    __2vsprintf                              0x0800acdd   Thumb Code     0  printfa.o(i.__0vsprintf)
    __c89vsprintf                            0x0800acdd   Thumb Code     0  printfa.o(i.__0vsprintf)
    vsprintf                                 0x0800acdd   Thumb Code     0  printfa.o(i.__0vsprintf)
    __ARM_fpclassifyf                        0x0800ad01   Thumb Code    38  fpclassifyf.o(i.__ARM_fpclassifyf)
    __hardfp_asinf                           0x0800ad29   Thumb Code   258  asinf.o(i.__hardfp_asinf)
    __hardfp_atan2f                          0x0800ae61   Thumb Code   502  atan2f.o(i.__hardfp_atan2f)
    __hardfp_sqrtf                           0x0800b0b9   Thumb Code    58  sqrtf.o(i.__hardfp_sqrtf)
    __mathlib_flt_infnan                     0x0800b0f3   Thumb Code     6  funder.o(i.__mathlib_flt_infnan)
    __mathlib_flt_infnan2                    0x0800b0f9   Thumb Code     6  funder.o(i.__mathlib_flt_infnan2)
    __mathlib_flt_invalid                    0x0800b101   Thumb Code    10  funder.o(i.__mathlib_flt_invalid)
    __mathlib_flt_underflow                  0x0800b111   Thumb Code    10  funder.o(i.__mathlib_flt_underflow)
    __scatterload_copy                       0x0800b121   Thumb Code    14  handlers.o(i.__scatterload_copy)
    __scatterload_null                       0x0800b12f   Thumb Code     2  handlers.o(i.__scatterload_null)
    __scatterload_zeroinit                   0x0800b131   Thumb Code    14  handlers.o(i.__scatterload_zeroinit)
    __set_errno                              0x0800b141   Thumb Code     6  errno.o(i.__set_errno)
    assert_failed                            0x0800ba51   Thumb Code     2  main.o(i.assert_failed)
    main                                     0x0800ba53   Thumb Code    82  main.o(i.main)
    malloc                                   0x0800baa5   Thumb Code    92  malloc.o(i.malloc)
    print_usart1                             0x0800bb11   Thumb Code    54  user_comm.o(i.print_usart1)
    sqrtf                                    0x0800bb51   Thumb Code    62  sqrtf.o(i.sqrtf)
    user_comm_init                           0x0800bb91   Thumb Code    34  user_comm.o(i.user_comm_init)
    D1CorePrescTable                         0x0800bbc4   Data          16  system_stm32h7xx.o(.constdata)
    Region$$Table$$Base                      0x0800bc28   Number         0  anon$$obj.o(Region$$Table)
    Region$$Table$$Limit                     0x0800bc48   Number         0  anon$$obj.o(Region$$Table)
    SHT$$INIT_ARRAY$$Base                    0x0800bc48   Number         0  user_system.o(.init_array)
    SHT$$INIT_ARRAY$$Limit                   0x0800bc50   Number         0  cpp_init.o(.init_array)
    SystemCoreClock                          0x2000000c   Data           4  system_stm32h7xx.o(.data)
    SystemD2Clock                            0x20000010   Data           4  system_stm32h7xx.o(.data)
    cmd_flag                                 0x20000014   Data           1  user_system.o(.data)
    cmd_liner_vel_x                          0x20000018   Data           4  user_system.o(.data)
    cmd_angular_rad_z                        0x2000001c   Data           4  user_system.o(.data)
    set_p                                    0x20000020   Data           4  user_system.o(.data)
    set_i                                    0x20000024   Data           4  user_system.o(.data)
    set_d                                    0x20000028   Data           4  user_system.o(.data)
    loop_tick                                0x2000002c   Data           4  user_system.o(.data)
    xrobot                                   0x20000030   Data           4  user_system.o(.data)
    myMpuConfig                              0x20000034   Data           5  user_system.o(.data)
    cmd_liner_vel_y                          0x20000048   Data           4  user_system.o(.data)
    motor_driver::_p                         0x2000004c   Data           4  driver_motor.o(.data)
    motor_driver::_i                         0x20000050   Data           4  driver_motor.o(.data)
    motor_driver::_d                         0x20000054   Data           4  driver_motor.o(.data)
    motor_driver::_ticks_per_rev             0x20000058   Data           4  driver_motor.o(.data)
    motor_driver::_motor_max_rpm             0x2000005c   Data           4  driver_motor.o(.data)
    robot_base::wheel_circumference          0x20000060   Data           4  user_robot_base_2.o(.data)
    robot_base::wgeel_base_width             0x20000064   Data           4  user_robot_base_2.o(.data)
    gpio_i2c_scl_pin                         0x20000074   Data           2  user_gpio_i2c.o(.data)
    gpio_i2c_sda_pin                         0x20000076   Data           2  user_gpio_i2c.o(.data)
    gpio_i2c_scl_gpiox                       0x20000078   Data           4  user_gpio_i2c.o(.data)
    gpio_i2c_sda_gpiox                       0x2000007c   Data           4  user_gpio_i2c.o(.data)
    RPY1                                     0x200000c8   Data           4  read_dmp.o(.data)
    q_new                                    0x200000cc   Data           4  read_dmp.o(.data)
    q0                                       0x200000d0   Data           4  read_dmp.o(.data)
    q1                                       0x200000d4   Data           4  read_dmp.o(.data)
    q2                                       0x200000d8   Data           4  read_dmp.o(.data)
    q3                                       0x200000dc   Data           4  read_dmp.o(.data)
    exInt                                    0x200000e0   Data           4  read_dmp.o(.data)
    eyInt                                    0x200000e4   Data           4  read_dmp.o(.data)
    ezInt                                    0x200000e8   Data           4  read_dmp.o(.data)
    __microlib_freelist                      0x200000fc   Data           4  mvars.o(.data)
    __microlib_freelist_initialised          0x20000100   Data           4  mvars.o(.data)
    hi2c1                                    0x20000104   Data          76  i2c.o(.bss)
    hdma_i2c1_rx                             0x20000150   Data         120  i2c.o(.bss)
    hdma_i2c1_tx                             0x200001c8   Data         120  i2c.o(.bss)
    hiwdg1                                   0x20000240   Data          16  iwdg.o(.bss)
    hspi1                                    0x20000250   Data         136  spi.o(.bss)
    htim1                                    0x200002d8   Data          64  tim.o(.bss)
    htim2                                    0x20000318   Data          64  tim.o(.bss)
    htim3                                    0x20000358   Data          64  tim.o(.bss)
    htim4                                    0x20000398   Data          64  tim.o(.bss)
    htim5                                    0x200003d8   Data          64  tim.o(.bss)
    htim6                                    0x20000418   Data          64  tim.o(.bss)
    huart4                                   0x20000458   Data         140  usart.o(.bss)
    huart1                                   0x200004e4   Data         140  usart.o(.bss)
    huart2                                   0x20000570   Data         140  usart.o(.bss)
    huart3                                   0x200005fc   Data         140  usart.o(.bss)
    huart6                                   0x20000688   Data         140  usart.o(.bss)
    hdma_uart4_tx                            0x20000714   Data         120  usart.o(.bss)
    hdma_usart1_rx                           0x2000078c   Data         120  usart.o(.bss)
    hdma_usart1_tx                           0x20000804   Data         120  usart.o(.bss)
    hdma_usart3_rx                           0x2000087c   Data         120  usart.o(.bss)
    hdma_usart3_tx                           0x200008f4   Data         120  usart.o(.bss)
    hdma_usart6_rx                           0x2000096c   Data         120  usart.o(.bss)
    hdma_usart6_tx                           0x200009e4   Data         120  usart.o(.bss)
    htim7                                    0x20000a5c   Data          64  stm32h7xx_hal_timebase_tim.o(.bss)
    serial_rx_data                           0x20000b6b   Data          79  user_comm.o(.bss)
    chip_cfgt                                0x20000bba   Data          32  inv_mpu.o(.bss)
    quat_rpy1                                0x20000c28   Data          28  read_dmp.o(.bss)
    myAccelScaled2                           0x20000c44   Data          12  read_dmp.o(.bss)
    myGyroScaled2                            0x20000c50   Data          12  read_dmp.o(.bss)
    __heap_base                              0x20000c60   Data           0  startup_stm32h743xx.o(HEAP)
    __heap_limit                             0x20000e60   Data           0  startup_stm32h743xx.o(HEAP)
    __initial_sp                             0x20001260   Data           0  startup_stm32h743xx.o(STACK)



==============================================================================

Memory Map of the image

  Image Entry point : 0x08000299

  Load Region LR_IROM1 (Base: 0x08000000, Size: 0x0000bd54, Max: 0x00200000, ABSOLUTE)

    Execution Region ER_IROM1 (Exec base: 0x08000000, Load base: 0x08000000, Size: 0x0000bc50, Max: 0x00200000, ABSOLUTE)

    Exec Addr    Load Addr    Size         Type   Attr      Idx    E Section Name        Object

    0x08000000   0x08000000   0x00000298   Data   RO            3    RESET               startup_stm32h743xx.o
    0x08000298   0x08000298   0x00000000   Code   RO         7469  * .ARM.Collect$$$$00000000  mc_w.l(entry.o)
    0x08000298   0x08000298   0x00000004   Code   RO         7554    .ARM.Collect$$$$00000001  mc_w.l(entry2.o)
    0x0800029c   0x0800029c   0x00000004   Code   RO         7557    .ARM.Collect$$$$00000004  mc_w.l(entry5.o)
    0x080002a0   0x080002a0   0x00000000   Code   RO         7559    .ARM.Collect$$$$00000008  mc_w.l(entry7b.o)
    0x080002a0   0x080002a0   0x00000004   Code   RO         7560    .ARM.Collect$$$$00000009  mc_w.l(entry8a.o)
    0x080002a4   0x080002a4   0x00000000   Code   RO         7561    .ARM.Collect$$$$0000000A  mc_w.l(entry8b.o)
    0x080002a4   0x080002a4   0x00000008   Code   RO         7562    .ARM.Collect$$$$0000000B  mc_w.l(entry9a.o)
    0x080002ac   0x080002ac   0x00000000   Code   RO         7564    .ARM.Collect$$$$0000000D  mc_w.l(entry10a.o)
    0x080002ac   0x080002ac   0x00000000   Code   RO         7566    .ARM.Collect$$$$0000000F  mc_w.l(entry11a.o)
    0x080002ac   0x080002ac   0x00000004   Code   RO         7555    .ARM.Collect$$$$00002712  mc_w.l(entry2.o)
    0x080002b0   0x080002b0   0x00000024   Code   RO            4    .text               startup_stm32h743xx.o
    0x080002d4   0x080002d4   0x00000062   Code   RO         7472    .text               mc_w.l(uldiv.o)
    0x08000336   0x08000336   0x00000024   Code   RO         7476    .text               mc_w.l(memcpya.o)
    0x0800035a   0x0800035a   0x00000024   Code   RO         7478    .text               mc_w.l(memseta.o)
    0x0800037e   0x0800037e   0x0000000e   Code   RO         7480    .text               mc_w.l(strlen.o)
    0x0800038c   0x0800038c   0x00000020   Code   RO         7517    .text               mc_w.l(cpp_init.o)
    0x080003ac   0x080003ac   0x00000004   Code   RO         7522    .text               cpprt_w.l(arm_newhandler_noexceptions.o)
    0x080003b0   0x080003b0   0x0000002c   Code   RO         7571    .text               mc_w.l(uidiv.o)
    0x080003dc   0x080003dc   0x0000001e   Code   RO         7573    .text               mc_w.l(llshl.o)
    0x080003fa   0x080003fa   0x00000020   Code   RO         7575    .text               mc_w.l(llushr.o)
    0x0800041a   0x0800041a   0x00000000   Code   RO         7612    .text               mc_w.l(iusefp.o)
    0x0800041a   0x0800041a   0x00000002   PAD
    0x0800041c   0x0800041c   0x00000014   Code   RO         7613    .text               mc_w.l(cpp_memory.o)
    0x08000430   0x08000430   0x0000014e   Code   RO         7616    .text               mf_w.l(dadd.o)
    0x0800057e   0x0800057e   0x000000e4   Code   RO         7618    .text               mf_w.l(dmul.o)
    0x08000662   0x08000662   0x000000de   Code   RO         7620    .text               mf_w.l(ddiv.o)
    0x08000740   0x08000740   0x00000030   Code   RO         7622    .text               mf_w.l(dfixul.o)
    0x08000770   0x08000770   0x00000030   Code   RO         7624    .text               mf_w.l(cdrcmple.o)
    0x080007a0   0x080007a0   0x0000001a   Code   RO         7745    .text               cpprt_w.l(arm_exceptions_terminate.o)
    0x080007ba   0x080007ba   0x00000002   PAD
    0x080007bc   0x080007bc   0x00000024   Code   RO         7751    .text               mc_w.l(init.o)
    0x080007e0   0x080007e0   0x00000024   Code   RO         7754    .text               mc_w.l(llsshr.o)
    0x08000804   0x08000804   0x000000ba   Code   RO         7759    .text               mf_w.l(depilogue.o)
    0x080008be   0x080008be   0x00000002   PAD
    0x080008c0   0x080008c0   0x00000050   Code   RO         7777    .text               cpprt_w.l(arm_exceptions_globs.o)
    0x08000910   0x08000910   0x0000003c   Code   RO         7792    .text               cpprt_w.l(arm_exceptions_mem.o)
    0x0800094c   0x0800094c   0x00000002   Code   RO          693    i.BusFault_Handler  stm32h7xx_it.o
    0x0800094e   0x0800094e   0x00000002   PAD
    0x08000950   0x08000950   0x0000000c   Code   RO          694    i.DMA1_Stream0_IRQHandler  stm32h7xx_it.o
    0x0800095c   0x0800095c   0x0000000c   Code   RO          695    i.DMA1_Stream1_IRQHandler  stm32h7xx_it.o
    0x08000968   0x08000968   0x0000000c   Code   RO          696    i.DMA1_Stream2_IRQHandler  stm32h7xx_it.o
    0x08000974   0x08000974   0x0000000c   Code   RO          697    i.DMA1_Stream3_IRQHandler  stm32h7xx_it.o
    0x08000980   0x08000980   0x0000000c   Code   RO          698    i.DMA1_Stream4_IRQHandler  stm32h7xx_it.o
    0x0800098c   0x0800098c   0x0000000c   Code   RO          699    i.DMA1_Stream5_IRQHandler  stm32h7xx_it.o
    0x08000998   0x08000998   0x0000000c   Code   RO          700    i.DMA1_Stream6_IRQHandler  stm32h7xx_it.o
    0x080009a4   0x080009a4   0x0000000c   Code   RO          701    i.DMA1_Stream7_IRQHandler  stm32h7xx_it.o
    0x080009b0   0x080009b0   0x0000000c   Code   RO          702    i.DMA2_Stream0_IRQHandler  stm32h7xx_it.o
    0x080009bc   0x080009bc   0x00000002   Code   RO          703    i.DebugMon_Handler  stm32h7xx_it.o
    0x080009be   0x080009be   0x00000002   Code   RO           13    i.Error_Handler     main.o
    0x080009c0   0x080009c0   0x000001cc   Code   RO         4657    i.HAL_DMA_Abort_IT  stm32h7xx_hal_dma.o
    0x08000b8c   0x08000b8c   0x000006f0   Code   RO         4661    i.HAL_DMA_IRQHandler  stm32h7xx_hal_dma.o
    0x0800127c   0x0800127c   0x00000504   Code   RO         4662    i.HAL_DMA_Init      stm32h7xx_hal_dma.o
    0x08001780   0x08001780   0x00000024   Code   RO         5474    i.HAL_Delay         stm32h7xx_hal.o
    0x080017a4   0x080017a4   0x00000354   Code   RO         4490    i.HAL_GPIO_Init     stm32h7xx_hal_gpio.o
    0x08001af8   0x08001af8   0x0000006c   Code   RO         4494    i.HAL_GPIO_WritePin  stm32h7xx_hal_gpio.o
    0x08001b64   0x08001b64   0x0000000c   Code   RO         5489    i.HAL_GetREVID      stm32h7xx_hal.o
    0x08001b70   0x08001b70   0x0000000c   Code   RO         5490    i.HAL_GetTick       stm32h7xx_hal.o
    0x08001b7c   0x08001b7c   0x000000dc   Code   RO         1769    i.HAL_I2CEx_ConfigAnalogFilter  stm32h7xx_hal_i2c_ex.o
    0x08001c58   0x08001c58   0x000000d4   Code   RO         1770    i.HAL_I2CEx_ConfigDigitalFilter  stm32h7xx_hal_i2c_ex.o
    0x08001d2c   0x08001d2c   0x00000002   Code   RO         1234    i.HAL_I2C_AbortCpltCallback  stm32h7xx_hal_i2c.o
    0x08001d2e   0x08001d2e   0x00000002   Code   RO         1235    i.HAL_I2C_AddrCallback  stm32h7xx_hal_i2c.o
    0x08001d30   0x08001d30   0x00000068   Code   RO         1238    i.HAL_I2C_ER_IRQHandler  stm32h7xx_hal_i2c.o
    0x08001d98   0x08001d98   0x00000010   Code   RO         1239    i.HAL_I2C_EV_IRQHandler  stm32h7xx_hal_i2c.o
    0x08001da8   0x08001da8   0x00000002   Code   RO         1241    i.HAL_I2C_ErrorCallback  stm32h7xx_hal_i2c.o
    0x08001daa   0x08001daa   0x00000002   PAD
    0x08001dac   0x08001dac   0x000001c0   Code   RO         1245    i.HAL_I2C_Init      stm32h7xx_hal_i2c.o
    0x08001f6c   0x08001f6c   0x00000002   Code   RO         1247    i.HAL_I2C_ListenCpltCallback  stm32h7xx_hal_i2c.o
    0x08001f6e   0x08001f6e   0x00000002   PAD
    0x08001f70   0x08001f70   0x00000124   Code   RO         1251    i.HAL_I2C_Master_Receive  stm32h7xx_hal_i2c.o
    0x08002094   0x08002094   0x00000124   Code   RO         1258    i.HAL_I2C_Master_Transmit  stm32h7xx_hal_i2c.o
    0x080021b8   0x080021b8   0x000000e8   Code   RO          399    i.HAL_I2C_MspInit   i2c.o
    0x080022a0   0x080022a0   0x00000002   Code   RO         1271    i.HAL_I2C_SlaveRxCpltCallback  stm32h7xx_hal_i2c.o
    0x080022a2   0x080022a2   0x00000002   Code   RO         1272    i.HAL_I2C_SlaveTxCpltCallback  stm32h7xx_hal_i2c.o
    0x080022a4   0x080022a4   0x000000f4   Code   RO         1829    i.HAL_IWDG_Init     stm32h7xx_hal_iwdg.o
    0x08002398   0x08002398   0x0000000c   Code   RO         1830    i.HAL_IWDG_Refresh  stm32h7xx_hal_iwdg.o
    0x080023a4   0x080023a4   0x00000010   Code   RO         5493    i.HAL_IncTick       stm32h7xx_hal.o
    0x080023b4   0x080023b4   0x00000058   Code   RO         5494    i.HAL_Init          stm32h7xx_hal.o
    0x0800240c   0x0800240c   0x00000074   Code   RO         1031    i.HAL_InitTick      stm32h7xx_hal_timebase_tim.o
    0x08002480   0x08002480   0x0000001c   Code   RO         1006    i.HAL_MspInit       stm32h7xx_hal_msp.o
    0x0800249c   0x0800249c   0x00000064   Code   RO         1079    i.HAL_NVIC_EnableIRQ  stm32h7xx_hal_cortex.o
    0x08002500   0x08002500   0x0000009c   Code   RO         1085    i.HAL_NVIC_SetPriority  stm32h7xx_hal_cortex.o
    0x0800259c   0x0800259c   0x00000080   Code   RO         1086    i.HAL_NVIC_SetPriorityGrouping  stm32h7xx_hal_cortex.o
    0x0800261c   0x0800261c   0x0000009c   Code   RO         5174    i.HAL_PWREx_ConfigSupply  stm32h7xx_hal_pwr_ex.o
    0x080026b8   0x080026b8   0x0000002c   Code   RO         4044    i.HAL_RCCEx_GetD1SysClockFreq  stm32h7xx_hal_rcc_ex.o
    0x080026e4   0x080026e4   0x00000024   Code   RO         4045    i.HAL_RCCEx_GetD3PCLK1Freq  stm32h7xx_hal_rcc_ex.o
    0x08002708   0x08002708   0x00000144   Code   RO         4047    i.HAL_RCCEx_GetPLL2ClockFreq  stm32h7xx_hal_rcc_ex.o
    0x0800284c   0x0800284c   0x00000144   Code   RO         4048    i.HAL_RCCEx_GetPLL3ClockFreq  stm32h7xx_hal_rcc_ex.o
    0x08002990   0x08002990   0x00000c38   Code   RO         4052    i.HAL_RCCEx_PeriphCLKConfig  stm32h7xx_hal_rcc_ex.o
    0x080035c8   0x080035c8   0x0000048c   Code   RO         3917    i.HAL_RCC_ClockConfig  stm32h7xx_hal_rcc.o
    0x08003a54   0x08003a54   0x0000005c   Code   RO         3921    i.HAL_RCC_GetClockConfig  stm32h7xx_hal_rcc.o
    0x08003ab0   0x08003ab0   0x0000002c   Code   RO         3922    i.HAL_RCC_GetHCLKFreq  stm32h7xx_hal_rcc.o
    0x08003adc   0x08003adc   0x00000024   Code   RO         3924    i.HAL_RCC_GetPCLK1Freq  stm32h7xx_hal_rcc.o
    0x08003b00   0x08003b00   0x00000024   Code   RO         3925    i.HAL_RCC_GetPCLK2Freq  stm32h7xx_hal_rcc.o
    0x08003b24   0x08003b24   0x00000138   Code   RO         3926    i.HAL_RCC_GetSysClockFreq  stm32h7xx_hal_rcc.o
    0x08003c5c   0x08003c5c   0x00000688   Code   RO         3929    i.HAL_RCC_OscConfig  stm32h7xx_hal_rcc.o
    0x080042e4   0x080042e4   0x00000368   Code   RO         1872    i.HAL_SPI_Init      stm32h7xx_hal_spi.o
    0x0800464c   0x0800464c   0x00000090   Code   RO          475    i.HAL_SPI_MspInit   spi.o
    0x080046dc   0x080046dc   0x00000002   Code   RO         3051    i.HAL_TIMEx_Break2Callback  stm32h7xx_hal_tim_ex.o
    0x080046de   0x080046de   0x00000002   Code   RO         3052    i.HAL_TIMEx_BreakCallback  stm32h7xx_hal_tim_ex.o
    0x080046e0   0x080046e0   0x00000002   Code   RO         3053    i.HAL_TIMEx_CommutCallback  stm32h7xx_hal_tim_ex.o
    0x080046e2   0x080046e2   0x00000002   PAD
    0x080046e4   0x080046e4   0x000001f4   Code   RO         3055    i.HAL_TIMEx_ConfigBreakDeadTime  stm32h7xx_hal_tim_ex.o
    0x080048d8   0x080048d8   0x0000019c   Code   RO         3072    i.HAL_TIMEx_MasterConfigSynchronization  stm32h7xx_hal_tim_ex.o
    0x08004a74   0x08004a74   0x0000014c   Code   RO         2237    i.HAL_TIM_Base_Init  stm32h7xx_hal_tim.o
    0x08004bc0   0x08004bc0   0x00000058   Code   RO          520    i.HAL_TIM_Base_MspInit  tim.o
    0x08004c18   0x08004c18   0x000000fc   Code   RO         2242    i.HAL_TIM_Base_Start_IT  stm32h7xx_hal_tim.o
    0x08004d14   0x08004d14   0x00000410   Code   RO         2246    i.HAL_TIM_ConfigClockSource  stm32h7xx_hal_tim.o
    0x08005124   0x08005124   0x0000024c   Code   RO         2257    i.HAL_TIM_Encoder_Init  stm32h7xx_hal_tim.o
    0x08005370   0x08005370   0x00000160   Code   RO          522    i.HAL_TIM_Encoder_MspInit  tim.o
    0x080054d0   0x080054d0   0x000000c8   Code   RO         2260    i.HAL_TIM_Encoder_Start  stm32h7xx_hal_tim.o
    0x08005598   0x08005598   0x00000002   Code   RO         2268    i.HAL_TIM_IC_CaptureCallback  stm32h7xx_hal_tim.o
    0x0800559a   0x0800559a   0x00000182   Code   RO         2282    i.HAL_TIM_IRQHandler  stm32h7xx_hal_tim.o
    0x0800571c   0x0800571c   0x00000054   Code   RO          523    i.HAL_TIM_MspPostInit  tim.o
    0x08005770   0x08005770   0x0000026c   Code   RO         2283    i.HAL_TIM_OC_ConfigChannel  stm32h7xx_hal_tim.o
    0x080059dc   0x080059dc   0x00000002   Code   RO         2285    i.HAL_TIM_OC_DelayElapsedCallback  stm32h7xx_hal_tim.o
    0x080059de   0x080059de   0x00000002   PAD
    0x080059e0   0x080059e0   0x0000014c   Code   RO         2287    i.HAL_TIM_OC_Init   stm32h7xx_hal_tim.o
    0x08005b2c   0x08005b2c   0x00000002   Code   RO         2289    i.HAL_TIM_OC_MspInit  stm32h7xx_hal_tim.o
    0x08005b2e   0x08005b2e   0x00000002   PAD
    0x08005b30   0x08005b30   0x00000338   Code   RO         2306    i.HAL_TIM_PWM_ConfigChannel  stm32h7xx_hal_tim.o
    0x08005e68   0x08005e68   0x0000014c   Code   RO         2309    i.HAL_TIM_PWM_Init  stm32h7xx_hal_tim.o
    0x08005fb4   0x08005fb4   0x00000002   Code   RO         2311    i.HAL_TIM_PWM_MspInit  stm32h7xx_hal_tim.o
    0x08005fb6   0x08005fb6   0x00000002   Code   RO         2312    i.HAL_TIM_PWM_PulseFinishedCallback  stm32h7xx_hal_tim.o
    0x08005fb8   0x08005fb8   0x00000198   Code   RO         2314    i.HAL_TIM_PWM_Start  stm32h7xx_hal_tim.o
    0x08006150   0x08006150   0x00000058   Code   RO           14    i.HAL_TIM_PeriodElapsedCallback  main.o
    0x080061a8   0x080061a8   0x00000002   Code   RO         2325    i.HAL_TIM_TriggerCallback  stm32h7xx_hal_tim.o
    0x080061aa   0x080061aa   0x00000002   PAD
    0x080061ac   0x080061ac   0x000000dc   Code   RO         3810    i.HAL_UARTEx_DisableFifoMode  stm32h7xx_hal_uart_ex.o
    0x08006288   0x08006288   0x00000002   Code   RO         3814    i.HAL_UARTEx_RxFifoFullCallback  stm32h7xx_hal_uart_ex.o
    0x0800628a   0x0800628a   0x00000002   PAD
    0x0800628c   0x0800628c   0x00000110   Code   RO         3815    i.HAL_UARTEx_SetRxFifoThreshold  stm32h7xx_hal_uart_ex.o
    0x0800639c   0x0800639c   0x00000110   Code   RO         3816    i.HAL_UARTEx_SetTxFifoThreshold  stm32h7xx_hal_uart_ex.o
    0x080064ac   0x080064ac   0x00000002   Code   RO         3818    i.HAL_UARTEx_TxFifoEmptyCallback  stm32h7xx_hal_uart_ex.o
    0x080064ae   0x080064ae   0x00000002   Code   RO         3819    i.HAL_UARTEx_WakeupCallback  stm32h7xx_hal_uart_ex.o
    0x080064b0   0x080064b0   0x00000002   Code   RO         3391    i.HAL_UART_ErrorCallback  stm32h7xx_hal_uart.o
    0x080064b2   0x080064b2   0x0000000e   Code   RO         3393    i.HAL_UART_GetState  stm32h7xx_hal_uart.o
    0x080064c0   0x080064c0   0x0000019c   Code   RO         3394    i.HAL_UART_IRQHandler  stm32h7xx_hal_uart.o
    0x0800665c   0x0800665c   0x00000144   Code   RO         3395    i.HAL_UART_Init     stm32h7xx_hal_uart.o
    0x080067a0   0x080067a0   0x000003d0   Code   RO          621    i.HAL_UART_MspInit  usart.o
    0x08006b70   0x08006b70   0x000000e4   Code   RO         3400    i.HAL_UART_Receive_IT  stm32h7xx_hal_uart.o
    0x08006c54   0x08006c54   0x00000114   Code   RO         6088    i.HAL_UART_RxCpltCallback  user_comm.o
    0x08006d68   0x08006d68   0x000000aa   Code   RO         3403    i.HAL_UART_Transmit  stm32h7xx_hal_uart.o
    0x08006e12   0x08006e12   0x00000002   Code   RO         3406    i.HAL_UART_TxCpltCallback  stm32h7xx_hal_uart.o
    0x08006e14   0x08006e14   0x00000002   Code   RO          704    i.HardFault_Handler  stm32h7xx_it.o
    0x08006e16   0x08006e16   0x00000002   PAD
    0x08006e18   0x08006e18   0x0000000c   Code   RO          705    i.I2C1_ER_IRQHandler  stm32h7xx_it.o
    0x08006e24   0x08006e24   0x0000000c   Code   RO          706    i.I2C1_EV_IRQHandler  stm32h7xx_it.o
    0x08006e30   0x08006e30   0x000000bc   Code   RO          373    i.MX_DMA_Init       dma.o
    0x08006eec   0x08006eec   0x000001e4   Code   RO          248    i.MX_GPIO_Init      gpio.o
    0x080070d0   0x080070d0   0x00000058   Code   RO          400    i.MX_I2C1_Init      i2c.o
    0x08007128   0x08007128   0x00000030   Code   RO          443    i.MX_IWDG1_Init     iwdg.o
    0x08007158   0x08007158   0x0000005c   Code   RO          476    i.MX_SPI1_Init      spi.o
    0x080071b4   0x080071b4   0x00000114   Code   RO          524    i.MX_TIM1_Init      tim.o
    0x080072c8   0x080072c8   0x00000068   Code   RO          525    i.MX_TIM2_Init      tim.o
    0x08007330   0x08007330   0x00000068   Code   RO          526    i.MX_TIM3_Init      tim.o
    0x08007398   0x08007398   0x00000068   Code   RO          527    i.MX_TIM4_Init      tim.o
    0x08007400   0x08007400   0x00000068   Code   RO          528    i.MX_TIM5_Init      tim.o
    0x08007468   0x08007468   0x00000048   Code   RO          529    i.MX_TIM6_Init      tim.o
    0x080074b0   0x080074b0   0x00000068   Code   RO          622    i.MX_UART4_Init     usart.o
    0x08007518   0x08007518   0x00000068   Code   RO          623    i.MX_USART1_UART_Init  usart.o
    0x08007580   0x08007580   0x00000068   Code   RO          624    i.MX_USART2_UART_Init  usart.o
    0x080075e8   0x080075e8   0x00000068   Code   RO          625    i.MX_USART3_UART_Init  usart.o
    0x08007650   0x08007650   0x00000068   Code   RO          626    i.MX_USART6_UART_Init  usart.o
    0x080076b8   0x080076b8   0x00000002   Code   RO          707    i.MemManage_Handler  stm32h7xx_it.o
    0x080076ba   0x080076ba   0x00000002   Code   RO          708    i.NMI_Handler       stm32h7xx_it.o
    0x080076bc   0x080076bc   0x00000002   Code   RO          709    i.PendSV_Handler    stm32h7xx_it.o
    0x080076be   0x080076be   0x00000002   Code   RO          710    i.SVC_Handler       stm32h7xx_it.o
    0x080076c0   0x080076c0   0x00000002   Code   RO          711    i.SysTick_Handler   stm32h7xx_it.o
    0x080076c2   0x080076c2   0x00000002   PAD
    0x080076c4   0x080076c4   0x0000009c   Code   RO         5831    i.SystemInit        system_stm32h7xx.o
    0x08007760   0x08007760   0x0000000c   Code   RO          712    i.TIM6_DAC_IRQHandler  stm32h7xx_it.o
    0x0800776c   0x0800776c   0x0000000c   Code   RO          713    i.TIM7_IRQHandler   stm32h7xx_it.o
    0x08007778   0x08007778   0x000000c4   Code   RO         2327    i.TIM_Base_SetConfig  stm32h7xx_hal_tim.o
    0x0800783c   0x0800783c   0x000000fc   Code   RO         2328    i.TIM_CCxChannelCmd  stm32h7xx_hal_tim.o
    0x08007938   0x08007938   0x00000012   Code   RO         2334    i.TIM_ETR_SetConfig  stm32h7xx_hal_tim.o
    0x0800794a   0x0800794a   0x00000002   PAD
    0x0800794c   0x0800794c   0x00000114   Code   RO         2335    i.TIM_OC2_SetConfig  stm32h7xx_hal_tim.o
    0x08007a60   0x08007a60   0x0000000c   Code   RO          714    i.UART4_IRQHandler  stm32h7xx_it.o
    0x08007a6c   0x08007a6c   0x00000234   Code   RO         3408    i.UART_AdvFeatureConfig  stm32h7xx_hal_uart.o
    0x08007ca0   0x08007ca0   0x0000005e   Code   RO         3409    i.UART_CheckIdleState  stm32h7xx_hal_uart.o
    0x08007cfe   0x08007cfe   0x00000002   PAD
    0x08007d00   0x08007d00   0x00000e04   Code   RO         3410    i.UART_SetConfig    stm32h7xx_hal_uart.o
    0x08008b04   0x08008b04   0x00000064   Code   RO         3411    i.UART_WaitOnFlagUntilTimeout  stm32h7xx_hal_uart.o
    0x08008b68   0x08008b68   0x0000000c   Code   RO          715    i.USART1_IRQHandler  stm32h7xx_it.o
    0x08008b74   0x08008b74   0x0000000c   Code   RO          716    i.USART2_IRQHandler  stm32h7xx_it.o
    0x08008b80   0x08008b80   0x0000000c   Code   RO          717    i.USART3_IRQHandler  stm32h7xx_it.o
    0x08008b8c   0x08008b8c   0x0000000c   Code   RO          718    i.USART6_IRQHandler  stm32h7xx_it.o
    0x08008b98   0x08008b98   0x00000002   Code   RO          719    i.UsageFault_Handler  stm32h7xx_it.o
    0x08008b9a   0x08008b9a   0x00000002   PAD
    0x08008b9c   0x08008b9c   0x00000020   Code   RO         7264    i._Z10I2C_Write8hh  tj_mpu6050.o
    0x08008bbc   0x08008bbc   0x000000e0   Code   RO         1283    i._Z11I2C_ITErrorP19__I2C_HandleTypeDefj  stm32h7xx_hal_i2c.o
    0x08008c9c   0x08008c9c   0x00000028   Code   RO         1284    i._Z12I2C_DMAAbortP19__DMA_HandleTypeDef  stm32h7xx_hal_i2c.o
    0x08008cc4   0x08008cc4   0x0000001c   Code   RO         7267    i._Z13MPU6050_init2P19__I2C_HandleTypeDefP17MPU_ConfigTypeDef  tj_mpu6050.o
    0x08008ce0   0x08008ce0   0x00000022   Code   RO         1287    i._Z14I2C_Flush_TXDRP19__I2C_HandleTypeDef  stm32h7xx_hal_i2c.o
    0x08008d02   0x08008d02   0x00000088   Code   RO         1288    i._Z14I2C_ITAddrCpltP19__I2C_HandleTypeDefj  stm32h7xx_hal_i2c.o
    0x08008d8a   0x08008d8a   0x00000002   PAD
    0x08008d8c   0x08008d8c   0x000000d4   Code   RO         7268    i._Z14MPU6050_ConfigP17MPU_ConfigTypeDef  tj_mpu6050.o
    0x08008e60   0x08008e60   0x00000056   Code   RO         1289    i._Z15I2C_Disable_IRQP19__I2C_HandleTypeDeft  stm32h7xx_hal_i2c.o
    0x08008eb6   0x08008eb6   0x00000002   PAD
    0x08008eb8   0x08008eb8   0x00000184   Code   RO         1290    i._Z15I2C_ITSlaveCpltP19__I2C_HandleTypeDefj  stm32h7xx_hal_i2c.o
    0x0800903c   0x0800903c   0x0000005e   Code   RO         3413    i._Z15UART_RxISR_8BITP20__UART_HandleTypeDef  stm32h7xx_hal_uart.o
    0x0800909a   0x0800909a   0x00000002   PAD
    0x0800909c   0x0800909c   0x00000064   Code   RO         1291    i._Z16I2C_ITListenCpltP19__I2C_HandleTypeDefj  stm32h7xx_hal_i2c.o
    0x08009100   0x08009100   0x00000124   Code   RO         1293    i._Z16I2C_Slave_ISR_ITP19__I2C_HandleTypeDefjj  stm32h7xx_hal_i2c.o
    0x08009224   0x08009224   0x0000005e   Code   RO         3415    i._Z16UART_RxISR_16BITP20__UART_HandleTypeDef  stm32h7xx_hal_uart.o
    0x08009282   0x08009282   0x00000002   PAD
    0x08009284   0x08009284   0x00000138   Code   RO         5870    i._Z16serial2_ros_datav  user_system.o
    0x080093bc   0x080093bc   0x000000a4   Code   RO         5871    i._Z16user_system_initv  user_system.o
    0x08009460   0x08009460   0x000001f0   Code   RO         4055    i._Z17RCCEx_PLL2_ConfigP19RCC_PLL2InitTypeDefj  stm32h7xx_hal_rcc_ex.o
    0x08009650   0x08009650   0x000001f8   Code   RO         4056    i._Z17RCCEx_PLL3_ConfigP19RCC_PLL3InitTypeDefj  stm32h7xx_hal_rcc_ex.o
    0x08009848   0x08009848   0x00000120   Code   RO         2337    i._Z17TIM_OC1_SetConfigP11TIM_TypeDefP18TIM_OC_InitTypeDef  stm32h7xx_hal_tim.o
    0x08009968   0x08009968   0x00000108   Code   RO         2338    i._Z17TIM_OC3_SetConfigP11TIM_TypeDefP18TIM_OC_InitTypeDef  stm32h7xx_hal_tim.o
    0x08009a70   0x08009a70   0x000000c4   Code   RO         2339    i._Z17TIM_OC4_SetConfigP11TIM_TypeDefP18TIM_OC_InitTypeDef  stm32h7xx_hal_tim.o
    0x08009b34   0x08009b34   0x0000006c   Code   RO         2340    i._Z17TIM_OC5_SetConfigP11TIM_TypeDefP18TIM_OC_InitTypeDef  stm32h7xx_hal_tim.o
    0x08009ba0   0x08009ba0   0x0000006c   Code   RO         2341    i._Z17TIM_OC6_SetConfigP11TIM_TypeDefP18TIM_OC_InitTypeDef  stm32h7xx_hal_tim.o
    0x08009c0c   0x08009c0c   0x00000054   Code   RO         4668    i._Z18DMA_CheckFifoParamP19__DMA_HandleTypeDef  stm32h7xx_hal_dma.o
    0x08009c60   0x08009c60   0x00000054   Code   RO         1296    i._Z18I2C_ITSlaveSeqCpltP19__I2C_HandleTypeDef  stm32h7xx_hal_i2c.o
    0x08009cb4   0x08009cb4   0x000000e8   Code   RO         1298    i._Z18I2C_TransferConfigP19__I2C_HandleTypeDefthjj  stm32h7xx_hal_i2c.o
    0x08009d9c   0x08009d9c   0x000000bc   Code   RO           15    i._Z18SystemClock_Configv  main.o
    0x08009e58   0x08009e58   0x00000014   Code   RO         2344    i._Z18TIM_ITRx_SetConfigP11TIM_TypeDefj  stm32h7xx_hal_tim.o
    0x08009e6c   0x08009e6c   0x00000028   Code   RO         3419    i._Z18UART_EndRxTransferP20__UART_HandleTypeDef  stm32h7xx_hal_uart.o
    0x08009e94   0x08009e94   0x00000022   Code   RO         1092    i._Z18__NVIC_SetPriority9IRQn_Typej  stm32h7xx_hal_cortex.o
    0x08009eb6   0x08009eb6   0x00000014   Code   RO         3422    i._Z20UART_DMAAbortOnErrorP19__DMA_HandleTypeDef  stm32h7xx_hal_uart.o
    0x08009eca   0x08009eca   0x00000002   PAD
    0x08009ecc   0x08009ecc   0x000000b4   Code   RO         5872    i._Z20user_system_thread_0v  user_system.o
    0x08009f80   0x08009f80   0x00000008   Code   RO         7272    i._Z21MPU6050_Set_SMPRT_DIVh  tj_mpu6050.o
    0x08009f88   0x08009f88   0x00000054   Code   RO         7274    i._Z22MPU6050_Get_Gyro_ScaleP14ScaledData_Def  tj_mpu6050.o
    0x08009fdc   0x08009fdc   0x000000a4   Code   RO         3424    i._Z22UART_RxISR_8BIT_FIFOENP20__UART_HandleTypeDef  stm32h7xx_hal_uart.o
    0x0800a080   0x0800a080   0x000000b4   Code   RO         4669    i._Z23DMA_CalcBaseAndBitshiftP19__DMA_HandleTypeDef  stm32h7xx_hal_dma.o
    0x0800a134   0x0800a134   0x00000088   Code   RO         1303    i._Z23I2C_IsAcknowledgeFailedP19__I2C_HandleTypeDefjj  stm32h7xx_hal_i2c.o
    0x0800a1bc   0x0800a1bc   0x00000054   Code   RO         7275    i._Z23MPU6050_Get_Accel_ScaleP14ScaledData_Def  tj_mpu6050.o
    0x0800a210   0x0800a210   0x000000a4   Code   RO         3428    i._Z23UART_RxISR_16BIT_FIFOENP20__UART_HandleTypeDef  stm32h7xx_hal_uart.o
    0x0800a2b4   0x0800a2b4   0x00000014   Code   RO         7276    i._Z24MPU6050_Get_Gyro_RawDataP11RawData_Def  tj_mpu6050.o
    0x0800a2c8   0x0800a2c8   0x00000022   Code   RO         2348    i._Z24TIM_TI1_ConfigInputStageP11TIM_TypeDefjj  stm32h7xx_hal_tim.o
    0x0800a2ea   0x0800a2ea   0x00000024   Code   RO         2349    i._Z24TIM_TI2_ConfigInputStageP11TIM_TypeDefjj  stm32h7xx_hal_tim.o
    0x0800a30e   0x0800a30e   0x00000002   PAD
    0x0800a310   0x0800a310   0x0000008c   Code   RO         7277    i._Z25MPU6050_Get_Accel_RawDataP11RawData_Def  tj_mpu6050.o
    0x0800a39c   0x0800a39c   0x00000064   Code   RO         3820    i._Z25UARTEx_SetNbDataToProcessP20__UART_HandleTypeDef  stm32h7xx_hal_uart_ex.o
    0x0800a400   0x0800a400   0x0000005a   Code   RO         1307    i._Z26I2C_WaitOnFlagUntilTimeoutP19__I2C_HandleTypeDefj10FlagStatusjj  stm32h7xx_hal_i2c.o
    0x0800a45a   0x0800a45a   0x00000002   PAD
    0x0800a45c   0x0800a45c   0x00000088   Code   RO         1309    i._Z30I2C_WaitOnRXNEFlagUntilTimeoutP19__I2C_HandleTypeDefjj  stm32h7xx_hal_i2c.o
    0x0800a4e4   0x0800a4e4   0x0000004e   Code   RO         1310    i._Z30I2C_WaitOnSTOPFlagUntilTimeoutP19__I2C_HandleTypeDefjj  stm32h7xx_hal_i2c.o
    0x0800a532   0x0800a532   0x00000052   Code   RO         1311    i._Z30I2C_WaitOnTXISFlagUntilTimeoutP19__I2C_HandleTypeDefjj  stm32h7xx_hal_i2c.o
    0x0800a584   0x0800a584   0x0000009c   Code   RO         4671    i._Z32DMA_CalcDMAMUXChannelBaseAndMaskP19__DMA_HandleTypeDef  stm32h7xx_hal_dma.o
    0x0800a620   0x0800a620   0x00000074   Code   RO         4672    i._Z35DMA_CalcDMAMUXRequestGenBaseAndMaskP19__DMA_HandleTypeDef  stm32h7xx_hal_dma.o
    0x0800a694   0x0800a694   0x0000003e   Code   RO         5873    i._Z7get_incRfff    user_system.o
    0x0800a6d2   0x0800a6d2   0x00000002   PAD
    0x0800a6d4   0x0800a6d4   0x00000034   Code   RO         7278    i._Z8I2C_ReadhPhh   tj_mpu6050.o
    0x0800a708   0x0800a708   0x0000001c   Code   RO         6260    i._Z8IIC_Initv      user_gpio_i2c.o
    0x0800a724   0x0800a724   0x00000230   Code   RO         7387    i._Z9READ_DMP2v     read_dmp.o
    0x0800a954   0x0800a954   0x000000ac   Code   RO         6198    i._ZN10robot_base15velocity_to_RPMEff  user_robot_base_2.o
    0x0800aa00   0x0800aa00   0x00000078   Code   RO         6199    i._ZN10robot_base3runEv  user_robot_base_2.o
    0x0800aa78   0x0800aa78   0x00000078   Code   RO         6201    i._ZN10robot_baseC1Ev  user_robot_base_2.o
    0x0800aaf0   0x0800aaf0   0x000000dc   Code   RO         6139    i._ZN12motor_driver4spinEs  driver_motor.o
    0x0800abcc   0x0800abcc   0x0000003c   Code   RO         6141    i._ZN12motor_driver7set_rpmEf  driver_motor.o
    0x0800ac08   0x0800ac08   0x000000a4   Code   RO         6143    i._ZN12motor_driverC1ER17TIM_HandleTypeDefaS1_jtP12GPIO_TypeDeftt  driver_motor.o
    0x0800acac   0x0800acac   0x00000004   Code   RO         7410    i._ZSt4sqrtf        read_dmp.o
    0x0800acb0   0x0800acb0   0x00000004   Code   RO         6608    i._ZSt5atan2ff      imu_dmp.o
    0x0800acb4   0x0800acb4   0x00000028   Code   RO         7429    i._Znwj             cpprt_w.l(new.o)
    0x0800acdc   0x0800acdc   0x00000024   Code   RO         7493    i.__0vsprintf       mc_w.l(printfa.o)
    0x0800ad00   0x0800ad00   0x00000026   Code   RO         7538    i.__ARM_fpclassifyf  m_wv.l(fpclassifyf.o)
    0x0800ad26   0x0800ad26   0x00000002   PAD
    0x0800ad28   0x0800ad28   0x00000138   Code   RO         7433    i.__hardfp_asinf    m_wv.l(asinf.o)
    0x0800ae60   0x0800ae60   0x00000258   Code   RO         7445    i.__hardfp_atan2f   m_wv.l(atan2f.o)
    0x0800b0b8   0x0800b0b8   0x0000003a   Code   RO         7457    i.__hardfp_sqrtf    m_wv.l(sqrtf.o)
    0x0800b0f2   0x0800b0f2   0x00000006   Code   RO         7541    i.__mathlib_flt_infnan  m_wv.l(funder.o)
    0x0800b0f8   0x0800b0f8   0x00000006   Code   RO         7542    i.__mathlib_flt_infnan2  m_wv.l(funder.o)
    0x0800b0fe   0x0800b0fe   0x00000002   PAD
    0x0800b100   0x0800b100   0x00000010   Code   RO         7543    i.__mathlib_flt_invalid  m_wv.l(funder.o)
    0x0800b110   0x0800b110   0x00000010   Code   RO         7546    i.__mathlib_flt_underflow  m_wv.l(funder.o)
    0x0800b120   0x0800b120   0x0000000e   Code   RO         7803    i.__scatterload_copy  mc_w.l(handlers.o)
    0x0800b12e   0x0800b12e   0x00000002   Code   RO         7804    i.__scatterload_null  mc_w.l(handlers.o)
    0x0800b130   0x0800b130   0x0000000e   Code   RO         7805    i.__scatterload_zeroinit  mc_w.l(handlers.o)
    0x0800b13e   0x0800b13e   0x00000002   PAD
    0x0800b140   0x0800b140   0x0000000c   Code   RO         7607    i.__set_errno       mc_w.l(errno.o)
    0x0800b14c   0x0800b14c   0x00000034   Code   RO         5875    i.__sti___15_user_system_cpp_cmd_flag  user_system.o
    0x0800b180   0x0800b180   0x00000014   Code   RO         6695    i.__sti___9_inv_mpu_c_ff195743  inv_mpu.o
    0x0800b194   0x0800b194   0x00000184   Code   RO         7494    i._fp_digits        mc_w.l(printfa.o)
    0x0800b318   0x0800b318   0x000006dc   Code   RO         7495    i._printf_core      mc_w.l(printfa.o)
    0x0800b9f4   0x0800b9f4   0x00000024   Code   RO         7496    i._printf_post_padding  mc_w.l(printfa.o)
    0x0800ba18   0x0800ba18   0x0000002e   Code   RO         7497    i._printf_pre_padding  mc_w.l(printfa.o)
    0x0800ba46   0x0800ba46   0x0000000a   Code   RO         7499    i._sputc            mc_w.l(printfa.o)
    0x0800ba50   0x0800ba50   0x00000002   Code   RO           16    i.assert_failed     main.o
    0x0800ba52   0x0800ba52   0x00000052   Code   RO           17    i.main              main.o
    0x0800baa4   0x0800baa4   0x0000006c   Code   RO         7578    i.malloc            mc_w.l(malloc.o)
    0x0800bb10   0x0800bb10   0x00000040   Code   RO         6089    i.print_usart1      user_comm.o
    0x0800bb50   0x0800bb50   0x0000003e   Code   RO         7459    i.sqrtf             m_wv.l(sqrtf.o)
    0x0800bb8e   0x0800bb8e   0x00000002   PAD
    0x0800bb90   0x0800bb90   0x0000002c   Code   RO         6090    i.user_comm_init    user_comm.o
    0x0800bbbc   0x0800bbbc   0x00000008   Data   RO         4690    .constdata          stm32h7xx_hal_dma.o
    0x0800bbc4   0x0800bbc4   0x00000010   Data   RO         5834    .constdata          system_stm32h7xx.o
    0x0800bbd4   0x0800bbd4   0x0000001e   Data   RO         6748    .constdata          inv_mpu.o
    0x0800bbf2   0x0800bbf2   0x0000000c   Data   RO         6749    .constdata          inv_mpu.o
    0x0800bbfe   0x0800bbfe   0x00000002   PAD
    0x0800bc00   0x0800bc00   0x00000028   Data   RO         6750    .constdata          inv_mpu.o
    0x0800bc28   0x0800bc28   0x00000020   Data   RO         7801    Region$$Table       anon$$obj.o
    0x0800bc48   0x0800bc48   0x00000004   Data   RO         5898    .init_array         user_system.o
    0x0800bc4c   0x0800bc48   0x00000004   Data   RO         6752    .init_array         inv_mpu.o
    0x0800bc50   0x0800bc48   0x00000000   Data   RO         7515    .init_array         mc_w.l(cpp_init.o)


    Execution Region RW_IRAM1 (Exec base: 0x20000000, Load base: 0x0800bc50, Size: 0x00001260, Max: 0x00020000, ABSOLUTE)

    Exec Addr    Load Addr    Size         Type   Attr      Idx    E Section Name        Object

    0x20000000   0x0800bc50   0x0000000c   Data   RW         5565    .data               stm32h7xx_hal.o
    0x2000000c   0x0800bc5c   0x00000008   Data   RW         5835    .data               system_stm32h7xx.o
    0x20000014   0x0800bc64   0x00000001   Data   RW         5886    .data               user_system.o
    0x20000015   0x0800bc65   0x00000003   PAD
    0x20000018   0x0800bc68   0x00000030   Data   RW         5893    .data               user_system.o
    0x20000048   0x0800bc98   0x00000004   Data   RW         5894    .data               user_system.o
    0x2000004c   0x0800bc9c   0x00000010   Data   RW         6150    .data               driver_motor.o
    0x2000005c   0x0800bcac   0x00000004   Data   RW         6151    .data               driver_motor.o
    0x20000060   0x0800bcb0   0x00000014   Data   RW         6208    .data               user_robot_base_2.o
    0x20000074   0x0800bcc4   0x0000000c   Data   RW         6284    .data               user_gpio_i2c.o
    0x20000080   0x0800bcd0   0x0000002c   Data   RW         6751    .data               inv_mpu.o
    0x200000ac   0x0800bcfc   0x0000001a   Data   RW         7295    .data               tj_mpu6050.o
    0x200000c6   0x0800bd16   0x00000002   PAD
    0x200000c8   0x0800bd18   0x00000024   Data   RW         7390    .data               read_dmp.o
    0x200000ec   0x0800bd3c   0x00000004   Data   RW         7608    .data               mc_w.l(errno.o)
    0x200000f0   0x0800bd40   0x0000000c   Data   RW         7614    .data               mc_w.l(cpp_memory.o)
    0x200000fc   0x0800bd4c   0x00000004   Data   RW         7756    .data               mc_w.l(mvars.o)
    0x20000100   0x0800bd50   0x00000004   Data   RW         7757    .data               mc_w.l(mvars.o)
    0x20000104        -       0x0000013c   Zero   RW          404    .bss                i2c.o
    0x20000240        -       0x00000010   Zero   RW          445    .bss                iwdg.o
    0x20000250        -       0x00000088   Zero   RW          480    .bss                spi.o
    0x200002d8        -       0x00000180   Zero   RW          541    .bss                tim.o
    0x20000458        -       0x00000604   Zero   RW          634    .bss                usart.o
    0x20000a5c        -       0x00000040   Zero   RW         1037    .bss                stm32h7xx_hal_timebase_tim.o
    0x20000a9c        -       0x0000004f   Zero   RW         5883    .bss                user_system.o
    0x20000aeb        -       0x000000cf   Zero   RW         6094    .bss                user_comm.o
    0x20000bba        -       0x00000020   Zero   RW         6747    .bss                inv_mpu.o
    0x20000bda   0x0800bd54   0x00000002   PAD
    0x20000bdc        -       0x0000004c   Zero   RW         7294    .bss                tj_mpu6050.o
    0x20000c28        -       0x00000034   Zero   RW         7389    .bss                read_dmp.o
    0x20000c5c   0x0800bd54   0x00000004   PAD
    0x20000c60        -       0x00000200   Zero   RW            2    HEAP                startup_stm32h743xx.o
    0x20000e60        -       0x00000400   Zero   RW            1    STACK               startup_stm32h743xx.o


==============================================================================

Image component sizes


      Code (inc. data)   RO Data    RW Data    ZI Data      Debug   Object Name

       188          4          0          0          0        858   dma.o
       444         14          0         20          0       2700   driver_motor.o
       484         34          0          0          0    1273827   gpio.o
       320         32          0          0        316       1875   i2c.o
         4          0          0          0          0       1951   imu_dmp.o
        20         10         86         44         32       4882   inv_mpu.o
        48         10          0          0         16        697   iwdg.o
       362         38          0          0          0    1251779   main.o
       564         22          0         36         52       2697   read_dmp.o
       236         28          0          0        136       1709   spi.o
        36          8        664          0       1536        828   startup_stm32h743xx.o
       164         34          0         12          0       3834   stm32h7xx_hal.o
       418        194          0          0          0      37674   stm32h7xx_hal_cortex.o
      4056        204          8          0          0       8139   stm32h7xx_hal_dma.o
       960        198          0          0          0       2776   stm32h7xx_hal_gpio.o
      3302        258          0          0          0      22162   stm32h7xx_hal_i2c.o
       432        156          0          0          0       2059   stm32h7xx_hal_i2c_ex.o
       256         66          0          0          0       1815   stm32h7xx_hal_iwdg.o
        28          6          0          0          0        794   stm32h7xx_hal_msp.o
       156         64          0          0          0        813   stm32h7xx_hal_pwr_ex.o
      3356        218          0          0          0       7665   stm32h7xx_hal_rcc.o
      4856        504          0          0          0       8511   stm32h7xx_hal_rcc_ex.o
       872         82          0          0          0       1611   stm32h7xx_hal_spi.o
      7122       1536          0          0          0      23493   stm32h7xx_hal_tim.o
       918        170          0          0          0       4168   stm32h7xx_hal_tim_ex.o
       116         18          0          0         64       1399   stm32h7xx_hal_timebase_tim.o
      6074        410          0          0          0      17172   stm32h7xx_hal_uart.o
       870        296          0          0          0       5450   stm32h7xx_hal_uart_ex.o
       234        108          0          0          0    1084017   stm32h7xx_it.o
       156         22         16          8          0       1358   system_stm32h7xx.o
      1288        100          0          0        384       6763   tim.o
       660         66          0         26         76       6041   tj_mpu6050.o
      1496        110          0          0       1540       5432   usart.o
       384         82          0          0        207       2401   user_comm.o
        28          8          0         12          0       3465   user_gpio_i2c.o
       412         62          0         20          0       2216   user_robot_base_2.o
       770        162          4         53         79    1062929   user_system.o

    ----------------------------------------------------------------------
     42132       5334        812        236       4444    4867960   Object Totals
         0          0         32          0          0          0   (incl. Generated)
        42          0          2          5          6          0   (incl. Padding)

    ----------------------------------------------------------------------

      Code (inc. data)   RO Data    RW Data    ZI Data      Debug   Library Member Name

        80         12          0          0          0        104   arm_exceptions_globs.o
        60          0          0          0          0        108   arm_exceptions_mem.o
        26          0          0          0          0         76   arm_exceptions_terminate.o
         4          0          0          0          0         68   arm_newhandler_noexceptions.o
        40          6          0          0          0         76   new.o
       312         54          0          0          0        176   asinf.o
       600         98          0          0          0        184   atan2f.o
        38          0          0          0          0        116   fpclassifyf.o
        44         12          0          0          0        464   funder.o
       120          0          0          0          0        272   sqrtf.o
        32         10          0          0          0         80   cpp_init.o
        20          4          0         12          0        136   cpp_memory.o
         0          0          0          0          0          0   entry.o
         0          0          0          0          0          0   entry10a.o
         0          0          0          0          0          0   entry11a.o
         8          4          0          0          0          0   entry2.o
         4          0          0          0          0          0   entry5.o
         0          0          0          0          0          0   entry7b.o
         4          0          0          0          0          0   entry8a.o
         0          0          0          0          0          0   entry8b.o
         8          4          0          0          0          0   entry9a.o
        12          6          0          4          0         68   errno.o
        30          0          0          0          0          0   handlers.o
        36          8          0          0          0         68   init.o
         0          0          0          0          0          0   iusefp.o
        30          0          0          0          0         68   llshl.o
        36          0          0          0          0         68   llsshr.o
        32          0          0          0          0         68   llushr.o
       108         16          0          0          0         84   malloc.o
        36          0          0          0          0         68   memcpya.o
        36          0          0          0          0        108   memseta.o
         0          0          0          8          0          0   mvars.o
      2272         86          0          0          0        516   printfa.o
        14          0          0          0          0         68   strlen.o
        44          0          0          0          0         80   uidiv.o
        98          0          0          0          0         92   uldiv.o
        48          0          0          0          0         68   cdrcmple.o
       334          0          0          0          0        148   dadd.o
       222          0          0          0          0        100   ddiv.o
       186          0          0          0          0        176   depilogue.o
        48          0          0          0          0         68   dfixul.o
       228          0          0          0          0         96   dmul.o

    ----------------------------------------------------------------------
      5264        320          0         24          0       3872   Library Totals
        14          0          0          0          0          0   (incl. Padding)

    ----------------------------------------------------------------------

      Code (inc. data)   RO Data    RW Data    ZI Data      Debug   Library Name

       210         18          0          0          0        432   cpprt_w.l
      1114        164          0          0          0       1212   m_wv.l
      2860        138          0         24          0       1572   mc_w.l
      1066          0          0          0          0        656   mf_w.l

    ----------------------------------------------------------------------
      5264        320          0         24          0       3872   Library Totals

    ----------------------------------------------------------------------

==============================================================================


      Code (inc. data)   RO Data    RW Data    ZI Data      Debug   

     47396       5654        812        260       4444    4850184   Grand Totals
     47396       5654        812        260       4444    4850184   ELF Image Totals
     47396       5654        812        260          0          0   ROM Totals

==============================================================================

    Total RO  Size (Code + RO Data)                48208 (  47.08kB)
    Total RW  Size (RW Data + ZI Data)              4704 (   4.59kB)
    Total ROM Size (Code + RO Data + RW Data)      48468 (  47.33kB)

==============================================================================

