<html>
<body>
<pre>
<h1>µVision Build Log</h1>
<h2>Tool Versions:</h2>
IDE-Version: ¦ÌVision V5.28.0.0
Copyright (C) 2019 ARM Ltd and ARM Germany GmbH. All rights reserved.
License Information: a a, a, LIC=9N0UH-WZ05W-CZHWV-PV895-PD1AZ-BPKWI
 
Tool Versions:
Toolchain:       MDK-ARM Professional  Version: 5.28.0.0
Toolchain Path:  D:\Keil_v5\ARM\ARMCC\Bin
C Compiler:      Armcc.exe V5.06 update 6 (build 750)
Assembler:       Armasm.exe V5.06 update 6 (build 750)
Linker/Locator:  ArmLink.exe V5.06 update 6 (build 750)
Library Manager: ArmAr.exe V5.06 update 6 (build 750)
Hex Converter:   FromElf.exe V5.06 update 6 (build 750)
CPU DLL:         SARMCM3.DLL V5.28.0.0
Dialog DLL:      DCM.DLL V1.17.3.0
Target DLL:      STLink\ST-LINKIII-KEIL_SWO.dll V3.0.6.0
Dialog DLL:      TCM.DLL V1.36.2.0
 
<h2>Project:</h2>
C:\Users\LENOVO\Documents\H743ZI\MDK-ARM\H743ZI.uvprojx
Project File Date:  06/28/2019

<h2>Output:</h2>
*** Using Compiler 'V5.06 update 6 (build 750)', folder: 'D:\Keil_v5\ARM\ARMCC\Bin'
*** Warning: You are compiling one or more files of source type C++ and have selected 'use MicroLIB'. MicroLIB does not support C++!
  
Build target 'H743ZI'
compiling user_system.cpp...
..\BSP\user_system.cpp(41): warning:  #177-D: variable "show"  was declared but never referenced
  	char show[32];
..\BSP\user_system.cpp(45): warning:  #177-D: variable "wait_imu"  was declared but never referenced
  	int wait_imu = 200;
..\BSP\user_system.cpp(143): warning:  #1035-D: single-precision operand implicitly converted to double-precision
  	rpy_cur[0] = quar_rpy[4] + PI;
..\BSP\user_system.cpp(144): warning:  #1035-D: single-precision operand implicitly converted to double-precision
  	rpy_cur[1] = quar_rpy[5] + PI;
..\BSP\user_system.cpp(145): warning:  #1035-D: single-precision operand implicitly converted to double-precision
  	rpy_cur[2] = quar_rpy[6] + PI;
..\BSP\user_system.cpp: 5 warnings, 0 errors
linking...
Program Size: Code=46904 RO-data=812 RW-data=224 ZI-data=3480  
FromELF: creating hex file...
"H743ZI\H743ZI.axf" - 0 Error(s), 5 Warning(s).

<h2>Software Packages used:</h2>

Package Vendor: ARM
                http://www.keil.com/pack/ARM.CMSIS.5.5.1.pack
                ARM.CMSIS.5.5.1
                CMSIS (Cortex Microcontroller Software Interface Standard)
   * Component: CORE Version: 5.2.0

Package Vendor: Keil
                https://www.keil.com/pack/Keil.STM32H7xx_DFP.2.3.0.pack
                Keil.STM32H7xx_DFP.2.3.0
                STMicroelectronics STM32H7 Series Device Support and Examples

<h2>Collection of Component include folders:</h2>
  .\RTE\_H743ZI
  D:\Keil_v5_Packs\ARM\CMSIS\5.5.1\CMSIS\Core\Include
  D:\Keil_v5_Packs\Keil\STM32H7xx_DFP\2.3.0\Drivers\CMSIS\Device\ST\STM32H7xx\Include

<h2>Collection of Component Files used:</h2>

   * Component: ARM::CMSIS:CORE:5.2.0
Build Time Elapsed:  00:00:08
</pre>
</body>
</html>
