Component: ARM Compiler 5.06 update 6 (build 750) Tool: armlink [4d35ed]

==============================================================================

Section Cross References

    startup_stm32h743xx.o(RESET) refers to startup_stm32h743xx.o(STACK) for __initial_sp
    startup_stm32h743xx.o(RESET) refers to startup_stm32h743xx.o(.text) for Reset_Handler
    startup_stm32h743xx.o(RESET) refers to stm32h7xx_it.o(i.NMI_Handler) for NMI_Handler
    startup_stm32h743xx.o(RESET) refers to stm32h7xx_it.o(i.HardFault_Handler) for HardFault_Handler
    startup_stm32h743xx.o(RESET) refers to stm32h7xx_it.o(i.MemManage_Handler) for MemManage_Handler
    startup_stm32h743xx.o(RESET) refers to stm32h7xx_it.o(i.BusFault_Handler) for BusFault_Handler
    startup_stm32h743xx.o(RESET) refers to stm32h7xx_it.o(i.UsageFault_Handler) for UsageFault_Handler
    startup_stm32h743xx.o(RESET) refers to stm32h7xx_it.o(i.SVC_Handler) for SVC_Handler
    startup_stm32h743xx.o(RESET) refers to stm32h7xx_it.o(i.DebugMon_Handler) for DebugMon_Handler
    startup_stm32h743xx.o(RESET) refers to stm32h7xx_it.o(i.PendSV_Handler) for PendSV_Handler
    startup_stm32h743xx.o(RESET) refers to stm32h7xx_it.o(i.SysTick_Handler) for SysTick_Handler
    startup_stm32h743xx.o(RESET) refers to stm32h7xx_it.o(i.DMA1_Stream0_IRQHandler) for DMA1_Stream0_IRQHandler
    startup_stm32h743xx.o(RESET) refers to stm32h7xx_it.o(i.DMA1_Stream1_IRQHandler) for DMA1_Stream1_IRQHandler
    startup_stm32h743xx.o(RESET) refers to stm32h7xx_it.o(i.DMA1_Stream2_IRQHandler) for DMA1_Stream2_IRQHandler
    startup_stm32h743xx.o(RESET) refers to stm32h7xx_it.o(i.DMA1_Stream3_IRQHandler) for DMA1_Stream3_IRQHandler
    startup_stm32h743xx.o(RESET) refers to stm32h7xx_it.o(i.I2C1_EV_IRQHandler) for I2C1_EV_IRQHandler
    startup_stm32h743xx.o(RESET) refers to stm32h7xx_it.o(i.I2C1_ER_IRQHandler) for I2C1_ER_IRQHandler
    startup_stm32h743xx.o(RESET) refers to stm32h7xx_it.o(i.USART2_IRQHandler) for USART2_IRQHandler
    startup_stm32h743xx.o(RESET) refers to stm32h7xx_it.o(i.USART3_IRQHandler) for USART3_IRQHandler
    startup_stm32h743xx.o(RESET) refers to stm32h7xx_it.o(i.UART4_IRQHandler) for UART4_IRQHandler
    startup_stm32h743xx.o(RESET) refers to stm32h7xx_it.o(i.TIM6_DAC_IRQHandler) for TIM6_DAC_IRQHandler
    startup_stm32h743xx.o(RESET) refers to stm32h7xx_it.o(i.TIM7_IRQHandler) for TIM7_IRQHandler
    startup_stm32h743xx.o(.text) refers to system_stm32h7xx.o(i.SystemInit) for SystemInit
    startup_stm32h743xx.o(.text) refers to entry.o(.ARM.Collect$$$$00000000) for __main
    main.o(i.HAL_TIM_PeriodElapsedCallback) refers to stm32h7xx_hal.o(i.HAL_IncTick) for HAL_IncTick
    main.o(i._Z18SystemClock_Configv) refers to memseta.o(.text) for __aeabi_memclr4
    main.o(i._Z18SystemClock_Configv) refers to stm32h7xx_hal_pwr_ex.o(i.HAL_PWREx_ConfigSupply) for HAL_PWREx_ConfigSupply
    main.o(i._Z18SystemClock_Configv) refers to stm32h7xx_hal_rcc.o(i.HAL_RCC_OscConfig) for HAL_RCC_OscConfig
    main.o(i._Z18SystemClock_Configv) refers to stm32h7xx_hal_rcc.o(i.HAL_RCC_ClockConfig) for HAL_RCC_ClockConfig
    main.o(i._Z18SystemClock_Configv) refers to stm32h7xx_hal_rcc_ex.o(i.HAL_RCCEx_PeriphCLKConfig) for HAL_RCCEx_PeriphCLKConfig
    main.o(i.main) refers to stm32h7xx_hal.o(i.HAL_Init) for HAL_Init
    main.o(i.main) refers to main.o(i._Z18SystemClock_Configv) for SystemClock_Config()
    main.o(i.main) refers to gpio.o(i.MX_GPIO_Init) for MX_GPIO_Init
    main.o(i.main) refers to dma.o(i.MX_DMA_Init) for MX_DMA_Init
    main.o(i.main) refers to i2c.o(i.MX_I2C1_Init) for MX_I2C1_Init
    main.o(i.main) refers to iwdg.o(i.MX_IWDG1_Init) for MX_IWDG1_Init
    main.o(i.main) refers to spi.o(i.MX_SPI1_Init) for MX_SPI1_Init
    main.o(i.main) refers to tim.o(i.MX_TIM1_Init) for MX_TIM1_Init
    main.o(i.main) refers to tim.o(i.MX_TIM2_Init) for MX_TIM2_Init
    main.o(i.main) refers to tim.o(i.MX_TIM3_Init) for MX_TIM3_Init
    main.o(i.main) refers to tim.o(i.MX_TIM4_Init) for MX_TIM4_Init
    main.o(i.main) refers to tim.o(i.MX_TIM5_Init) for MX_TIM5_Init
    main.o(i.main) refers to tim.o(i.MX_TIM6_Init) for MX_TIM6_Init
    main.o(i.main) refers to usart.o(i.MX_UART4_Init) for MX_UART4_Init
    main.o(i.main) refers to usart.o(i.MX_USART2_UART_Init) for MX_USART2_UART_Init
    main.o(i.main) refers to usart.o(i.MX_USART3_UART_Init) for MX_USART3_UART_Init
    main.o(i.main) refers to user_system.o(i._Z16user_system_initv) for user_system_init()
    main.o(i.main) refers to user_system.o(i._Z20user_system_thread_0v) for user_system_thread_0()
    main.o(.ARM.exidx) refers to main.o(i.Error_Handler) for i.Error_Handler
    main.o(.ARM.exidx) refers to main.o(i._Z18SystemClock_Configv) for i._Z18SystemClock_Configv
    main.o(.ARM.exidx) refers to main.o(i.main) for i.main
    main.o(.ARM.exidx) refers to main.o(i.HAL_TIM_PeriodElapsedCallback) for i.HAL_TIM_PeriodElapsedCallback
    main.o(.ARM.exidx) refers to main.o(i.assert_failed) for i.assert_failed
[...]
    DMA_SetConfig(__DMA_HandleTypeDef*, unsigned, unsigned, unsigned) 0x080085f9   Thumb Code   278  stm32h7xx_hal_dma.o(i._Z13DMA_SetConfigP19__DMA_HandleTypeDefjjj)
    i._Z13UART_DMAErrorP19__DMA_HandleTypeDef 0x0800871c   Section        0  stm32h7xx_hal_uart.o(i._Z13UART_DMAErrorP19__DMA_HandleTypeDef)
    UART_DMAError(__DMA_HandleTypeDef*)      0x0800871d   Thumb Code    78  stm32h7xx_hal_uart.o(i._Z13UART_DMAErrorP19__DMA_HandleTypeDef)
    i._Z14I2C_Flush_TXDRP19__I2C_HandleTypeDef 0x0800876a   Section        0  stm32h7xx_hal_i2c.o(i._Z14I2C_Flush_TXDRP19__I2C_HandleTypeDef)
    I2C_Flush_TXDR(__I2C_HandleTypeDef*)     0x0800876b   Thumb Code    34  stm32h7xx_hal_i2c.o(i._Z14I2C_Flush_TXDRP19__I2C_HandleTypeDef)
    i._Z14I2C_ITAddrCpltP19__I2C_HandleTypeDefj 0x0800878c   Section        0  stm32h7xx_hal_i2c.o(i._Z14I2C_ITAddrCpltP19__I2C_HandleTypeDefj)
    I2C_ITAddrCplt(__I2C_HandleTypeDef*, unsigned) 0x0800878d   Thumb Code   136  stm32h7xx_hal_i2c.o(i._Z14I2C_ITAddrCpltP19__I2C_HandleTypeDefj)
    i._Z15I2C_Disable_IRQP19__I2C_HandleTypeDeft 0x08008814   Section        0  stm32h7xx_hal_i2c.o(i._Z15I2C_Disable_IRQP19__I2C_HandleTypeDeft)
    I2C_Disable_IRQ(__I2C_HandleTypeDef*, unsigned short) 0x08008815   Thumb Code    86  stm32h7xx_hal_i2c.o(i._Z15I2C_Disable_IRQP19__I2C_HandleTypeDeft)
    i._Z15I2C_ITSlaveCpltP19__I2C_HandleTypeDefj 0x0800886c   Section        0  stm32h7xx_hal_i2c.o(i._Z15I2C_ITSlaveCpltP19__I2C_HandleTypeDefj)
    I2C_ITSlaveCplt(__I2C_HandleTypeDef*, unsigned) 0x0800886d   Thumb Code   348  stm32h7xx_hal_i2c.o(i._Z15I2C_ITSlaveCpltP19__I2C_HandleTypeDefj)
    i._Z16I2C_ITListenCpltP19__I2C_HandleTypeDefj 0x080089f0   Section        0  stm32h7xx_hal_i2c.o(i._Z16I2C_ITListenCpltP19__I2C_HandleTypeDefj)
    I2C_ITListenCplt(__I2C_HandleTypeDef*, unsigned) 0x080089f1   Thumb Code    94  stm32h7xx_hal_i2c.o(i._Z16I2C_ITListenCpltP19__I2C_HandleTypeDefj)
    i._Z16I2C_Slave_ISR_ITP19__I2C_HandleTypeDefjj 0x08008a54   Section        0  stm32h7xx_hal_i2c.o(i._Z16I2C_Slave_ISR_ITP19__I2C_HandleTypeDefjj)
    I2C_Slave_ISR_IT(__I2C_HandleTypeDef*, unsigned, unsigned) 0x08008a55   Thumb Code   288  stm32h7xx_hal_i2c.o(i._Z16I2C_Slave_ISR_ITP19__I2C_HandleTypeDefjj)
    i._Z16user_system_initv                  0x08008b78   Section        0  user_system.o(i._Z16user_system_initv)
    i._Z17RCCEx_PLL2_ConfigP19RCC_PLL2InitTypeDefj 0x08008b90   Section        0  stm32h7xx_hal_rcc_ex.o(i._Z17RCCEx_PLL2_ConfigP19RCC_PLL2InitTypeDefj)
    RCCEx_PLL2_Config(RCC_PLL2InitTypeDef*, unsigned) 0x08008b91   Thumb Code   432  stm32h7xx_hal_rcc_ex.o(i._Z17RCCEx_PLL2_ConfigP19RCC_PLL2InitTypeDefj)
    i._Z17RCCEx_PLL3_ConfigP19RCC_PLL3InitTypeDefj 0x08008d80   Section        0  stm32h7xx_hal_rcc_ex.o(i._Z17RCCEx_PLL3_ConfigP19RCC_PLL3InitTypeDefj)
    RCCEx_PLL3_Config(RCC_PLL3InitTypeDef*, unsigned) 0x08008d81   Thumb Code   440  stm32h7xx_hal_rcc_ex.o(i._Z17RCCEx_PLL3_ConfigP19RCC_PLL3InitTypeDefj)
    i._Z17TIM_OC1_SetConfigP11TIM_TypeDefP18TIM_OC_InitTypeDef 0x08008f78   Section        0  stm32h7xx_hal_tim.o(i._Z17TIM_OC1_SetConfigP11TIM_TypeDefP18TIM_OC_InitTypeDef)
    TIM_OC1_SetConfig(TIM_TypeDef*, TIM_OC_InitTypeDef*) 0x08008f79   Thumb Code   208  stm32h7xx_hal_tim.o(i._Z17TIM_OC1_SetConfigP11TIM_TypeDefP18TIM_OC_InitTypeDef)
    i._Z17TIM_OC3_SetConfigP11TIM_TypeDefP18TIM_OC_InitTypeDef 0x08009098   Section        0  stm32h7xx_hal_tim.o(i._Z17TIM_OC3_SetConfigP11TIM_TypeDefP18TIM_OC_InitTypeDef)
    TIM_OC3_SetConfig(TIM_TypeDef*, TIM_OC_InitTypeDef*) 0x08009099   Thumb Code   188  stm32h7xx_hal_tim.o(i._Z17TIM_OC3_SetConfigP11TIM_TypeDefP18TIM_OC_InitTypeDef)
    i._Z17TIM_OC4_SetConfigP11TIM_TypeDefP18TIM_OC_InitTypeDef 0x080091a0   Section        0  stm32h7xx_hal_tim.o(i._Z17TIM_OC4_SetConfigP11TIM_TypeDefP18TIM_OC_InitTypeDef)
    TIM_OC4_SetConfig(TIM_TypeDef*, TIM_OC_InitTypeDef*) 0x080091a1   Thumb Code   118  stm32h7xx_hal_tim.o(i._Z17TIM_OC4_SetConfigP11TIM_TypeDefP18TIM_OC_InitTypeDef)
    i._Z17TIM_OC5_SetConfigP11TIM_TypeDefP18TIM_OC_InitTypeDef 0x08009264   Section        0  stm32h7xx_hal_tim.o(i._Z17TIM_OC5_SetConfigP11TIM_TypeDefP18TIM_OC_InitTypeDef)
    TIM_OC5_SetConfig(TIM_TypeDef*, TIM_OC_InitTypeDef*) 0x08009265   Thumb Code    88  stm32h7xx_hal_tim.o(i._Z17TIM_OC5_SetConfigP11TIM_TypeDefP18TIM_OC_InitTypeDef)
    i._Z17TIM_OC6_SetConfigP11TIM_TypeDefP18TIM_OC_InitTypeDef 0x080092d0   Section        0  stm32h7xx_hal_tim.o(i._Z17TIM_OC6_SetConfigP11TIM_TypeDefP18TIM_OC_InitTypeDef)
    TIM_OC6_SetConfig(TIM_TypeDef*, TIM_OC_InitTypeDef*) 0x080092d1   Thumb Code    88  stm32h7xx_hal_tim.o(i._Z17TIM_OC6_SetConfigP11TIM_TypeDefP18TIM_OC_InitTypeDef)
    i._Z18DMA_CheckFifoParamP19__DMA_HandleTypeDef 0x0800933c   Section        0  stm32h7xx_hal_dma.o(i._Z18DMA_CheckFifoParamP19__DMA_HandleTypeDef)
    DMA_CheckFifoParam(__DMA_HandleTypeDef*) 0x0800933d   Thumb Code    84  stm32h7xx_hal_dma.o(i._Z18DMA_CheckFifoParamP19__DMA_HandleTypeDef)
    i._Z18I2C_ITSlaveSeqCpltP19__I2C_HandleTypeDef 0x08009390   Section        0  stm32h7xx_hal_i2c.o(i._Z18I2C_ITSlaveSeqCpltP19__I2C_HandleTypeDef)
    I2C_ITSlaveSeqCplt(__I2C_HandleTypeDef*) 0x08009391   Thumb Code    84  stm32h7xx_hal_i2c.o(i._Z18I2C_ITSlaveSeqCpltP19__I2C_HandleTypeDef)
    i._Z18SystemClock_Configv                0x080093e4   Section        0  main.o(i._Z18SystemClock_Configv)
    i._Z18TIM_ITRx_SetConfigP11TIM_TypeDefj  0x0800949c   Section        0  stm32h7xx_hal_tim.o(i._Z18TIM_ITRx_SetConfigP11TIM_TypeDefj)
    TIM_ITRx_SetConfig(TIM_TypeDef*, unsigned) 0x0800949d   Thumb Code    16  stm32h7xx_hal_tim.o(i._Z18TIM_ITRx_SetConfigP11TIM_TypeDefj)
    i._Z18UART_DMATxHalfCpltP19__DMA_HandleTypeDef 0x080094b0   Section        0  stm32h7xx_hal_uart.o(i._Z18UART_DMATxHalfCpltP19__DMA_HandleTypeDef)
    UART_DMATxHalfCplt(__DMA_HandleTypeDef*) 0x080094b1   Thumb Code    10  stm32h7xx_hal_uart.o(i._Z18UART_DMATxHalfCpltP19__DMA_HandleTypeDef)
    i._Z18UART_EndRxTransferP20__UART_HandleTypeDef 0x080094bc   Section        0  stm32h7xx_hal_uart.o(i._Z18UART_EndRxTransferP20__UART_HandleTypeDef)
    UART_EndRxTransfer(__UART_HandleTypeDef*) 0x080094bd   Thumb Code    34  stm32h7xx_hal_uart.o(i._Z18UART_EndRxTransferP20__UART_HandleTypeDef)
    i._Z18UART_EndTxTransferP20__UART_HandleTypeDef 0x080094e4   Section        0  stm32h7xx_hal_uart.o(i._Z18UART_EndTxTransferP20__UART_HandleTypeDef)
    UART_EndTxTransfer(__UART_HandleTypeDef*) 0x080094e5   Thumb Code    28  stm32h7xx_hal_uart.o(i._Z18UART_EndTxTransferP20__UART_HandleTypeDef)
    i._Z18__NVIC_SetPriority9IRQn_Typej      0x08009500   Section        0  stm32h7xx_hal_cortex.o(i._Z18__NVIC_SetPriority9IRQn_Typej)
    __NVIC_SetPriority(IRQn_Type, unsigned)  0x08009501   Thumb Code    34  stm32h7xx_hal_cortex.o(i._Z18__NVIC_SetPriority9IRQn_Typej)
    i._Z20UART_DMAAbortOnErrorP19__DMA_HandleTypeDef 0x08009522   Section        0  stm32h7xx_hal_uart.o(i._Z20UART_DMAAbortOnErrorP19__DMA_HandleTypeDef)
    UART_DMAAbortOnError(__DMA_HandleTypeDef*) 0x08009523   Thumb Code    20  stm32h7xx_hal_uart.o(i._Z20UART_DMAAbortOnErrorP19__DMA_HandleTypeDef)
    i._Z20UART_DMATransmitCpltP19__DMA_HandleTypeDef 0x08009536   Section        0  stm32h7xx_hal_uart.o(i._Z20UART_DMATransmitCpltP19__DMA_HandleTypeDef)
    UART_DMATransmitCplt(__DMA_HandleTypeDef*) 0x08009537   Thumb Code    46  stm32h7xx_hal_uart.o(i._Z20UART_DMATransmitCpltP19__DMA_HandleTypeDef)
    i._Z20user_system_thread_0v              0x08009564   Section        0  user_system.o(i._Z20user_system_thread_0v)
    i._Z23DMA_CalcBaseAndBitshiftP19__DMA_HandleTypeDef 0x080095f0   Section        0  stm32h7xx_hal_dma.o(i._Z23DMA_CalcBaseAndBitshiftP19__DMA_HandleTypeDef)
    DMA_CalcBaseAndBitshift(__DMA_HandleTypeDef*) 0x080095f1   Thumb Code   168  stm32h7xx_hal_dma.o(i._Z23DMA_CalcBaseAndBitshiftP19__DMA_HandleTypeDef)
    i._Z24TIM_TI1_ConfigInputStageP11TIM_TypeDefjj 0x080096a4   Section        0  stm32h7xx_hal_tim.o(i._Z24TIM_TI1_ConfigInputStageP11TIM_TypeDefjj)
    TIM_TI1_ConfigInputStage(TIM_TypeDef*, unsigned, unsigned) 0x080096a5   Thumb Code    34  stm32h7xx_hal_tim.o(i._Z24TIM_TI1_ConfigInputStageP11TIM_TypeDefjj)
    i._Z24TIM_TI2_ConfigInputStageP11TIM_TypeDefjj 0x080096c6   Section        0  stm32h7xx_hal_tim.o(i._Z24TIM_TI2_ConfigInputStageP11TIM_TypeDefjj)
    TIM_TI2_ConfigInputStage(TIM_TypeDef*, unsigned, unsigned) 0x080096c7   Thumb Code    36  stm32h7xx_hal_tim.o(i._Z24TIM_TI2_ConfigInputStageP11TIM_TypeDefjj)
    i._Z25UARTEx_SetNbDataToProcessP20__UART_HandleTypeDef 0x080096ec   Section        0  stm32h7xx_hal_uart_ex.o(i._Z25UARTEx_SetNbDataToProcessP20__UART_HandleTypeDef)
    UARTEx_SetNbDataToProcess(__UART_HandleTypeDef*) 0x080096ed   Thumb Code    82  stm32h7xx_hal_uart_ex.o(i._Z25UARTEx_SetNbDataToProcessP20__UART_HandleTypeDef)
    i._Z32DMA_CalcDMAMUXChannelBaseAndMaskP19__DMA_HandleTypeDef 0x08009750   Section        0  stm32h7xx_hal_dma.o(i._Z32DMA_CalcDMAMUXChannelBaseAndMaskP19__DMA_HandleTypeDef)
    DMA_CalcDMAMUXChannelBaseAndMask(__DMA_HandleTypeDef*) 0x08009751   Thumb Code   138  stm32h7xx_hal_dma.o(i._Z32DMA_CalcDMAMUXChannelBaseAndMaskP19__DMA_HandleTypeDef)
    i._Z35DMA_CalcDMAMUXRequestGenBaseAndMaskP19__DMA_HandleTypeDef 0x080097ec   Section        0  stm32h7xx_hal_dma.o(i._Z35DMA_CalcDMAMUXRequestGenBaseAndMaskP19__DMA_HandleTypeDef)
    DMA_CalcDMAMUXRequestGenBaseAndMask(__DMA_HandleTypeDef*) 0x080097ed   Thumb Code   104  stm32h7xx_hal_dma.o(i._Z35DMA_CalcDMAMUXRequestGenBaseAndMaskP19__DMA_HandleTypeDef)
    i._ZN10robot_base15velocity_to_RPMEff    0x08009860   Section        0  user_robot_base_2.o(i._ZN10robot_base15velocity_to_RPMEff)
    i._ZN10robot_base3runEv                  0x0800990c   Section        0  user_robot_base_2.o(i._ZN10robot_base3runEv)
    i._ZN10robot_baseC1Ev                    0x0800996c   Section        0  user_robot_base_2.o(i._ZN10robot_baseC1Ev)
    i._ZN12motor_driver12get_tick_incEv      0x080099e4   Section        0  driver_motor.o(i._ZN12motor_driver12get_tick_incEv)
    i._ZN12motor_driver4spinEs               0x08009a2a   Section        0  driver_motor.o(i._ZN12motor_driver4spinEs)
    i._ZN12motor_driver7set_rpmEf            0x08009b08   Section        0  driver_motor.o(i._ZN12motor_driver7set_rpmEf)
    i._ZN12motor_driver8read_rpmEv           0x08009c18   Section        0  driver_motor.o(i._ZN12motor_driver8read_rpmEv)
    i._ZN12motor_driverC1ER17TIM_HandleTypeDefaS1_jtP12GPIO_TypeDeftt 0x08009c70   Section        0  driver_motor.o(i._ZN12motor_driverC1ER17TIM_HandleTypeDefaS1_jtP12GPIO_TypeDeftt)
    i._Znwj                                  0x08009d14   Section        0  new.o(i._Znwj)
    i.__0vsprintf                            0x08009d3c   Section        0  printfa.o(i.__0vsprintf)
    i.__scatterload_copy                     0x08009d60   Section       14  handlers.o(i.__scatterload_copy)
    i.__scatterload_null                     0x08009d6e   Section        2  handlers.o(i.__scatterload_null)
    i.__scatterload_zeroinit                 0x08009d70   Section       14  handlers.o(i.__scatterload_zeroinit)
    i.__sti___15_user_system_cpp_b7352430    0x08009d80   Section        0  user_system.o(i.__sti___15_user_system_cpp_b7352430)
    __sti___15_user_system_cpp_b7352430      0x08009d81   Thumb Code    34  user_system.o(i.__sti___15_user_system_cpp_b7352430)
    i._fp_digits                             0x08009db4   Section        0  printfa.o(i._fp_digits)
    _fp_digits                               0x08009db5   Thumb Code   366  printfa.o(i._fp_digits)
    i._printf_core                           0x08009f38   Section        0  printfa.o(i._printf_core)
    _printf_core                             0x08009f39   Thumb Code  1744  printfa.o(i._printf_core)
    i._printf_post_padding                   0x0800a614   Section        0  printfa.o(i._printf_post_padding)
    _printf_post_padding                     0x0800a615   Thumb Code    36  printfa.o(i._printf_post_padding)
    i._printf_pre_padding                    0x0800a638   Section        0  printfa.o(i._printf_pre_padding)
    _printf_pre_padding                      0x0800a639   Thumb Code    46  printfa.o(i._printf_pre_padding)
    i._sputc                                 0x0800a666   Section        0  printfa.o(i._sputc)
    _sputc                                   0x0800a667   Thumb Code    10  printfa.o(i._sputc)
    i.assert_failed                          0x0800a670   Section        0  main.o(i.assert_failed)
    i.main                                   0x0800a672   Section        0  main.o(i.main)
    i.malloc                                 0x0800a6bc   Section        0  malloc.o(i.malloc)
    i.print_usart1                           0x0800a728   Section        0  user_comm.o(i.print_usart1)
    .constdata                               0x0800a764   Section        8  stm32h7xx_hal_dma.o(.constdata)
    flagBitshiftOffset                       0x0800a764   Data           8  stm32h7xx_hal_dma.o(.constdata)
    .constdata                               0x0800a76c   Section       16  system_stm32h7xx.o(.constdata)
    .init_array                              0x0800a79c   Section        4  user_system.o(.init_array)
    .init_array                              0x0800a7a0   Section        0  cpp_init.o(.init_array)
    .data                                    0x20000000   Section       12  stm32h7xx_hal.o(.data)
    uwTickFreq                               0x20000000   Data           1  stm32h7xx_hal.o(.data)
    uwTickPrio                               0x20000004   Data           4  stm32h7xx_hal.o(.data)
    uwTick                                   0x20000008   Data           4  stm32h7xx_hal.o(.data)
    .data                                    0x2000000c   Section        8  system_stm32h7xx.o(.data)
    .data                                    0x20000014   Section       20  user_system.o(.data)
    .data                                    0x20000028   Section       20  driver_motor.o(.data)
    .data                                    0x2000003c   Section       20  user_robot_base_2.o(.data)
    linear_vel_x_min                         0x20000044   Data           4  user_robot_base_2.o(.data)
    angular_rad_z_min                        0x20000048   Data           4  user_robot_base_2.o(.data)
    tangential_vel                           0x2000004c   Data           4  user_robot_base_2.o(.data)
    .data                                    0x20000050   Section       12  cpp_memory.o(.data)
    handler_pointer                          0x20000050   Data           4  cpp_memory.o(.data)
    eh                                       0x20000054   Data           4  cpp_memory.o(.data)
    eh_p                                     0x20000058   Data           4  cpp_memory.o(.data)
    .data                                    0x2000005c   Section        4  mvars.o(.data)
    .data                                    0x20000060   Section        4  mvars.o(.data)
    .bss                                     0x20000064   Section      316  i2c.o(.bss)
    .bss                                     0x200001a0   Section       16  iwdg.o(.bss)
    .bss                                     0x200001b0   Section      136  spi.o(.bss)
    .bss                                     0x20000238   Section      384  tim.o(.bss)
    .bss                                     0x200003b8   Section      660  usart.o(.bss)
    .bss                                     0x2000064c   Section       64  stm32h7xx_hal_timebase_tim.o(.bss)
    .bss                                     0x2000068c   Section      128  user_comm.o(.bss)
    buf                                      0x2000068c   Data         128  user_comm.o(.bss)
    HEAP                                     0x20000710   Section      512  startup_stm32h743xx.o(HEAP)
    STACK                                    0x20000910   Section     1024  startup_stm32h743xx.o(STACK)

    Global Symbols

    Symbol Name                              Value     Ov Type        Size  Object(Section)

    BuildAttributes$$THM_ISAv4$E$P$D$K$B$S$7EM$VFPv5_D16$PE$PLD8$A:L22UL41UL21$X:L11$S22US41US21$IEEE1$IW$USESV6$~STKCKD$USESV7$~SHL$OSPACE$ROPI$EBA8$UX$MICROLIB$REQ8$PRES8$EABIv2 0x00000000   Number         0  anon$$obj.o ABSOLUTE
    __ARM_use_no_argv                        0x00000000   Number         0  main.o ABSOLUTE
    SHT$$ARM_EXIDX$$Base                      - Undefined Reference
    SHT$$ARM_EXIDX$$Limit                     - Undefined Reference
    __ARM::default_unexpected_handler()       - Undefined Weak Reference
    __ARM_exceptions_buffer_required          - Undefined Weak Reference
    __aeabi_unwind_cpp_pr1                    - Undefined Weak Reference
    __aeabi_unwind_cpp_pr2                    - Undefined Weak Reference
    __cxa_begin_cleanup                       - Undefined Weak Reference
    __cxa_finalize                            - Undefined Weak Reference
    __cxa_type_match                          - Undefined Weak Reference
    __decompress                              - Undefined Weak Reference
    _clock_init                               - Undefined Weak Reference
    _microlib_exit                            - Undefined Weak Reference
    __Vectors_Size                           0x00000298   Number         0  startup_stm32h743xx.o ABSOLUTE
    __Vectors                                0x08000000   Data           4  startup_stm32h743xx.o(RESET)
    __Vectors_End                            0x08000298   Data           0  startup_stm32h743xx.o(RESET)
    __main                                   0x08000299   Thumb Code     0  entry.o(.ARM.Collect$$$$00000000)
    _main_stk                                0x08000299   Thumb Code     0  entry2.o(.ARM.Collect$$$$00000001)
    _main_scatterload                        0x0800029d   Thumb Code     0  entry5.o(.ARM.Collect$$$$00000004)
    __main_after_scatterload                 0x080002a1   Thumb Code     0  entry5.o(.ARM.Collect$$$$00000004)
    _main_clock                              0x080002a1   Thumb Code     0  entry7b.o(.ARM.Collect$$$$00000008)
    _main_cpp_init$empty                     0x080002a1   Thumb Code     0  entry8a.o(.ARM.Collect$$$$00000009)
    _main_cpp_init                           0x080002a5   Thumb Code     0  entry8b.o(.ARM.Collect$$$$0000000A)
    _main_init                               0x080002a5   Thumb Code     0  entry9a.o(.ARM.Collect$$$$0000000B)
    __rt_final_cpp                           0x080002ad   Thumb Code     0  entry10a.o(.ARM.Collect$$$$0000000D)
    __rt_final_exit                          0x080002ad   Thumb Code     0  entry11a.o(.ARM.Collect$$$$0000000F)
    Reset_Handler                            0x080002b1   Thumb Code     8  startup_stm32h743xx.o(.text)
    ADC3_IRQHandler                          0x080002cb   Thumb Code     0  startup_stm32h743xx.o(.text)
    ADC_IRQHandler                           0x080002cb   Thumb Code     0  startup_stm32h743xx.o(.text)
    BDMA_Channel0_IRQHandler                 0x080002cb   Thumb Code     0  startup_stm32h743xx.o(.text)
    BDMA_Channel1_IRQHandler                 0x080002cb   Thumb Code     0  startup_stm32h743xx.o(.text)
    BDMA_Channel2_IRQHandler                 0x080002cb   Thumb Code     0  startup_stm32h743xx.o(.text)
    BDMA_Channel3_IRQHandler                 0x080002cb   Thumb Code     0  startup_stm32h743xx.o(.text)
    BDMA_Channel4_IRQHandler                 0x080002cb   Thumb Code     0  startup_stm32h743xx.o(.text)
    BDMA_Channel5_IRQHandler                 0x080002cb   Thumb Code     0  startup_stm32h743xx.o(.text)
    BDMA_Channel6_IRQHandler                 0x080002cb   Thumb Code     0  startup_stm32h743xx.o(.text)
    BDMA_Channel7_IRQHandler                 0x080002cb   Thumb Code     0  startup_stm32h743xx.o(.text)
    CEC_IRQHandler                           0x080002cb   Thumb Code     0  startup_stm32h743xx.o(.text)
    COMP1_IRQHandler                         0x080002cb   Thumb Code     0  startup_stm32h743xx.o(.text)
    CRS_IRQHandler                           0x080002cb   Thumb Code     0  startup_stm32h743xx.o(.text)
    DCMI_IRQHandler                          0x080002cb   Thumb Code     0  startup_stm32h743xx.o(.text)
    DFSDM1_FLT0_IRQHandler                   0x080002cb   Thumb Code     0  startup_stm32h743xx.o(.text)
    DFSDM1_FLT1_IRQHandler                   0x080002cb   Thumb Code     0  startup_stm32h743xx.o(.text)
    DFSDM1_FLT2_IRQHandler                   0x080002cb   Thumb Code     0  startup_stm32h743xx.o(.text)
    DFSDM1_FLT3_IRQHandler                   0x080002cb   Thumb Code     0  startup_stm32h743xx.o(.text)
    DMA1_Stream4_IRQHandler                  0x080002cb   Thumb Code     0  startup_stm32h743xx.o(.text)
    DMA1_Stream5_IRQHandler                  0x080002cb   Thumb Code     0  startup_stm32h743xx.o(.text)
    DMA1_Stream6_IRQHandler                  0x080002cb   Thumb Code     0  startup_stm32h743xx.o(.text)
    DMA1_Stream7_IRQHandler                  0x080002cb   Thumb Code     0  startup_stm32h743xx.o(.text)
    DMA2D_IRQHandler                         0x080002cb   Thumb Code     0  startup_stm32h743xx.o(.text)
    DMA2_Stream0_IRQHandler                  0x080002cb   Thumb Code     0  startup_stm32h743xx.o(.text)
    DMA2_Stream1_IRQHandler                  0x080002cb   Thumb Code     0  startup_stm32h743xx.o(.text)
    DMA2_Stream2_IRQHandler                  0x080002cb   Thumb Code     0  startup_stm32h743xx.o(.text)
    DMA2_Stream3_IRQHandler                  0x080002cb   Thumb Code     0  startup_stm32h743xx.o(.text)
    DMA2_Stream4_IRQHandler                  0x080002cb   Thumb Code     0  startup_stm32h743xx.o(.text)
    DMA2_Stream5_IRQHandler                  0x080002cb   Thumb Code     0  startup_stm32h743xx.o(.text)
    DMA2_Stream6_IRQHandler                  0x080002cb   Thumb Code     0  startup_stm32h743xx.o(.text)
    DMA2_Stream7_IRQHandler                  0x080002cb   Thumb Code     0  startup_stm32h743xx.o(.text)
    DMAMUX1_OVR_IRQHandler                   0x080002cb   Thumb Code     0  startup_stm32h743xx.o(.text)
    DMAMUX2_OVR_IRQHandler                   0x080002cb   Thumb Code     0  startup_stm32h743xx.o(.text)
    ECC_IRQHandler                           0x080002cb   Thumb Code     0  startup_stm32h743xx.o(.text)
    ETH_IRQHandler                           0x080002cb   Thumb Code     0  startup_stm32h743xx.o(.text)
    ETH_WKUP_IRQHandler                      0x080002cb   Thumb Code     0  startup_stm32h743xx.o(.text)
    EXTI0_IRQHandler                         0x080002cb   Thumb Code     0  startup_stm32h743xx.o(.text)
    EXTI15_10_IRQHandler                     0x080002cb   Thumb Code     0  startup_stm32h743xx.o(.text)
    EXTI1_IRQHandler                         0x080002cb   Thumb Code     0  startup_stm32h743xx.o(.text)
    EXTI2_IRQHandler                         0x080002cb   Thumb Code     0  startup_stm32h743xx.o(.text)
    EXTI3_IRQHandler                         0x080002cb   Thumb Code     0  startup_stm32h743xx.o(.text)
    EXTI4_IRQHandler                         0x080002cb   Thumb Code     0  startup_stm32h743xx.o(.text)
    EXTI9_5_IRQHandler                       0x080002cb   Thumb Code     0  startup_stm32h743xx.o(.text)
    FDCAN1_IT0_IRQHandler                    0x080002cb   Thumb Code     0  startup_stm32h743xx.o(.text)
    FDCAN1_IT1_IRQHandler                    0x080002cb   Thumb Code     0  startup_stm32h743xx.o(.text)
    FDCAN2_IT0_IRQHandler                    0x080002cb   Thumb Code     0  startup_stm32h743xx.o(.text)
    FDCAN2_IT1_IRQHandler                    0x080002cb   Thumb Code     0  startup_stm32h743xx.o(.text)
    FDCAN_CAL_IRQHandler                     0x080002cb   Thumb Code     0  startup_stm32h743xx.o(.text)
    FLASH_IRQHandler                         0x080002cb   Thumb Code     0  startup_stm32h743xx.o(.text)
    FMC_IRQHandler                           0x080002cb   Thumb Code     0  startup_stm32h743xx.o(.text)
    FPU_IRQHandler                           0x080002cb   Thumb Code     0  startup_stm32h743xx.o(.text)
    HRTIM1_FLT_IRQHandler                    0x080002cb   Thumb Code     0  startup_stm32h743xx.o(.text)
    HRTIM1_Master_IRQHandler                 0x080002cb   Thumb Code     0  startup_stm32h743xx.o(.text)
    HRTIM1_TIMA_IRQHandler                   0x080002cb   Thumb Code     0  startup_stm32h743xx.o(.text)
    HRTIM1_TIMB_IRQHandler                   0x080002cb   Thumb Code     0  startup_stm32h743xx.o(.text)
    HRTIM1_TIMC_IRQHandler                   0x080002cb   Thumb Code     0  startup_stm32h743xx.o(.text)
    HRTIM1_TIMD_IRQHandler                   0x080002cb   Thumb Code     0  startup_stm32h743xx.o(.text)
    HRTIM1_TIME_IRQHandler                   0x080002cb   Thumb Code     0  startup_stm32h743xx.o(.text)
    HSEM1_IRQHandler                         0x080002cb   Thumb Code     0  startup_stm32h743xx.o(.text)
    I2C2_ER_IRQHandler                       0x080002cb   Thumb Code     0  startup_stm32h743xx.o(.text)
    I2C2_EV_IRQHandler                       0x080002cb   Thumb Code     0  startup_stm32h743xx.o(.text)
    I2C3_ER_IRQHandler                       0x080002cb   Thumb Code     0  startup_stm32h743xx.o(.text)
    I2C3_EV_IRQHandler                       0x080002cb   Thumb Code     0  startup_stm32h743xx.o(.text)
    I2C4_ER_IRQHandler                       0x080002cb   Thumb Code     0  startup_stm32h743xx.o(.text)
    I2C4_EV_IRQHandler                       0x080002cb   Thumb Code     0  startup_stm32h743xx.o(.text)
    JPEG_IRQHandler                          0x080002cb   Thumb Code     0  startup_stm32h743xx.o(.text)
    LPTIM1_IRQHandler                        0x080002cb   Thumb Code     0  startup_stm32h743xx.o(.text)
    LPTIM2_IRQHandler                        0x080002cb   Thumb Code     0  startup_stm32h743xx.o(.text)
    LPTIM3_IRQHandler                        0x080002cb   Thumb Code     0  startup_stm32h743xx.o(.text)
    LPTIM4_IRQHandler                        0x080002cb   Thumb Code     0  startup_stm32h743xx.o(.text)
    LPTIM5_IRQHandler                        0x080002cb   Thumb Code     0  startup_stm32h743xx.o(.text)
    LPUART1_IRQHandler                       0x080002cb   Thumb Code     0  startup_stm32h743xx.o(.text)
    LTDC_ER_IRQHandler                       0x080002cb   Thumb Code     0  startup_stm32h743xx.o(.text)
    LTDC_IRQHandler                          0x080002cb   Thumb Code     0  startup_stm32h743xx.o(.text)
    MDIOS_IRQHandler                         0x080002cb   Thumb Code     0  startup_stm32h743xx.o(.text)
    MDIOS_WKUP_IRQHandler                    0x080002cb   Thumb Code     0  startup_stm32h743xx.o(.text)
    MDMA_IRQHandler                          0x080002cb   Thumb Code     0  startup_stm32h743xx.o(.text)
    OTG_FS_EP1_IN_IRQHandler                 0x080002cb   Thumb Code     0  startup_stm32h743xx.o(.text)
    OTG_FS_EP1_OUT_IRQHandler                0x080002cb   Thumb Code     0  startup_stm32h743xx.o(.text)
    OTG_FS_IRQHandler                        0x080002cb   Thumb Code     0  startup_stm32h743xx.o(.text)
    OTG_FS_WKUP_IRQHandler                   0x080002cb   Thumb Code     0  startup_stm32h743xx.o(.text)
    OTG_HS_EP1_IN_IRQHandler                 0x080002cb   Thumb Code     0  startup_stm32h743xx.o(.text)
    OTG_HS_EP1_OUT_IRQHandler                0x080002cb   Thumb Code     0  startup_stm32h743xx.o(.text)
    OTG_HS_IRQHandler                        0x080002cb   Thumb Code     0  startup_stm32h743xx.o(.text)
    OTG_HS_WKUP_IRQHandler                   0x080002cb   Thumb Code     0  startup_stm32h743xx.o(.text)
    PVD_AVD_IRQHandler                       0x080002cb   Thumb Code     0  startup_stm32h743xx.o(.text)
    QUADSPI_IRQHandler                       0x080002cb   Thumb Code     0  startup_stm32h743xx.o(.text)
    RCC_IRQHandler                           0x080002cb   Thumb Code     0  startup_stm32h743xx.o(.text)
    RNG_IRQHandler                           0x080002cb   Thumb Code     0  startup_stm32h743xx.o(.text)
    RTC_Alarm_IRQHandler                     0x080002cb   Thumb Code     0  startup_stm32h743xx.o(.text)
    RTC_WKUP_IRQHandler                      0x080002cb   Thumb Code     0  startup_stm32h743xx.o(.text)
    SAI1_IRQHandler                          0x080002cb   Thumb Code     0  startup_stm32h743xx.o(.text)
    SAI2_IRQHandler                          0x080002cb   Thumb Code     0  startup_stm32h743xx.o(.text)
    SAI3_IRQHandler                          0x080002cb   Thumb Code     0  startup_stm32h743xx.o(.text)
    SAI4_IRQHandler                          0x080002cb   Thumb Code     0  startup_stm32h743xx.o(.text)
    SDMMC1_IRQHandler                        0x080002cb   Thumb Code     0  startup_stm32h743xx.o(.text)
    SDMMC2_IRQHandler                        0x080002cb   Thumb Code     0  startup_stm32h743xx.o(.text)
    SPDIF_RX_IRQHandler                      0x080002cb   Thumb Code     0  startup_stm32h743xx.o(.text)
    SPI1_IRQHandler                          0x080002cb   Thumb Code     0  startup_stm32h743xx.o(.text)
    SPI2_IRQHandler                          0x080002cb   Thumb Code     0  startup_stm32h743xx.o(.text)
    SPI3_IRQHandler                          0x080002cb   Thumb Code     0  startup_stm32h743xx.o(.text)
    SPI4_IRQHandler                          0x080002cb   Thumb Code     0  startup_stm32h743xx.o(.text)
    SPI5_IRQHandler                          0x080002cb   Thumb Code     0  startup_stm32h743xx.o(.text)
    SPI6_IRQHandler                          0x080002cb   Thumb Code     0  startup_stm32h743xx.o(.text)
    SWPMI1_IRQHandler                        0x080002cb   Thumb Code     0  startup_stm32h743xx.o(.text)
    TAMP_STAMP_IRQHandler                    0x080002cb   Thumb Code     0  startup_stm32h743xx.o(.text)
    TIM15_IRQHandler                         0x080002cb   Thumb Code     0  startup_stm32h743xx.o(.text)
    TIM16_IRQHandler                         0x080002cb   Thumb Code     0  startup_stm32h743xx.o(.text)
    TIM17_IRQHandler                         0x080002cb   Thumb Code     0  startup_stm32h743xx.o(.text)
    TIM1_BRK_IRQHandler                      0x080002cb   Thumb Code     0  startup_stm32h743xx.o(.text)
    TIM1_CC_IRQHandler                       0x080002cb   Thumb Code     0  startup_stm32h743xx.o(.text)
    TIM1_TRG_COM_IRQHandler                  0x080002cb   Thumb Code     0  startup_stm32h743xx.o(.text)
    TIM1_UP_IRQHandler                       0x080002cb   Thumb Code     0  startup_stm32h743xx.o(.text)
    TIM2_IRQHandler                          0x080002cb   Thumb Code     0  startup_stm32h743xx.o(.text)
    TIM3_IRQHandler                          0x080002cb   Thumb Code     0  startup_stm32h743xx.o(.text)
    TIM4_IRQHandler                          0x080002cb   Thumb Code     0  startup_stm32h743xx.o(.text)
    TIM5_IRQHandler                          0x080002cb   Thumb Code     0  startup_stm32h743xx.o(.text)
    TIM8_BRK_TIM12_IRQHandler                0x080002cb   Thumb Code     0  startup_stm32h743xx.o(.text)
    TIM8_CC_IRQHandler                       0x080002cb   Thumb Code     0  startup_stm32h743xx.o(.text)
    TIM8_TRG_COM_TIM14_IRQHandler            0x080002cb   Thumb Code     0  startup_stm32h743xx.o(.text)
    TIM8_UP_TIM13_IRQHandler                 0x080002cb   Thumb Code     0  startup_stm32h743xx.o(.text)
    UART5_IRQHandler                         0x080002cb   Thumb Code     0  startup_stm32h743xx.o(.text)
    UART7_IRQHandler                         0x080002cb   Thumb Code     0  startup_stm32h743xx.o(.text)
    UART8_IRQHandler                         0x080002cb   Thumb Code     0  startup_stm32h743xx.o(.text)
    USART1_IRQHandler                        0x080002cb   Thumb Code     0  startup_stm32h743xx.o(.text)
    USART6_IRQHandler                        0x080002cb   Thumb Code     0  startup_stm32h743xx.o(.text)
    WAKEUP_PIN_IRQHandler                    0x080002cb   Thumb Code     0  startup_stm32h743xx.o(.text)
    WWDG_IRQHandler                          0x080002cb   Thumb Code     0  startup_stm32h743xx.o(.text)
    __aeabi_uldivmod                         0x080002d5   Thumb Code    98  uldiv.o(.text)
    __aeabi_memset                           0x08000337   Thumb Code    14  memseta.o(.text)
    __aeabi_memset4                          0x08000337   Thumb Code     0  memseta.o(.text)
    __aeabi_memset8                          0x08000337   Thumb Code     0  memseta.o(.text)
    __aeabi_memclr                           0x08000345   Thumb Code     4  memseta.o(.text)
    __aeabi_memclr4                          0x08000345   Thumb Code     0  memseta.o(.text)
    __aeabi_memclr8                          0x08000345   Thumb Code     0  memseta.o(.text)
    _memset$wrapper                          0x08000349   Thumb Code    18  memseta.o(.text)
    strlen                                   0x0800035b   Thumb Code    14  strlen.o(.text)
    __cpp_initialize__aeabi_                 0x08000369   Thumb Code    22  cpp_init.o(.text)
    __default_new_handler()                  0x08000389   Thumb Code     4  arm_newhandler_noexceptions.o(.text)
    __aeabi_uidiv                            0x0800038d   Thumb Code     0  uidiv.o(.text)
    __aeabi_uidivmod                         0x0800038d   Thumb Code    44  uidiv.o(.text)
    __aeabi_llsl                             0x080003b9   Thumb Code    30  llshl.o(.text)
    _ll_shift_l                              0x080003b9   Thumb Code     0  llshl.o(.text)
    __aeabi_llsr                             0x080003d7   Thumb Code    32  llushr.o(.text)
    _ll_ushift_r                             0x080003d7   Thumb Code     0  llushr.o(.text)
    __I$use$fp                               0x080003f7   Thumb Code     0  iusefp.o(.text)
    __rt_new_handler_addr                    0x080003f9   Thumb Code     4  cpp_memory.o(.text)
    __rt_eh_globals_addr                     0x080003fd   Thumb Code    12  cpp_memory.o(.text)
    __aeabi_dadd                             0x0800040d   Thumb Code   322  dadd.o(.text)
    __aeabi_dsub                             0x0800054f   Thumb Code     6  dadd.o(.text)
    __aeabi_drsub                            0x08000555   Thumb Code     6  dadd.o(.text)
    __aeabi_dmul                             0x0800055b   Thumb Code   228  dmul.o(.text)
    __aeabi_ddiv                             0x0800063f   Thumb Code   222  ddiv.o(.text)
    __aeabi_d2ulz                            0x0800071d   Thumb Code    48  dfixul.o(.text)
    __aeabi_cdrcmple                         0x0800074d   Thumb Code    48  cdrcmple.o(.text)
    std::terminate()                         0x0800077d   Thumb Code    26  arm_exceptions_terminate.o(.text)
    __scatterload                            0x08000799   Thumb Code    28  init.o(.text)
    __scatterload_rt2                        0x08000799   Thumb Code     0  init.o(.text)
    __aeabi_lasr                             0x080007bd   Thumb Code    36  llsshr.o(.text)
    _ll_sshift_r                             0x080007bd   Thumb Code     0  llsshr.o(.text)
    _double_round                            0x080007e1   Thumb Code    30  depilogue.o(.text)
    _double_epilogue                         0x080007ff   Thumb Code   156  depilogue.o(.text)
    __cxa_get_globals                        0x080008a3   Thumb Code    62  arm_exceptions_globs.o(.text)
    __ARM_exceptions_buffer_init             0x080008ed   Thumb Code    18  arm_exceptions_mem.o(.text)
    __ARM_exceptions_buffer_allocate         0x080008ff   Thumb Code    22  arm_exceptions_mem.o(.text)
    __ARM_exceptions_buffer_free             0x08000915   Thumb Code    20  arm_exceptions_mem.o(.text)
    BusFault_Handler                         0x08000929   Thumb Code     2  stm32h7xx_it.o(i.BusFault_Handler)
    DMA1_Stream0_IRQHandler                  0x0800092d   Thumb Code     6  stm32h7xx_it.o(i.DMA1_Stream0_IRQHandler)
    DMA1_Stream1_IRQHandler                  0x08000939   Thumb Code     6  stm32h7xx_it.o(i.DMA1_Stream1_IRQHandler)
    DMA1_Stream2_IRQHandler                  0x08000945   Thumb Code     6  stm32h7xx_it.o(i.DMA1_Stream2_IRQHandler)
    DMA1_Stream3_IRQHandler                  0x08000951   Thumb Code     6  stm32h7xx_it.o(i.DMA1_Stream3_IRQHandler)
    DebugMon_Handler                         0x0800095d   Thumb Code     2  stm32h7xx_it.o(i.DebugMon_Handler)
    Error_Handler                            0x0800095f   Thumb Code     2  main.o(i.Error_Handler)
    HAL_DMA_Abort_IT                         0x08000961   Thumb Code   422  stm32h7xx_hal_dma.o(i.HAL_DMA_Abort_IT)
    HAL_DMA_IRQHandler                       0x08000b2d   Thumb Code  1762  stm32h7xx_hal_dma.o(i.HAL_DMA_IRQHandler)
    HAL_DMA_Init                             0x0800121d   Thumb Code  1284  stm32h7xx_hal_dma.o(i.HAL_DMA_Init)
    HAL_DMA_Start_IT                         0x08001721   Thumb Code   496  stm32h7xx_hal_dma.o(i.HAL_DMA_Start_IT)
    HAL_GPIO_Init                            0x0800196d   Thumb Code   716  stm32h7xx_hal_gpio.o(i.HAL_GPIO_Init)
    HAL_GPIO_WritePin                        0x08001cc1   Thumb Code    46  stm32h7xx_hal_gpio.o(i.HAL_GPIO_WritePin)
    HAL_GetREVID                             0x08001d2d   Thumb Code     8  stm32h7xx_hal.o(i.HAL_GetREVID)
    HAL_GetTick                              0x08001d39   Thumb Code     6  stm32h7xx_hal.o(i.HAL_GetTick)
    HAL_I2CEx_ConfigAnalogFilter             0x08001d45   Thumb Code   142  stm32h7xx_hal_i2c_ex.o(i.HAL_I2CEx_ConfigAnalogFilter)
    HAL_I2CEx_ConfigDigitalFilter            0x08001e21   Thumb Code   134  stm32h7xx_hal_i2c_ex.o(i.HAL_I2CEx_ConfigDigitalFilter)
    HAL_I2C_AbortCpltCallback                0x08001ef5   Thumb Code     2  stm32h7xx_hal_i2c.o(i.HAL_I2C_AbortCpltCallback)
    HAL_I2C_AddrCallback                     0x08001ef7   Thumb Code     2  stm32h7xx_hal_i2c.o(i.HAL_I2C_AddrCallback)
    HAL_I2C_ER_IRQHandler                    0x08001ef9   Thumb Code   104  stm32h7xx_hal_i2c.o(i.HAL_I2C_ER_IRQHandler)
    HAL_I2C_EV_IRQHandler                    0x08001f61   Thumb Code    16  stm32h7xx_hal_i2c.o(i.HAL_I2C_EV_IRQHandler)
    HAL_I2C_ErrorCallback                    0x08001f71   Thumb Code     2  stm32h7xx_hal_i2c.o(i.HAL_I2C_ErrorCallback)
    HAL_I2C_Init                             0x08001f75   Thumb Code   372  stm32h7xx_hal_i2c.o(i.HAL_I2C_Init)
    HAL_I2C_ListenCpltCallback               0x08002135   Thumb Code     2  stm32h7xx_hal_i2c.o(i.HAL_I2C_ListenCpltCallback)
    HAL_I2C_MspInit                          0x08002139   Thumb Code   210  i2c.o(i.HAL_I2C_MspInit)
    HAL_I2C_SlaveRxCpltCallback              0x08002221   Thumb Code     2  stm32h7xx_hal_i2c.o(i.HAL_I2C_SlaveRxCpltCallback)
    HAL_I2C_SlaveTxCpltCallback              0x08002223   Thumb Code     2  stm32h7xx_hal_i2c.o(i.HAL_I2C_SlaveTxCpltCallback)
    HAL_IWDG_Init                            0x08002225   Thumb Code   178  stm32h7xx_hal_iwdg.o(i.HAL_IWDG_Init)
    HAL_IWDG_Refresh                         0x08002319   Thumb Code    12  stm32h7xx_hal_iwdg.o(i.HAL_IWDG_Refresh)
    HAL_IncTick                              0x08002325   Thumb Code    12  stm32h7xx_hal.o(i.HAL_IncTick)
    HAL_Init                                 0x08002335   Thumb Code    72  stm32h7xx_hal.o(i.HAL_Init)
    HAL_InitTick                             0x0800238d   Thumb Code    98  stm32h7xx_hal_timebase_tim.o(i.HAL_InitTick)
    HAL_MspInit                              0x08002401   Thumb Code    22  stm32h7xx_hal_msp.o(i.HAL_MspInit)
    HAL_NVIC_EnableIRQ                       0x0800241d   Thumb Code    40  stm32h7xx_hal_cortex.o(i.HAL_NVIC_EnableIRQ)
    HAL_NVIC_SetPriority                     0x08002481   Thumb Code    92  stm32h7xx_hal_cortex.o(i.HAL_NVIC_SetPriority)
    HAL_NVIC_SetPriorityGrouping             0x0800251d   Thumb Code    58  stm32h7xx_hal_cortex.o(i.HAL_NVIC_SetPriorityGrouping)
    HAL_PWREx_ConfigSupply                   0x0800259d   Thumb Code    92  stm32h7xx_hal_pwr_ex.o(i.HAL_PWREx_ConfigSupply)
    HAL_RCCEx_GetD1SysClockFreq              0x08002639   Thumb Code    30  stm32h7xx_hal_rcc_ex.o(i.HAL_RCCEx_GetD1SysClockFreq)
    HAL_RCCEx_GetD3PCLK1Freq                 0x08002665   Thumb Code    26  stm32h7xx_hal_rcc_ex.o(i.HAL_RCCEx_GetD3PCLK1Freq)
    HAL_RCCEx_GetPLL2ClockFreq               0x08002689   Thumb Code   296  stm32h7xx_hal_rcc_ex.o(i.HAL_RCCEx_GetPLL2ClockFreq)
    HAL_RCCEx_GetPLL3ClockFreq               0x080027cd   Thumb Code   296  stm32h7xx_hal_rcc_ex.o(i.HAL_RCCEx_GetPLL3ClockFreq)
    HAL_RCCEx_PeriphCLKConfig                0x08002911   Thumb Code  3122  stm32h7xx_hal_rcc_ex.o(i.HAL_RCCEx_PeriphCLKConfig)
    HAL_RCC_ClockConfig                      0x08003549   Thumb Code  1156  stm32h7xx_hal_rcc.o(i.HAL_RCC_ClockConfig)
    HAL_RCC_GetClockConfig                   0x080039d5   Thumb Code    84  stm32h7xx_hal_rcc.o(i.HAL_RCC_GetClockConfig)
    HAL_RCC_GetHCLKFreq                      0x08003a31   Thumb Code    30  stm32h7xx_hal_rcc.o(i.HAL_RCC_GetHCLKFreq)
    HAL_RCC_GetPCLK1Freq                     0x08003a5d   Thumb Code    26  stm32h7xx_hal_rcc.o(i.HAL_RCC_GetPCLK1Freq)
    HAL_RCC_GetPCLK2Freq                     0x08003a81   Thumb Code    26  stm32h7xx_hal_rcc.o(i.HAL_RCC_GetPCLK2Freq)
    HAL_RCC_GetSysClockFreq                  0x08003aa5   Thumb Code   278  stm32h7xx_hal_rcc.o(i.HAL_RCC_GetSysClockFreq)
    HAL_RCC_OscConfig                        0x08003bdd   Thumb Code  1666  stm32h7xx_hal_rcc.o(i.HAL_RCC_OscConfig)
    HAL_SPI_Init                             0x08004265   Thumb Code   790  stm32h7xx_hal_spi.o(i.HAL_SPI_Init)
    HAL_SPI_MspInit                          0x080045cd   Thumb Code   126  spi.o(i.HAL_SPI_MspInit)
    HAL_TIMEx_Break2Callback                 0x0800465d   Thumb Code     2  stm32h7xx_hal_tim_ex.o(i.HAL_TIMEx_Break2Callback)
    HAL_TIMEx_BreakCallback                  0x0800465f   Thumb Code     2  stm32h7xx_hal_tim_ex.o(i.HAL_TIMEx_BreakCallback)
    HAL_TIMEx_CommutCallback                 0x08004661   Thumb Code     2  stm32h7xx_hal_tim_ex.o(i.HAL_TIMEx_CommutCallback)
    HAL_TIMEx_ConfigBreakDeadTime            0x08004665   Thumb Code   418  stm32h7xx_hal_tim_ex.o(i.HAL_TIMEx_ConfigBreakDeadTime)
    HAL_TIMEx_MasterConfigSynchronization    0x08004859   Thumb Code   324  stm32h7xx_hal_tim_ex.o(i.HAL_TIMEx_MasterConfigSynchronization)
    HAL_TIM_Base_Init                        0x080049f5   Thumb Code   224  stm32h7xx_hal_tim.o(i.HAL_TIM_Base_Init)
    HAL_TIM_Base_MspInit                     0x08004b41   Thumb Code    76  tim.o(i.HAL_TIM_Base_MspInit)
    HAL_TIM_Base_Start_IT                    0x08004b99   Thumb Code   140  stm32h7xx_hal_tim.o(i.HAL_TIM_Base_Start_IT)
    HAL_TIM_ConfigClockSource                0x08004c95   Thumb Code   926  stm32h7xx_hal_tim.o(i.HAL_TIM_ConfigClockSource)
    HAL_TIM_Encoder_Init                     0x080050a5   Thumb Code   500  stm32h7xx_hal_tim.o(i.HAL_TIM_Encoder_Init)
    HAL_TIM_Encoder_MspInit                  0x080052f1   Thumb Code   276  tim.o(i.HAL_TIM_Encoder_MspInit)
    HAL_TIM_Encoder_Start                    0x08005421   Thumb Code   114  stm32h7xx_hal_tim.o(i.HAL_TIM_Encoder_Start)
    HAL_TIM_IC_CaptureCallback               0x080054e9   Thumb Code     2  stm32h7xx_hal_tim.o(i.HAL_TIM_IC_CaptureCallback)
    HAL_TIM_IRQHandler                       0x080054eb   Thumb Code   386  stm32h7xx_hal_tim.o(i.HAL_TIM_IRQHandler)
    HAL_TIM_MspPostInit                      0x0800566d   Thumb Code    72  tim.o(i.HAL_TIM_MspPostInit)
    HAL_TIM_OC_ConfigChannel                 0x080056c1   Thumb Code   518  stm32h7xx_hal_tim.o(i.HAL_TIM_OC_ConfigChannel)
    HAL_TIM_OC_DelayElapsedCallback          0x0800592d   Thumb Code     2  stm32h7xx_hal_tim.o(i.HAL_TIM_OC_DelayElapsedCallback)
    HAL_TIM_OC_Init                          0x08005931   Thumb Code   224  stm32h7xx_hal_tim.o(i.HAL_TIM_OC_Init)
    HAL_TIM_OC_MspInit                       0x08005a7d   Thumb Code     2  stm32h7xx_hal_tim.o(i.HAL_TIM_OC_MspInit)
    HAL_TIM_PWM_ConfigChannel                0x08005a81   Thumb Code   722  stm32h7xx_hal_tim.o(i.HAL_TIM_PWM_ConfigChannel)
    HAL_TIM_PWM_Init                         0x08005db9   Thumb Code   224  stm32h7xx_hal_tim.o(i.HAL_TIM_PWM_Init)
    HAL_TIM_PWM_MspInit                      0x08005f05   Thumb Code     2  stm32h7xx_hal_tim.o(i.HAL_TIM_PWM_MspInit)
    HAL_TIM_PWM_PulseFinishedCallback        0x08005f07   Thumb Code     2  stm32h7xx_hal_tim.o(i.HAL_TIM_PWM_PulseFinishedCallback)
    HAL_TIM_PWM_Start                        0x08005f09   Thumb Code   302  stm32h7xx_hal_tim.o(i.HAL_TIM_PWM_Start)
    HAL_TIM_PeriodElapsedCallback            0x080060a1   Thumb Code    14  main.o(i.HAL_TIM_PeriodElapsedCallback)
    HAL_TIM_TriggerCallback                  0x080060b5   Thumb Code     2  stm32h7xx_hal_tim.o(i.HAL_TIM_TriggerCallback)
    HAL_UARTEx_DisableFifoMode               0x080060b9   Thumb Code   126  stm32h7xx_hal_uart_ex.o(i.HAL_UARTEx_DisableFifoMode)
    HAL_UARTEx_RxFifoFullCallback            0x08006195   Thumb Code     2  stm32h7xx_hal_uart_ex.o(i.HAL_UARTEx_RxFifoFullCallback)
    HAL_UARTEx_SetRxFifoThreshold            0x08006199   Thumb Code   180  stm32h7xx_hal_uart_ex.o(i.HAL_UARTEx_SetRxFifoThreshold)
    HAL_UARTEx_SetTxFifoThreshold            0x080062a9   Thumb Code   180  stm32h7xx_hal_uart_ex.o(i.HAL_UARTEx_SetTxFifoThreshold)
    HAL_UARTEx_TxFifoEmptyCallback           0x080063b9   Thumb Code     2  stm32h7xx_hal_uart_ex.o(i.HAL_UARTEx_TxFifoEmptyCallback)
    HAL_UARTEx_WakeupCallback                0x080063bb   Thumb Code     2  stm32h7xx_hal_uart_ex.o(i.HAL_UARTEx_WakeupCallback)
    HAL_UART_ErrorCallback                   0x080063bd   Thumb Code     2  stm32h7xx_hal_uart.o(i.HAL_UART_ErrorCallback)
    HAL_UART_GetState                        0x080063bf   Thumb Code    14  stm32h7xx_hal_uart.o(i.HAL_UART_GetState)
    HAL_UART_IRQHandler                      0x080063cd   Thumb Code   402  stm32h7xx_hal_uart.o(i.HAL_UART_IRQHandler)
    HAL_UART_Init                            0x08006569   Thumb Code   228  stm32h7xx_hal_uart.o(i.HAL_UART_Init)
    HAL_UART_MspInit                         0x080066ad   Thumb Code   352  usart.o(i.HAL_UART_MspInit)
    HAL_UART_Transmit_DMA                    0x0800682d   Thumb Code   144  stm32h7xx_hal_uart.o(i.HAL_UART_Transmit_DMA)
    HAL_UART_TxCpltCallback                  0x080068c9   Thumb Code     2  stm32h7xx_hal_uart.o(i.HAL_UART_TxCpltCallback)
    HAL_UART_TxHalfCpltCallback              0x080068cb   Thumb Code     2  stm32h7xx_hal_uart.o(i.HAL_UART_TxHalfCpltCallback)
    HardFault_Handler                        0x080068cd   Thumb Code     2  stm32h7xx_it.o(i.HardFault_Handler)
    I2C1_ER_IRQHandler                       0x080068d1   Thumb Code     6  stm32h7xx_it.o(i.I2C1_ER_IRQHandler)
    I2C1_EV_IRQHandler                       0x080068dd   Thumb Code     6  stm32h7xx_it.o(i.I2C1_EV_IRQHandler)
    MX_DMA_Init                              0x080068e9   Thumb Code    88  dma.o(i.MX_DMA_Init)
    MX_GPIO_Init                             0x08006945   Thumb Code   418  gpio.o(i.MX_GPIO_Init)
    MX_I2C1_Init                             0x08006b09   Thumb Code    76  i2c.o(i.MX_I2C1_Init)
    MX_IWDG1_Init                            0x08006b61   Thumb Code    38  iwdg.o(i.MX_IWDG1_Init)
    MX_SPI1_Init                             0x08006b91   Thumb Code    82  spi.o(i.MX_SPI1_Init)
    MX_TIM1_Init                             0x08006bed   Thumb Code   270  tim.o(i.MX_TIM1_Init)
    MX_TIM2_Init                             0x08006d05   Thumb Code    98  tim.o(i.MX_TIM2_Init)
    MX_TIM3_Init                             0x08006d6d   Thumb Code    96  tim.o(i.MX_TIM3_Init)
    MX_TIM4_Init                             0x08006dd5   Thumb Code    96  tim.o(i.MX_TIM4_Init)
    MX_TIM5_Init                             0x08006e3d   Thumb Code    96  tim.o(i.MX_TIM5_Init)
    MX_TIM6_Init                             0x08006ea5   Thumb Code    62  tim.o(i.MX_TIM6_Init)
    MX_UART4_Init                            0x08006eed   Thumb Code    94  usart.o(i.MX_UART4_Init)
    MX_USART2_UART_Init                      0x08006f55   Thumb Code    94  usart.o(i.MX_USART2_UART_Init)
    MX_USART3_UART_Init                      0x08006fbd   Thumb Code    94  usart.o(i.MX_USART3_UART_Init)
    MemManage_Handler                        0x08007025   Thumb Code     2  stm32h7xx_it.o(i.MemManage_Handler)
    NMI_Handler                              0x08007027   Thumb Code     2  stm32h7xx_it.o(i.NMI_Handler)
    PendSV_Handler                           0x08007029   Thumb Code     2  stm32h7xx_it.o(i.PendSV_Handler)
    SVC_Handler                              0x0800702b   Thumb Code     2  stm32h7xx_it.o(i.SVC_Handler)
    SysTick_Handler                          0x0800702d   Thumb Code     2  stm32h7xx_it.o(i.SysTick_Handler)
    SystemInit                               0x08007031   Thumb Code   134  system_stm32h7xx.o(i.SystemInit)
    TIM6_DAC_IRQHandler                      0x080070cd   Thumb Code     6  stm32h7xx_it.o(i.TIM6_DAC_IRQHandler)
    TIM7_IRQHandler                          0x080070d9   Thumb Code     6  stm32h7xx_it.o(i.TIM7_IRQHandler)
    TIM_Base_SetConfig                       0x080070e5   Thumb Code   162  stm32h7xx_hal_tim.o(i.TIM_Base_SetConfig)
    TIM_CCxChannelCmd                        0x080071a9   Thumb Code   150  stm32h7xx_hal_tim.o(i.TIM_CCxChannelCmd)
    TIM_ETR_SetConfig                        0x080072a5   Thumb Code    18  stm32h7xx_hal_tim.o(i.TIM_ETR_SetConfig)
    TIM_OC2_SetConfig                        0x080072b9   Thumb Code   196  stm32h7xx_hal_tim.o(i.TIM_OC2_SetConfig)
    UART4_IRQHandler                         0x080073cd   Thumb Code     6  stm32h7xx_it.o(i.UART4_IRQHandler)
    UART_AdvFeatureConfig                    0x080073d9   Thumb Code   472  stm32h7xx_hal_uart.o(i.UART_AdvFeatureConfig)
    UART_CheckIdleState                      0x0800760d   Thumb Code    94  stm32h7xx_hal_uart.o(i.UART_CheckIdleState)
    UART_SetConfig                           0x0800766d   Thumb Code  3584  stm32h7xx_hal_uart.o(i.UART_SetConfig)
    UART_WaitOnFlagUntilTimeout              0x08008471   Thumb Code   100  stm32h7xx_hal_uart.o(i.UART_WaitOnFlagUntilTimeout)
    USART2_IRQHandler                        0x080084d5   Thumb Code     6  stm32h7xx_it.o(i.USART2_IRQHandler)
    USART3_IRQHandler                        0x080084e1   Thumb Code     6  stm32h7xx_it.o(i.USART3_IRQHandler)
    UsageFault_Handler                       0x080084ed   Thumb Code     2  stm32h7xx_it.o(i.UsageFault_Handler)
    user_system_init()                       0x08008b79   Thumb Code    18  user_system.o(i._Z16user_system_initv)
    SystemClock_Config()                     0x080093e5   Thumb Code   176  main.o(i._Z18SystemClock_Configv)
    user_system_thread_0()                   0x08009565   Thumb Code    74  user_system.o(i._Z20user_system_thread_0v)
    robot_base::velocity_to_RPM(float, float) 0x08009861   Thumb Code   150  user_robot_base_2.o(i._ZN10robot_base15velocity_to_RPMEff)
    robot_base::run()                        0x0800990d   Thumb Code    84  user_robot_base_2.o(i._ZN10robot_base3runEv)
    robot_base::robot_base()                 0x0800996d   Thumb Code   100  user_robot_base_2.o(i._ZN10robot_baseC1Ev)
    robot_base::robot_base__sub_object()     0x0800996d   Thumb Code     0  user_robot_base_2.o(i._ZN10robot_baseC1Ev)
    motor_driver::get_tick_inc()             0x080099e5   Thumb Code    70  driver_motor.o(i._ZN12motor_driver12get_tick_incEv)
    motor_driver::spin(short)                0x08009a2b   Thumb Code   220  driver_motor.o(i._ZN12motor_driver4spinEs)
    motor_driver::set_rpm(float)             0x08009b09   Thumb Code   268  driver_motor.o(i._ZN12motor_driver7set_rpmEf)
    motor_driver::read_rpm()                 0x08009c19   Thumb Code    76  driver_motor.o(i._ZN12motor_driver8read_rpmEv)
    motor_driver::motor_driver(TIM_HandleTypeDef&, signed char, TIM_HandleTypeDef&, unsigned, unsigned short, GPIO_TypeDef*, unsigned short, unsigned short) 0x08009c71   Thumb Code   154  driver_motor.o(i._ZN12motor_driverC1ER17TIM_HandleTypeDefaS1_jtP12GPIO_TypeDeftt)
    motor_driver::motor_driver__sub_object(TIM_HandleTypeDef&, signed char, TIM_HandleTypeDef&, unsigned, unsigned short, GPIO_TypeDef*, unsigned short, unsigned short) 0x08009c71   Thumb Code     0  driver_motor.o(i._ZN12motor_driverC1ER17TIM_HandleTypeDefaS1_jtP12GPIO_TypeDeftt)
    operator new(unsigned)                   0x08009d15   Thumb Code    34  new.o(i._Znwj)
    __0vsprintf                              0x08009d3d   Thumb Code    30  printfa.o(i.__0vsprintf)
    __1vsprintf                              0x08009d3d   Thumb Code     0  printfa.o(i.__0vsprintf)
    __2vsprintf                              0x08009d3d   Thumb Code     0  printfa.o(i.__0vsprintf)
    __c89vsprintf                            0x08009d3d   Thumb Code     0  printfa.o(i.__0vsprintf)
    vsprintf                                 0x08009d3d   Thumb Code     0  printfa.o(i.__0vsprintf)
    __scatterload_copy                       0x08009d61   Thumb Code    14  handlers.o(i.__scatterload_copy)
    __scatterload_null                       0x08009d6f   Thumb Code     2  handlers.o(i.__scatterload_null)
    __scatterload_zeroinit                   0x08009d71   Thumb Code    14  handlers.o(i.__scatterload_zeroinit)
    assert_failed                            0x0800a671   Thumb Code     2  main.o(i.assert_failed)
    main                                     0x0800a673   Thumb Code    74  main.o(i.main)
    malloc                                   0x0800a6bd   Thumb Code    92  malloc.o(i.malloc)
    print_usart1                             0x0800a729   Thumb Code    52  user_comm.o(i.print_usart1)
    D1CorePrescTable                         0x0800a76c   Data          16  system_stm32h7xx.o(.constdata)
    Region$$Table$$Base                      0x0800a77c   Number         0  anon$$obj.o(Region$$Table)
    Region$$Table$$Limit                     0x0800a79c   Number         0  anon$$obj.o(Region$$Table)
    SHT$$INIT_ARRAY$$Base                    0x0800a79c   Number         0  user_system.o(.init_array)
    SHT$$INIT_ARRAY$$Limit                   0x0800a7a0   Number         0  cpp_init.o(.init_array)
    SystemCoreClock                          0x2000000c   Data           4  system_stm32h7xx.o(.data)
    SystemD2Clock                            0x20000010   Data           4  system_stm32h7xx.o(.data)
    set_p                                    0x20000014   Data           4  user_system.o(.data)
    set_i                                    0x20000018   Data           4  user_system.o(.data)
    set_d                                    0x2000001c   Data           4  user_system.o(.data)
    loop_tick                                0x20000020   Data           4  user_system.o(.data)
    xrobot                                   0x20000024   Data           4  user_system.o(.data)
    motor_driver::_p                         0x20000028   Data           4  driver_motor.o(.data)
    motor_driver::_i                         0x2000002c   Data           4  driver_motor.o(.data)
    motor_driver::_d                         0x20000030   Data           4  driver_motor.o(.data)
    motor_driver::_motor_max_rpm             0x20000034   Data           4  driver_motor.o(.data)
    motor_driver::_ticks_per_rev             0x20000038   Data           4  driver_motor.o(.data)
    robot_base::wheel_circumference          0x2000003c   Data           4  user_robot_base_2.o(.data)
    robot_base::wgeel_base_width             0x20000040   Data           4  user_robot_base_2.o(.data)
    __microlib_freelist                      0x2000005c   Data           4  mvars.o(.data)
    __microlib_freelist_initialised          0x20000060   Data           4  mvars.o(.data)
    hi2c1                                    0x20000064   Data          76  i2c.o(.bss)
    hdma_i2c1_rx                             0x200000b0   Data         120  i2c.o(.bss)
    hdma_i2c1_tx                             0x20000128   Data         120  i2c.o(.bss)
    hiwdg1                                   0x200001a0   Data          16  iwdg.o(.bss)
    hspi1                                    0x200001b0   Data         136  spi.o(.bss)
    htim1                                    0x20000238   Data          64  tim.o(.bss)
    htim2                                    0x20000278   Data          64  tim.o(.bss)
    htim3                                    0x200002b8   Data          64  tim.o(.bss)
    htim4                                    0x200002f8   Data          64  tim.o(.bss)
    htim5                                    0x20000338   Data          64  tim.o(.bss)
    htim6                                    0x20000378   Data          64  tim.o(.bss)
    huart4                                   0x200003b8   Data         140  usart.o(.bss)
    huart2                                   0x20000444   Data         140  usart.o(.bss)
    huart3                                   0x200004d0   Data         140  usart.o(.bss)
    hdma_uart4_tx                            0x2000055c   Data         120  usart.o(.bss)
    hdma_usart3_tx                           0x200005d4   Data         120  usart.o(.bss)
    htim7                                    0x2000064c   Data          64  stm32h7xx_hal_timebase_tim.o(.bss)
    __heap_base                              0x20000710   Data           0  startup_stm32h743xx.o(HEAP)
    __heap_limit                             0x20000910   Data           0  startup_stm32h743xx.o(HEAP)
    __initial_sp                             0x20000d10   Data           0  startup_stm32h743xx.o(STACK)



==============================================================================

Memory Map of the image

  Image Entry point : 0x08000299

  Load Region LR_IROM1 (Base: 0x08000000, Size: 0x0000a804, Max: 0x00200000, ABSOLUTE)

    Execution Region ER_IROM1 (Exec base: 0x08000000, Load base: 0x08000000, Size: 0x0000a7a0, Max: 0x00200000, ABSOLUTE)

    Exec Addr    Load Addr    Size         Type   Attr      Idx    E Section Name        Object

    0x08000000   0x08000000   0x00000298   Data   RO            3    RESET               startup_stm32h743xx.o
    0x08000298   0x08000298   0x00000000   Code   RO         5923  * .ARM.Collect$$$$00000000  mc_w.l(entry.o)
    0x08000298   0x08000298   0x00000004   Code   RO         5984    .ARM.Collect$$$$00000001  mc_w.l(entry2.o)
    0x0800029c   0x0800029c   0x00000004   Code   RO         5987    .ARM.Collect$$$$00000004  mc_w.l(entry5.o)
    0x080002a0   0x080002a0   0x00000000   Code   RO         5989    .ARM.Collect$$$$00000008  mc_w.l(entry7b.o)
    0x080002a0   0x080002a0   0x00000004   Code   RO         5990    .ARM.Collect$$$$00000009  mc_w.l(entry8a.o)
    0x080002a4   0x080002a4   0x00000000   Code   RO         5991    .ARM.Collect$$$$0000000A  mc_w.l(entry8b.o)
    0x080002a4   0x080002a4   0x00000008   Code   RO         5992    .ARM.Collect$$$$0000000B  mc_w.l(entry9a.o)
    0x080002ac   0x080002ac   0x00000000   Code   RO         5994    .ARM.Collect$$$$0000000D  mc_w.l(entry10a.o)
    0x080002ac   0x080002ac   0x00000000   Code   RO         5996    .ARM.Collect$$$$0000000F  mc_w.l(entry11a.o)
    0x080002ac   0x080002ac   0x00000004   Code   RO         5985    .ARM.Collect$$$$00002712  mc_w.l(entry2.o)
    0x080002b0   0x080002b0   0x00000024   Code   RO            4    .text               startup_stm32h743xx.o
    0x080002d4   0x080002d4   0x00000062   Code   RO         5926    .text               mc_w.l(uldiv.o)
    0x08000336   0x08000336   0x00000024   Code   RO         5928    .text               mc_w.l(memseta.o)
    0x0800035a   0x0800035a   0x0000000e   Code   RO         5930    .text               mc_w.l(strlen.o)
    0x08000368   0x08000368   0x00000020   Code   RO         5963    .text               mc_w.l(cpp_init.o)
    0x08000388   0x08000388   0x00000004   Code   RO         5968    .text               cpprt_w.l(arm_newhandler_noexceptions.o)
    0x0800038c   0x0800038c   0x0000002c   Code   RO         6001    .text               mc_w.l(uidiv.o)
    0x080003b8   0x080003b8   0x0000001e   Code   RO         6003    .text               mc_w.l(llshl.o)
    0x080003d6   0x080003d6   0x00000020   Code   RO         6005    .text               mc_w.l(llushr.o)
    0x080003f6   0x080003f6   0x00000000   Code   RO         6035    .text               mc_w.l(iusefp.o)
    0x080003f6   0x080003f6   0x00000002   PAD
    0x080003f8   0x080003f8   0x00000014   Code   RO         6036    .text               mc_w.l(cpp_memory.o)
    0x0800040c   0x0800040c   0x0000014e   Code   RO         6039    .text               mf_w.l(dadd.o)
    0x0800055a   0x0800055a   0x000000e4   Code   RO         6041    .text               mf_w.l(dmul.o)
    0x0800063e   0x0800063e   0x000000de   Code   RO         6043    .text               mf_w.l(ddiv.o)
    0x0800071c   0x0800071c   0x00000030   Code   RO         6045    .text               mf_w.l(dfixul.o)
    0x0800074c   0x0800074c   0x00000030   Code   RO         6047    .text               mf_w.l(cdrcmple.o)
    0x0800077c   0x0800077c   0x0000001a   Code   RO         6168    .text               cpprt_w.l(arm_exceptions_terminate.o)
    0x08000796   0x08000796   0x00000002   PAD
    0x08000798   0x08000798   0x00000024   Code   RO         6174    .text               mc_w.l(init.o)
    0x080007bc   0x080007bc   0x00000024   Code   RO         6177    .text               mc_w.l(llsshr.o)
    0x080007e0   0x080007e0   0x000000ba   Code   RO         6186    .text               mf_w.l(depilogue.o)
    0x0800089a   0x0800089a   0x00000002   PAD
    0x0800089c   0x0800089c   0x00000050   Code   RO         6204    .text               cpprt_w.l(arm_exceptions_globs.o)
    0x080008ec   0x080008ec   0x0000003c   Code   RO         6219    .text               cpprt_w.l(arm_exceptions_mem.o)
    0x08000928   0x08000928   0x00000002   Code   RO          661    i.BusFault_Handler  stm32h7xx_it.o
    0x0800092a   0x0800092a   0x00000002   PAD
    0x0800092c   0x0800092c   0x0000000c   Code   RO          662    i.DMA1_Stream0_IRQHandler  stm32h7xx_it.o
    0x08000938   0x08000938   0x0000000c   Code   RO          663    i.DMA1_Stream1_IRQHandler  stm32h7xx_it.o
    0x08000944   0x08000944   0x0000000c   Code   RO          664    i.DMA1_Stream2_IRQHandler  stm32h7xx_it.o
    0x08000950   0x08000950   0x0000000c   Code   RO          665    i.DMA1_Stream3_IRQHandler  stm32h7xx_it.o
    0x0800095c   0x0800095c   0x00000002   Code   RO          666    i.DebugMon_Handler  stm32h7xx_it.o
    0x0800095e   0x0800095e   0x00000002   Code   RO           13    i.Error_Handler     main.o
    0x08000960   0x08000960   0x000001cc   Code   RO         4474    i.HAL_DMA_Abort_IT  stm32h7xx_hal_dma.o
    0x08000b2c   0x08000b2c   0x000006f0   Code   RO         4478    i.HAL_DMA_IRQHandler  stm32h7xx_hal_dma.o
    0x0800121c   0x0800121c   0x00000504   Code   RO         4479    i.HAL_DMA_Init      stm32h7xx_hal_dma.o
    0x08001720   0x08001720   0x0000024c   Code   RO         4482    i.HAL_DMA_Start_IT  stm32h7xx_hal_dma.o
    0x0800196c   0x0800196c   0x00000354   Code   RO         4307    i.HAL_GPIO_Init     stm32h7xx_hal_gpio.o
    0x08001cc0   0x08001cc0   0x0000006c   Code   RO         4311    i.HAL_GPIO_WritePin  stm32h7xx_hal_gpio.o
    0x08001d2c   0x08001d2c   0x0000000c   Code   RO         5306    i.HAL_GetREVID      stm32h7xx_hal.o
    0x08001d38   0x08001d38   0x0000000c   Code   RO         5307    i.HAL_GetTick       stm32h7xx_hal.o
    0x08001d44   0x08001d44   0x000000dc   Code   RO         1586    i.HAL_I2CEx_ConfigAnalogFilter  stm32h7xx_hal_i2c_ex.o
    0x08001e20   0x08001e20   0x000000d4   Code   RO         1587    i.HAL_I2CEx_ConfigDigitalFilter  stm32h7xx_hal_i2c_ex.o
    0x08001ef4   0x08001ef4   0x00000002   Code   RO         1051    i.HAL_I2C_AbortCpltCallback  stm32h7xx_hal_i2c.o
    0x08001ef6   0x08001ef6   0x00000002   Code   RO         1052    i.HAL_I2C_AddrCallback  stm32h7xx_hal_i2c.o
    0x08001ef8   0x08001ef8   0x00000068   Code   RO         1055    i.HAL_I2C_ER_IRQHandler  stm32h7xx_hal_i2c.o
    0x08001f60   0x08001f60   0x00000010   Code   RO         1056    i.HAL_I2C_EV_IRQHandler  stm32h7xx_hal_i2c.o
    0x08001f70   0x08001f70   0x00000002   Code   RO         1058    i.HAL_I2C_ErrorCallback  stm32h7xx_hal_i2c.o
    0x08001f72   0x08001f72   0x00000002   PAD
    0x08001f74   0x08001f74   0x000001c0   Code   RO         1062    i.HAL_I2C_Init      stm32h7xx_hal_i2c.o
    0x08002134   0x08002134   0x00000002   Code   RO         1064    i.HAL_I2C_ListenCpltCallback  stm32h7xx_hal_i2c.o
    0x08002136   0x08002136   0x00000002   PAD
    0x08002138   0x08002138   0x000000e8   Code   RO          381    i.HAL_I2C_MspInit   i2c.o
    0x08002220   0x08002220   0x00000002   Code   RO         1088    i.HAL_I2C_SlaveRxCpltCallback  stm32h7xx_hal_i2c.o
    0x08002222   0x08002222   0x00000002   Code   RO         1089    i.HAL_I2C_SlaveTxCpltCallback  stm32h7xx_hal_i2c.o
    0x08002224   0x08002224   0x000000f4   Code   RO         1646    i.HAL_IWDG_Init     stm32h7xx_hal_iwdg.o
    0x08002318   0x08002318   0x0000000c   Code   RO         1647    i.HAL_IWDG_Refresh  stm32h7xx_hal_iwdg.o
    0x08002324   0x08002324   0x00000010   Code   RO         5310    i.HAL_IncTick       stm32h7xx_hal.o
    0x08002334   0x08002334   0x00000058   Code   RO         5311    i.HAL_Init          stm32h7xx_hal.o
    0x0800238c   0x0800238c   0x00000074   Code   RO          848    i.HAL_InitTick      stm32h7xx_hal_timebase_tim.o
    0x08002400   0x08002400   0x0000001c   Code   RO          823    i.HAL_MspInit       stm32h7xx_hal_msp.o
    0x0800241c   0x0800241c   0x00000064   Code   RO          896    i.HAL_NVIC_EnableIRQ  stm32h7xx_hal_cortex.o
    0x08002480   0x08002480   0x0000009c   Code   RO          902    i.HAL_NVIC_SetPriority  stm32h7xx_hal_cortex.o
    0x0800251c   0x0800251c   0x00000080   Code   RO          903    i.HAL_NVIC_SetPriorityGrouping  stm32h7xx_hal_cortex.o
    0x0800259c   0x0800259c   0x0000009c   Code   RO         4991    i.HAL_PWREx_ConfigSupply  stm32h7xx_hal_pwr_ex.o
    0x08002638   0x08002638   0x0000002c   Code   RO         3861    i.HAL_RCCEx_GetD1SysClockFreq  stm32h7xx_hal_rcc_ex.o
    0x08002664   0x08002664   0x00000024   Code   RO         3862    i.HAL_RCCEx_GetD3PCLK1Freq  stm32h7xx_hal_rcc_ex.o
    0x08002688   0x08002688   0x00000144   Code   RO         3864    i.HAL_RCCEx_GetPLL2ClockFreq  stm32h7xx_hal_rcc_ex.o
    0x080027cc   0x080027cc   0x00000144   Code   RO         3865    i.HAL_RCCEx_GetPLL3ClockFreq  stm32h7xx_hal_rcc_ex.o
    0x08002910   0x08002910   0x00000c38   Code   RO         3869    i.HAL_RCCEx_PeriphCLKConfig  stm32h7xx_hal_rcc_ex.o
    0x08003548   0x08003548   0x0000048c   Code   RO         3734    i.HAL_RCC_ClockConfig  stm32h7xx_hal_rcc.o
    0x080039d4   0x080039d4   0x0000005c   Code   RO         3738    i.HAL_RCC_GetClockConfig  stm32h7xx_hal_rcc.o
    0x08003a30   0x08003a30   0x0000002c   Code   RO         3739    i.HAL_RCC_GetHCLKFreq  stm32h7xx_hal_rcc.o
    0x08003a5c   0x08003a5c   0x00000024   Code   RO         3741    i.HAL_RCC_GetPCLK1Freq  stm32h7xx_hal_rcc.o
    0x08003a80   0x08003a80   0x00000024   Code   RO         3742    i.HAL_RCC_GetPCLK2Freq  stm32h7xx_hal_rcc.o
    0x08003aa4   0x08003aa4   0x00000138   Code   RO         3743    i.HAL_RCC_GetSysClockFreq  stm32h7xx_hal_rcc.o
    0x08003bdc   0x08003bdc   0x00000688   Code   RO         3746    i.HAL_RCC_OscConfig  stm32h7xx_hal_rcc.o
    0x08004264   0x08004264   0x00000368   Code   RO         1689    i.HAL_SPI_Init      stm32h7xx_hal_spi.o
    0x080045cc   0x080045cc   0x00000090   Code   RO          457    i.HAL_SPI_MspInit   spi.o
    0x0800465c   0x0800465c   0x00000002   Code   RO         2868    i.HAL_TIMEx_Break2Callback  stm32h7xx_hal_tim_ex.o
    0x0800465e   0x0800465e   0x00000002   Code   RO         2869    i.HAL_TIMEx_BreakCallback  stm32h7xx_hal_tim_ex.o
    0x08004660   0x08004660   0x00000002   Code   RO         2870    i.HAL_TIMEx_CommutCallback  stm32h7xx_hal_tim_ex.o
    0x08004662   0x08004662   0x00000002   PAD
    0x08004664   0x08004664   0x000001f4   Code   RO         2872    i.HAL_TIMEx_ConfigBreakDeadTime  stm32h7xx_hal_tim_ex.o
    0x08004858   0x08004858   0x0000019c   Code   RO         2889    i.HAL_TIMEx_MasterConfigSynchronization  stm32h7xx_hal_tim_ex.o
    0x080049f4   0x080049f4   0x0000014c   Code   RO         2054    i.HAL_TIM_Base_Init  stm32h7xx_hal_tim.o
    0x08004b40   0x08004b40   0x00000058   Code   RO          502    i.HAL_TIM_Base_MspInit  tim.o
    0x08004b98   0x08004b98   0x000000fc   Code   RO         2059    i.HAL_TIM_Base_Start_IT  stm32h7xx_hal_tim.o
    0x08004c94   0x08004c94   0x00000410   Code   RO         2063    i.HAL_TIM_ConfigClockSource  stm32h7xx_hal_tim.o
    0x080050a4   0x080050a4   0x0000024c   Code   RO         2074    i.HAL_TIM_Encoder_Init  stm32h7xx_hal_tim.o
    0x080052f0   0x080052f0   0x00000130   Code   RO          504    i.HAL_TIM_Encoder_MspInit  tim.o
    0x08005420   0x08005420   0x000000c8   Code   RO         2077    i.HAL_TIM_Encoder_Start  stm32h7xx_hal_tim.o
    0x080054e8   0x080054e8   0x00000002   Code   RO         2085    i.HAL_TIM_IC_CaptureCallback  stm32h7xx_hal_tim.o
    0x080054ea   0x080054ea   0x00000182   Code   RO         2099    i.HAL_TIM_IRQHandler  stm32h7xx_hal_tim.o
    0x0800566c   0x0800566c   0x00000054   Code   RO          505    i.HAL_TIM_MspPostInit  tim.o
    0x080056c0   0x080056c0   0x0000026c   Code   RO         2100    i.HAL_TIM_OC_ConfigChannel  stm32h7xx_hal_tim.o
    0x0800592c   0x0800592c   0x00000002   Code   RO         2102    i.HAL_TIM_OC_DelayElapsedCallback  stm32h7xx_hal_tim.o
    0x0800592e   0x0800592e   0x00000002   PAD
    0x08005930   0x08005930   0x0000014c   Code   RO         2104    i.HAL_TIM_OC_Init   stm32h7xx_hal_tim.o
    0x08005a7c   0x08005a7c   0x00000002   Code   RO         2106    i.HAL_TIM_OC_MspInit  stm32h7xx_hal_tim.o
    0x08005a7e   0x08005a7e   0x00000002   PAD
    0x08005a80   0x08005a80   0x00000338   Code   RO         2123    i.HAL_TIM_PWM_ConfigChannel  stm32h7xx_hal_tim.o
    0x08005db8   0x08005db8   0x0000014c   Code   RO         2126    i.HAL_TIM_PWM_Init  stm32h7xx_hal_tim.o
    0x08005f04   0x08005f04   0x00000002   Code   RO         2128    i.HAL_TIM_PWM_MspInit  stm32h7xx_hal_tim.o
    0x08005f06   0x08005f06   0x00000002   Code   RO         2129    i.HAL_TIM_PWM_PulseFinishedCallback  stm32h7xx_hal_tim.o
    0x08005f08   0x08005f08   0x00000198   Code   RO         2131    i.HAL_TIM_PWM_Start  stm32h7xx_hal_tim.o
    0x080060a0   0x080060a0   0x00000014   Code   RO           14    i.HAL_TIM_PeriodElapsedCallback  main.o
    0x080060b4   0x080060b4   0x00000002   Code   RO         2142    i.HAL_TIM_TriggerCallback  stm32h7xx_hal_tim.o
    0x080060b6   0x080060b6   0x00000002   PAD
    0x080060b8   0x080060b8   0x000000dc   Code   RO         3627    i.HAL_UARTEx_DisableFifoMode  stm32h7xx_hal_uart_ex.o
    0x08006194   0x08006194   0x00000002   Code   RO         3631    i.HAL_UARTEx_RxFifoFullCallback  stm32h7xx_hal_uart_ex.o
    0x08006196   0x08006196   0x00000002   PAD
    0x08006198   0x08006198   0x00000110   Code   RO         3632    i.HAL_UARTEx_SetRxFifoThreshold  stm32h7xx_hal_uart_ex.o
    0x080062a8   0x080062a8   0x00000110   Code   RO         3633    i.HAL_UARTEx_SetTxFifoThreshold  stm32h7xx_hal_uart_ex.o
    0x080063b8   0x080063b8   0x00000002   Code   RO         3635    i.HAL_UARTEx_TxFifoEmptyCallback  stm32h7xx_hal_uart_ex.o
    0x080063ba   0x080063ba   0x00000002   Code   RO         3636    i.HAL_UARTEx_WakeupCallback  stm32h7xx_hal_uart_ex.o
    0x080063bc   0x080063bc   0x00000002   Code   RO         3208    i.HAL_UART_ErrorCallback  stm32h7xx_hal_uart.o
    0x080063be   0x080063be   0x0000000e   Code   RO         3210    i.HAL_UART_GetState  stm32h7xx_hal_uart.o
    0x080063cc   0x080063cc   0x0000019c   Code   RO         3211    i.HAL_UART_IRQHandler  stm32h7xx_hal_uart.o
    0x08006568   0x08006568   0x00000144   Code   RO         3212    i.HAL_UART_Init     stm32h7xx_hal_uart.o
    0x080066ac   0x080066ac   0x00000180   Code   RO          603    i.HAL_UART_MspInit  usart.o
    0x0800682c   0x0800682c   0x0000009c   Code   RO         3221    i.HAL_UART_Transmit_DMA  stm32h7xx_hal_uart.o
    0x080068c8   0x080068c8   0x00000002   Code   RO         3223    i.HAL_UART_TxCpltCallback  stm32h7xx_hal_uart.o
    0x080068ca   0x080068ca   0x00000002   Code   RO         3224    i.HAL_UART_TxHalfCpltCallback  stm32h7xx_hal_uart.o
    0x080068cc   0x080068cc   0x00000002   Code   RO          667    i.HardFault_Handler  stm32h7xx_it.o
    0x080068ce   0x080068ce   0x00000002   PAD
    0x080068d0   0x080068d0   0x0000000c   Code   RO          668    i.I2C1_ER_IRQHandler  stm32h7xx_it.o
    0x080068dc   0x080068dc   0x0000000c   Code   RO          669    i.I2C1_EV_IRQHandler  stm32h7xx_it.o
    0x080068e8   0x080068e8   0x0000005c   Code   RO          355    i.MX_DMA_Init       dma.o
    0x08006944   0x08006944   0x000001c4   Code   RO          230    i.MX_GPIO_Init      gpio.o
    0x08006b08   0x08006b08   0x00000058   Code   RO          382    i.MX_I2C1_Init      i2c.o
    0x08006b60   0x08006b60   0x00000030   Code   RO          425    i.MX_IWDG1_Init     iwdg.o
    0x08006b90   0x08006b90   0x0000005c   Code   RO          458    i.MX_SPI1_Init      spi.o
    0x08006bec   0x08006bec   0x00000118   Code   RO          506    i.MX_TIM1_Init      tim.o
    0x08006d04   0x08006d04   0x00000068   Code   RO          507    i.MX_TIM2_Init      tim.o
    0x08006d6c   0x08006d6c   0x00000068   Code   RO          508    i.MX_TIM3_Init      tim.o
    0x08006dd4   0x08006dd4   0x00000068   Code   RO          509    i.MX_TIM4_Init      tim.o
    0x08006e3c   0x08006e3c   0x00000068   Code   RO          510    i.MX_TIM5_Init      tim.o
    0x08006ea4   0x08006ea4   0x00000048   Code   RO          511    i.MX_TIM6_Init      tim.o
    0x08006eec   0x08006eec   0x00000068   Code   RO          604    i.MX_UART4_Init     usart.o
    0x08006f54   0x08006f54   0x00000068   Code   RO          605    i.MX_USART2_UART_Init  usart.o
    0x08006fbc   0x08006fbc   0x00000068   Code   RO          606    i.MX_USART3_UART_Init  usart.o
    0x08007024   0x08007024   0x00000002   Code   RO          670    i.MemManage_Handler  stm32h7xx_it.o
    0x08007026   0x08007026   0x00000002   Code   RO          671    i.NMI_Handler       stm32h7xx_it.o
    0x08007028   0x08007028   0x00000002   Code   RO          672    i.PendSV_Handler    stm32h7xx_it.o
    0x0800702a   0x0800702a   0x00000002   Code   RO          673    i.SVC_Handler       stm32h7xx_it.o
    0x0800702c   0x0800702c   0x00000002   Code   RO          674    i.SysTick_Handler   stm32h7xx_it.o
    0x0800702e   0x0800702e   0x00000002   PAD
    0x08007030   0x08007030   0x0000009c   Code   RO         5648    i.SystemInit        system_stm32h7xx.o
    0x080070cc   0x080070cc   0x0000000c   Code   RO          675    i.TIM6_DAC_IRQHandler  stm32h7xx_it.o
    0x080070d8   0x080070d8   0x0000000c   Code   RO          676    i.TIM7_IRQHandler   stm32h7xx_it.o
    0x080070e4   0x080070e4   0x000000c4   Code   RO         2144    i.TIM_Base_SetConfig  stm32h7xx_hal_tim.o
    0x080071a8   0x080071a8   0x000000fc   Code   RO         2145    i.TIM_CCxChannelCmd  stm32h7xx_hal_tim.o
    0x080072a4   0x080072a4   0x00000012   Code   RO         2151    i.TIM_ETR_SetConfig  stm32h7xx_hal_tim.o
    0x080072b6   0x080072b6   0x00000002   PAD
    0x080072b8   0x080072b8   0x00000114   Code   RO         2152    i.TIM_OC2_SetConfig  stm32h7xx_hal_tim.o
    0x080073cc   0x080073cc   0x0000000c   Code   RO          677    i.UART4_IRQHandler  stm32h7xx_it.o
    0x080073d8   0x080073d8   0x00000234   Code   RO         3225    i.UART_AdvFeatureConfig  stm32h7xx_hal_uart.o
    0x0800760c   0x0800760c   0x0000005e   Code   RO         3226    i.UART_CheckIdleState  stm32h7xx_hal_uart.o
    0x0800766a   0x0800766a   0x00000002   PAD
    0x0800766c   0x0800766c   0x00000e04   Code   RO         3227    i.UART_SetConfig    stm32h7xx_hal_uart.o
    0x08008470   0x08008470   0x00000064   Code   RO         3228    i.UART_WaitOnFlagUntilTimeout  stm32h7xx_hal_uart.o
    0x080084d4   0x080084d4   0x0000000c   Code   RO          678    i.USART2_IRQHandler  stm32h7xx_it.o
    0x080084e0   0x080084e0   0x0000000c   Code   RO          679    i.USART3_IRQHandler  stm32h7xx_it.o
    0x080084ec   0x080084ec   0x00000002   Code   RO          680    i.UsageFault_Handler  stm32h7xx_it.o
    0x080084ee   0x080084ee   0x00000002   PAD
    0x080084f0   0x080084f0   0x000000e0   Code   RO         1100    i._Z11I2C_ITErrorP19__I2C_HandleTypeDefj  stm32h7xx_hal_i2c.o
    0x080085d0   0x080085d0   0x00000028   Code   RO         1101    i._Z12I2C_DMAAbortP19__DMA_HandleTypeDef  stm32h7xx_hal_i2c.o
    0x080085f8   0x080085f8   0x00000124   Code   RO         4484    i._Z13DMA_SetConfigP19__DMA_HandleTypeDefjjj  stm32h7xx_hal_dma.o
    0x0800871c   0x0800871c   0x0000004e   Code   RO         3229    i._Z13UART_DMAErrorP19__DMA_HandleTypeDef  stm32h7xx_hal_uart.o
    0x0800876a   0x0800876a   0x00000022   Code   RO         1104    i._Z14I2C_Flush_TXDRP19__I2C_HandleTypeDef  stm32h7xx_hal_i2c.o
    0x0800878c   0x0800878c   0x00000088   Code   RO         1105    i._Z14I2C_ITAddrCpltP19__I2C_HandleTypeDefj  stm32h7xx_hal_i2c.o
    0x08008814   0x08008814   0x00000056   Code   RO         1106    i._Z15I2C_Disable_IRQP19__I2C_HandleTypeDeft  stm32h7xx_hal_i2c.o
    0x0800886a   0x0800886a   0x00000002   PAD
    0x0800886c   0x0800886c   0x00000184   Code   RO         1107    i._Z15I2C_ITSlaveCpltP19__I2C_HandleTypeDefj  stm32h7xx_hal_i2c.o
    0x080089f0   0x080089f0   0x00000064   Code   RO         1108    i._Z16I2C_ITListenCpltP19__I2C_HandleTypeDefj  stm32h7xx_hal_i2c.o
    0x08008a54   0x08008a54   0x00000124   Code   RO         1110    i._Z16I2C_Slave_ISR_ITP19__I2C_HandleTypeDefjj  stm32h7xx_hal_i2c.o
    0x08008b78   0x08008b78   0x00000018   Code   RO         5687    i._Z16user_system_initv  user_system.o
    0x08008b90   0x08008b90   0x000001f0   Code   RO         3872    i._Z17RCCEx_PLL2_ConfigP19RCC_PLL2InitTypeDefj  stm32h7xx_hal_rcc_ex.o
    0x08008d80   0x08008d80   0x000001f8   Code   RO         3873    i._Z17RCCEx_PLL3_ConfigP19RCC_PLL3InitTypeDefj  stm32h7xx_hal_rcc_ex.o
    0x08008f78   0x08008f78   0x00000120   Code   RO         2154    i._Z17TIM_OC1_SetConfigP11TIM_TypeDefP18TIM_OC_InitTypeDef  stm32h7xx_hal_tim.o
    0x08009098   0x08009098   0x00000108   Code   RO         2155    i._Z17TIM_OC3_SetConfigP11TIM_TypeDefP18TIM_OC_InitTypeDef  stm32h7xx_hal_tim.o
    0x080091a0   0x080091a0   0x000000c4   Code   RO         2156    i._Z17TIM_OC4_SetConfigP11TIM_TypeDefP18TIM_OC_InitTypeDef  stm32h7xx_hal_tim.o
    0x08009264   0x08009264   0x0000006c   Code   RO         2157    i._Z17TIM_OC5_SetConfigP11TIM_TypeDefP18TIM_OC_InitTypeDef  stm32h7xx_hal_tim.o
    0x080092d0   0x080092d0   0x0000006c   Code   RO         2158    i._Z17TIM_OC6_SetConfigP11TIM_TypeDefP18TIM_OC_InitTypeDef  stm32h7xx_hal_tim.o
    0x0800933c   0x0800933c   0x00000054   Code   RO         4485    i._Z18DMA_CheckFifoParamP19__DMA_HandleTypeDef  stm32h7xx_hal_dma.o
    0x08009390   0x08009390   0x00000054   Code   RO         1113    i._Z18I2C_ITSlaveSeqCpltP19__I2C_HandleTypeDef  stm32h7xx_hal_i2c.o
    0x080093e4   0x080093e4   0x000000b8   Code   RO           15    i._Z18SystemClock_Configv  main.o
    0x0800949c   0x0800949c   0x00000014   Code   RO         2161    i._Z18TIM_ITRx_SetConfigP11TIM_TypeDefj  stm32h7xx_hal_tim.o
    0x080094b0   0x080094b0   0x0000000a   Code   RO         3235    i._Z18UART_DMATxHalfCpltP19__DMA_HandleTypeDef  stm32h7xx_hal_uart.o
    0x080094ba   0x080094ba   0x00000002   PAD
    0x080094bc   0x080094bc   0x00000028   Code   RO         3236    i._Z18UART_EndRxTransferP20__UART_HandleTypeDef  stm32h7xx_hal_uart.o
    0x080094e4   0x080094e4   0x0000001c   Code   RO         3237    i._Z18UART_EndTxTransferP20__UART_HandleTypeDef  stm32h7xx_hal_uart.o
    0x08009500   0x08009500   0x00000022   Code   RO          909    i._Z18__NVIC_SetPriority9IRQn_Typej  stm32h7xx_hal_cortex.o
    0x08009522   0x08009522   0x00000014   Code   RO         3239    i._Z20UART_DMAAbortOnErrorP19__DMA_HandleTypeDef  stm32h7xx_hal_uart.o
    0x08009536   0x08009536   0x0000002e   Code   RO         3240    i._Z20UART_DMATransmitCpltP19__DMA_HandleTypeDef  stm32h7xx_hal_uart.o
    0x08009564   0x08009564   0x0000008c   Code   RO         5688    i._Z20user_system_thread_0v  user_system.o
    0x080095f0   0x080095f0   0x000000b4   Code   RO         4486    i._Z23DMA_CalcBaseAndBitshiftP19__DMA_HandleTypeDef  stm32h7xx_hal_dma.o
    0x080096a4   0x080096a4   0x00000022   Code   RO         2165    i._Z24TIM_TI1_ConfigInputStageP11TIM_TypeDefjj  stm32h7xx_hal_tim.o
    0x080096c6   0x080096c6   0x00000024   Code   RO         2166    i._Z24TIM_TI2_ConfigInputStageP11TIM_TypeDefjj  stm32h7xx_hal_tim.o
    0x080096ea   0x080096ea   0x00000002   PAD
    0x080096ec   0x080096ec   0x00000064   Code   RO         3637    i._Z25UARTEx_SetNbDataToProcessP20__UART_HandleTypeDef  stm32h7xx_hal_uart_ex.o
    0x08009750   0x08009750   0x0000009c   Code   RO         4488    i._Z32DMA_CalcDMAMUXChannelBaseAndMaskP19__DMA_HandleTypeDef  stm32h7xx_hal_dma.o
    0x080097ec   0x080097ec   0x00000074   Code   RO         4489    i._Z35DMA_CalcDMAMUXRequestGenBaseAndMaskP19__DMA_HandleTypeDef  stm32h7xx_hal_dma.o
    0x08009860   0x08009860   0x000000ac   Code   RO         5862    i._ZN10robot_base15velocity_to_RPMEff  user_robot_base_2.o
    0x0800990c   0x0800990c   0x00000060   Code   RO         5863    i._ZN10robot_base3runEv  user_robot_base_2.o
    0x0800996c   0x0800996c   0x00000078   Code   RO         5865    i._ZN10robot_baseC1Ev  user_robot_base_2.o
    0x080099e4   0x080099e4   0x00000046   Code   RO         5803    i._ZN12motor_driver12get_tick_incEv  driver_motor.o
    0x08009a2a   0x08009a2a   0x000000dc   Code   RO         5804    i._ZN12motor_driver4spinEs  driver_motor.o
    0x08009b06   0x08009b06   0x00000002   PAD
    0x08009b08   0x08009b08   0x00000110   Code   RO         5806    i._ZN12motor_driver7set_rpmEf  driver_motor.o
    0x08009c18   0x08009c18   0x00000058   Code   RO         5807    i._ZN12motor_driver8read_rpmEv  driver_motor.o
    0x08009c70   0x08009c70   0x000000a4   Code   RO         5808    i._ZN12motor_driverC1ER17TIM_HandleTypeDefaS1_jtP12GPIO_TypeDeftt  driver_motor.o
    0x08009d14   0x08009d14   0x00000028   Code   RO         5919    i._Znwj             cpprt_w.l(new.o)
    0x08009d3c   0x08009d3c   0x00000024   Code   RO         5939    i.__0vsprintf       mc_w.l(printfa.o)
    0x08009d60   0x08009d60   0x0000000e   Code   RO         6230    i.__scatterload_copy  mc_w.l(handlers.o)
    0x08009d6e   0x08009d6e   0x00000002   Code   RO         6231    i.__scatterload_null  mc_w.l(handlers.o)
    0x08009d70   0x08009d70   0x0000000e   Code   RO         6232    i.__scatterload_zeroinit  mc_w.l(handlers.o)
    0x08009d7e   0x08009d7e   0x00000002   PAD
    0x08009d80   0x08009d80   0x00000034   Code   RO         5690    i.__sti___15_user_system_cpp_b7352430  user_system.o
    0x08009db4   0x08009db4   0x00000184   Code   RO         5940    i._fp_digits        mc_w.l(printfa.o)
    0x08009f38   0x08009f38   0x000006dc   Code   RO         5941    i._printf_core      mc_w.l(printfa.o)
    0x0800a614   0x0800a614   0x00000024   Code   RO         5942    i._printf_post_padding  mc_w.l(printfa.o)
    0x0800a638   0x0800a638   0x0000002e   Code   RO         5943    i._printf_pre_padding  mc_w.l(printfa.o)
    0x0800a666   0x0800a666   0x0000000a   Code   RO         5945    i._sputc            mc_w.l(printfa.o)
    0x0800a670   0x0800a670   0x00000002   Code   RO           16    i.assert_failed     main.o
    0x0800a672   0x0800a672   0x0000004a   Code   RO           17    i.main              main.o
    0x0800a6bc   0x0800a6bc   0x0000006c   Code   RO         6008    i.malloc            mc_w.l(malloc.o)
    0x0800a728   0x0800a728   0x0000003c   Code   RO         5766    i.print_usart1      user_comm.o
    0x0800a764   0x0800a764   0x00000008   Data   RO         4507    .constdata          stm32h7xx_hal_dma.o
    0x0800a76c   0x0800a76c   0x00000010   Data   RO         5651    .constdata          system_stm32h7xx.o
    0x0800a77c   0x0800a77c   0x00000020   Data   RO         6228    Region$$Table       anon$$obj.o
    0x0800a79c   0x0800a79c   0x00000004   Data   RO         5702    .init_array         user_system.o
    0x0800a7a0   0x0800a79c   0x00000000   Data   RO         5961    .init_array         mc_w.l(cpp_init.o)


    Execution Region RW_IRAM1 (Exec base: 0x20000000, Load base: 0x0800a7a0, Size: 0x00000d10, Max: 0x00020000, ABSOLUTE)

    Exec Addr    Load Addr    Size         Type   Attr      Idx    E Section Name        Object

    0x20000000   0x0800a7a0   0x0000000c   Data   RW         5382    .data               stm32h7xx_hal.o
    0x2000000c   0x0800a7ac   0x00000008   Data   RW         5652    .data               system_stm32h7xx.o
    0x20000014   0x0800a7b4   0x00000014   Data   RW         5701    .data               user_system.o
    0x20000028   0x0800a7c8   0x00000014   Data   RW         5815    .data               driver_motor.o
    0x2000003c   0x0800a7dc   0x00000014   Data   RW         5872    .data               user_robot_base_2.o
    0x20000050   0x0800a7f0   0x0000000c   Data   RW         6037    .data               mc_w.l(cpp_memory.o)
    0x2000005c   0x0800a7fc   0x00000004   Data   RW         6183    .data               mc_w.l(mvars.o)
    0x20000060   0x0800a800   0x00000004   Data   RW         6184    .data               mc_w.l(mvars.o)
    0x20000064        -       0x0000013c   Zero   RW          386    .bss                i2c.o
    0x200001a0        -       0x00000010   Zero   RW          427    .bss                iwdg.o
    0x200001b0        -       0x00000088   Zero   RW          462    .bss                spi.o
    0x20000238        -       0x00000180   Zero   RW          523    .bss                tim.o
    0x200003b8        -       0x00000294   Zero   RW          612    .bss                usart.o
    0x2000064c        -       0x00000040   Zero   RW          854    .bss                stm32h7xx_hal_timebase_tim.o
    0x2000068c        -       0x00000080   Zero   RW         5770    .bss                user_comm.o
    0x2000070c   0x0800a804   0x00000004   PAD
    0x20000710        -       0x00000200   Zero   RW            2    HEAP                startup_stm32h743xx.o
    0x20000910        -       0x00000400   Zero   RW            1    STACK               startup_stm32h743xx.o


==============================================================================

Image component sizes


      Code (inc. data)   RO Data    RW Data    ZI Data      Debug   Object Name

        92          4          0          0          0        794   dma.o
       814         26          0         20          0       4036   driver_motor.o
       452         34          0          0          0    1273875   gpio.o
       320         34          0          0        316       1891   i2c.o
        48         10          0          0         16        705   iwdg.o
       282         14          0          0          0    1243735   main.o
       236         28          0          0        136       1725   spi.o
        36          8        664          0       1536        832   startup_stm32h743xx.o
       128         30          0         12          0       3230   stm32h7xx_hal.o
       418        194          0          0          0      37698   stm32h7xx_hal_cortex.o
      4936        310          8          0          0      10262   stm32h7xx_hal_dma.o
       960        198          0          0          0       2788   stm32h7xx_hal_gpio.o
      1964        138          0          0          0      14743   stm32h7xx_hal_i2c.o
       432        156          0          0          0       2071   stm32h7xx_hal_i2c_ex.o
       256         66          0          0          0       1827   stm32h7xx_hal_iwdg.o
        28          6          0          0          0        802   stm32h7xx_hal_msp.o
       156         64          0          0          0        817   stm32h7xx_hal_pwr_ex.o
      3356        218          0          0          0       7697   stm32h7xx_hal_rcc.o
      4856        504          0          0          0       8543   stm32h7xx_hal_rcc_ex.o
       872         82          0          0          0       1619   stm32h7xx_hal_spi.o
      7122       1536          0          0          0      23613   stm32h7xx_hal_tim.o
       918        170          0          0          0       4192   stm32h7xx_hal_tim_ex.o
       116         18          0          0         64       1411   stm32h7xx_hal_timebase_tim.o
      5480        390          0          0          0      15920   stm32h7xx_hal_uart.o
       870        296          0          0          0       5482   stm32h7xx_hal_uart_ex.o
       150         66          0          0          0       9095   stm32h7xx_it.o
       156         22         16          8          0       1374   system_stm32h7xx.o
      1244        102          0          0        384       6759   tim.o
       696         62          0          0        660       3387   usart.o
        60          8          0          0        128        587   user_comm.o
       388         54          0         20          0       2546   user_robot_base_2.o
       216         90          4         20          0       3721   user_system.o

    ----------------------------------------------------------------------
     38092       4938        724         80       3244    2697777   Object Totals
         0          0         32          0          0          0   (incl. Generated)
        34          0          0          0          4          0   (incl. Padding)

    ----------------------------------------------------------------------

      Code (inc. data)   RO Data    RW Data    ZI Data      Debug   Library Member Name

        80         12          0          0          0        104   arm_exceptions_globs.o
        60          0          0          0          0        108   arm_exceptions_mem.o
        26          0          0          0          0         76   arm_exceptions_terminate.o
         4          0          0          0          0         68   arm_newhandler_noexceptions.o
        40          6          0          0          0         76   new.o
        32         10          0          0          0         80   cpp_init.o
        20          4          0         12          0        136   cpp_memory.o
         0          0          0          0          0          0   entry.o
         0          0          0          0          0          0   entry10a.o
         0          0          0          0          0          0   entry11a.o
         8          4          0          0          0          0   entry2.o
         4          0          0          0          0          0   entry5.o
         0          0          0          0          0          0   entry7b.o
         4          0          0          0          0          0   entry8a.o
         0          0          0          0          0          0   entry8b.o
         8          4          0          0          0          0   entry9a.o
        30          0          0          0          0          0   handlers.o
        36          8          0          0          0         68   init.o
         0          0          0          0          0          0   iusefp.o
        30          0          0          0          0         68   llshl.o
        36          0          0          0          0         68   llsshr.o
        32          0          0          0          0         68   llushr.o
       108         16          0          0          0         84   malloc.o
        36          0          0          0          0        108   memseta.o
         0          0          0          8          0          0   mvars.o
      2272         86          0          0          0        516   printfa.o
        14          0          0          0          0         68   strlen.o
        44          0          0          0          0         80   uidiv.o
        98          0          0          0          0         92   uldiv.o
        48          0          0          0          0         68   cdrcmple.o
       334          0          0          0          0        148   dadd.o
       222          0          0          0          0        100   ddiv.o
       186          0          0          0          0        176   depilogue.o
        48          0          0          0          0         68   dfixul.o
       228          0          0          0          0         96   dmul.o

    ----------------------------------------------------------------------
      4096        150          0         20          0       2524   Library Totals
         8          0          0          0          0          0   (incl. Padding)

    ----------------------------------------------------------------------

      Code (inc. data)   RO Data    RW Data    ZI Data      Debug   Library Name

       210         18          0          0          0        432   cpprt_w.l
      2812        132          0         20          0       1436   mc_w.l
      1066          0          0          0          0        656   mf_w.l

    ----------------------------------------------------------------------
      4096        150          0         20          0       2524   Library Totals

    ----------------------------------------------------------------------

==============================================================================


      Code (inc. data)   RO Data    RW Data    ZI Data      Debug   

     42188       5088        724        100       3244    2682557   Grand Totals
     42188       5088        724        100       3244    2682557   ELF Image Totals
     42188       5088        724        100          0          0   ROM Totals

==============================================================================

    Total RO  Size (Code + RO Data)                42912 (  41.91kB)
    Total RW  Size (RW Data + ZI Data)              3344 (   3.27kB)
    Total ROM Size (Code + RO Data + RW Data)      43012 (  42.00kB)

==============================================================================

