Component: ARM Compiler 5.06 update 3 (build 300) Tool: armlink [4d35c9]

==============================================================================

Section Cross References

    startup_stm32f10x_hd.o(RESET) refers to startup_stm32f10x_hd.o(STACK) for __initial_sp
    startup_stm32f10x_hd.o(RESET) refers to startup_stm32f10x_hd.o(.text) for Reset_Handler
    startup_stm32f10x_hd.o(RESET) refers to stm32f10x_it.o(i.NMI_Handler) for NMI_Handler
    startup_stm32f10x_hd.o(RESET) refers to stm32f10x_it.o(i.HardFault_Handler) for HardFault_Handler
    startup_stm32f10x_hd.o(RESET) refers to stm32f10x_it.o(i.MemManage_Handler) for MemManage_Handler
    startup_stm32f10x_hd.o(RESET) refers to stm32f10x_it.o(i.BusFault_Handler) for BusFault_Handler
    startup_stm32f10x_hd.o(RESET) refers to stm32f10x_it.o(i.UsageFault_Handler) for UsageFault_Handler
    startup_stm32f10x_hd.o(RESET) refers to stm32f10x_it.o(i.SVC_Handler) for SVC_Handler
    startup_stm32f10x_hd.o(RESET) refers to stm32f10x_it.o(i.DebugMon_Handler) for DebugMon_Handler
    startup_stm32f10x_hd.o(RESET) refers to stm32f10x_it.o(i.PendSV_Handler) for PendSV_Handler
    startup_stm32f10x_hd.o(RESET) refers to stm32f10x_it.o(i.SysTick_Handler) for SysTick_Handler
    startup_stm32f10x_hd.o(RESET) refers to stm32f10x_it.o(i.WWDG_IRQHandler) for WWDG_IRQHandler
    startup_stm32f10x_hd.o(RESET) refers to stm32f10x_it.o(i.PVD_IRQHandler) for PVD_IRQHandler
    startup_stm32f10x_hd.o(RESET) refers to stm32f10x_it.o(i.TAMPER_IRQHandler) for TAMPER_IRQHandler
    startup_stm32f10x_hd.o(RESET) refers to stm32f10x_it.o(i.RTC_IRQHandler) for RTC_IRQHandler
    startup_stm32f10x_hd.o(RESET) refers to stm32f10x_it.o(i.FLASH_IRQHandler) for FLASH_IRQHandler
    startup_stm32f10x_hd.o(RESET) refers to stm32f10x_it.o(i.RCC_IRQHandler) for RCC_IRQHandler
    startup_stm32f10x_hd.o(RESET) refers to stm32f10x_it.o(i.EXTI0_IRQHandler) for EXTI0_IRQHandler
    startup_stm32f10x_hd.o(RESET) refers to stm32f10x_it.o(i.EXTI1_IRQHandler) for EXTI1_IRQHandler
    startup_stm32f10x_hd.o(RESET) refers to stm32f10x_it.o(i.EXTI2_IRQHandler) for EXTI2_IRQHandler
    startup_stm32f10x_hd.o(RESET) refers to stm32f10x_it.o(i.EXTI3_IRQHandler) for EXTI3_IRQHandler
    startup_stm32f10x_hd.o(RESET) refers to stm32f10x_it.o(i.EXTI4_IRQHandler) for EXTI4_IRQHandler
    startup_stm32f10x_hd.o(RESET) refers to stm32f10x_it.o(i.DMA1_Channel1_IRQHandler) for DMA1_Channel1_IRQHandler
    startup_stm32f10x_hd.o(RESET) refers to stm32f10x_it.o(i.DMA1_Channel2_IRQHandler) for DMA1_Channel2_IRQHandler
    startup_stm32f10x_hd.o(RESET) refers to stm32f10x_it.o(i.DMA1_Channel3_IRQHandler) for DMA1_Channel3_IRQHandler
    startup_stm32f10x_hd.o(RESET) refers to stm32f10x_it.o(i.DMA1_Channel4_IRQHandler) for DMA1_Channel4_IRQHandler
    startup_stm32f10x_hd.o(RESET) refers to stm32f10x_it.o(i.DMA1_Channel5_IRQHandler) for DMA1_Channel5_IRQHandler
    startup_stm32f10x_hd.o(RESET) refers to stm32f10x_it.o(i.DMA1_Channel6_IRQHandler) for DMA1_Channel6_IRQHandler
    startup_stm32f10x_hd.o(RESET) refers to stm32f10x_it.o(i.DMA1_Channel7_IRQHandler) for DMA1_Channel7_IRQHandler
    startup_stm32f10x_hd.o(RESET) refers to stm32f10x_it.o(i.ADC1_2_IRQHandler) for ADC1_2_IRQHandler
    startup_stm32f10x_hd.o(RESET) refers to stm32f10x_it.o(i.EXTI9_5_IRQHandler) for EXTI9_5_IRQHandler
    startup_stm32f10x_hd.o(RESET) refers to stm32f10x_it.o(i.TIM1_BRK_IRQHandler) for TIM1_BRK_IRQHandler
    startup_stm32f10x_hd.o(RESET) refers to stm32f10x_it.o(i.TIM1_UP_IRQHandler) for TIM1_UP_IRQHandler
    startup_stm32f10x_hd.o(RESET) refers to stm32f10x_it.o(i.TIM1_TRG_COM_IRQHandler) for TIM1_TRG_COM_IRQHandler
    startup_stm32f10x_hd.o(RESET) refers to stm32f10x_it.o(i.TIM1_CC_IRQHandler) for TIM1_CC_IRQHandler
    startup_stm32f10x_hd.o(RESET) refers to stm32f10x_it.o(i.TIM2_IRQHandler) for TIM2_IRQHandler
    startup_stm32f10x_hd.o(RESET) refers to stm32f10x_it.o(i.TIM3_IRQHandler) for TIM3_IRQHandler
    startup_stm32f10x_hd.o(RESET) refers to stm32f10x_it.o(i.TIM4_IRQHandler) for TIM4_IRQHandler
    startup_stm32f10x_hd.o(RESET) refers to stm32f10x_it.o(i.I2C1_EV_IRQHandler) for I2C1_EV_IRQHandler
    startup_stm32f10x_hd.o(RESET) refers to stm32f10x_it.o(i.I2C1_ER_IRQHandler) for I2C1_ER_IRQHandler
    startup_stm32f10x_hd.o(RESET) refers to stm32f10x_it.o(i.I2C2_EV_IRQHandler) for I2C2_EV_IRQHandler
    startup_stm32f10x_hd.o(RESET) refers to stm32f10x_it.o(i.I2C2_ER_IRQHandler) for I2C2_ER_IRQHandler
    startup_stm32f10x_hd.o(RESET) refers to stm32f10x_it.o(i.SPI1_IRQHandler) for SPI1_IRQHandler
    startup_stm32f10x_hd.o(RESET) refers to stm32f10x_it.o(i.SPI2_IRQHandler) for SPI2_IRQHandler
    startup_stm32f10x_hd.o(RESET) refers to stm32f10x_it.o(i.USART1_IRQHandler) for USART1_IRQHandler
    startup_stm32f10x_hd.o(RESET) refers to stm32f10x_it.o(i.USART2_IRQHandler) for USART2_IRQHandler
[...]
    .text                                    0x080002b8   Section        0  fmul.o(.text)
    .text                                    0x0800031c   Section        0  fdiv.o(.text)
    .text                                    0x08000398   Section        0  dmul.o(.text)
    .text                                    0x0800047c   Section        0  fflti.o(.text)
    .text                                    0x0800048e   Section        0  ffltui.o(.text)
    .text                                    0x08000498   Section        0  ffixi.o(.text)
    .text                                    0x080004ca   Section        0  ffixui.o(.text)
    .text                                    0x080004f2   Section        0  f2d.o(.text)
    .text                                    0x08000518   Section        0  d2f.o(.text)
    .text                                    0x08000550   Section       20  cfcmple.o(.text)
    .text                                    0x08000564   Section       20  cfrcmple.o(.text)
    .text                                    0x08000578   Section        0  uidiv.o(.text)
    .text                                    0x080005a4   Section        0  uldiv.o(.text)
    .text                                    0x08000606   Section        0  iusefp.o(.text)
    .text                                    0x08000606   Section        0  fepilogue.o(.text)
    .text                                    0x08000674   Section        0  depilogue.o(.text)
    .text                                    0x0800072e   Section        0  dadd.o(.text)
    .text                                    0x0800087c   Section        0  ddiv.o(.text)
    .text                                    0x0800095a   Section        0  dscalb.o(.text)
    .text                                    0x08000988   Section        0  dfixul.o(.text)
    .text                                    0x080009b8   Section       48  cdrcmple.o(.text)
    .text                                    0x080009e8   Section       36  init.o(.text)
    .text                                    0x08000a0c   Section        0  llshl.o(.text)
    .text                                    0x08000a2a   Section        0  llushr.o(.text)
    .text                                    0x08000a4a   Section        0  llsshr.o(.text)
    .text                                    0x08000a6e   Section        0  dsqrt.o(.text)
    i.ADC1_2_IRQHandler                      0x08000b10   Section        0  stm32f10x_it.o(i.ADC1_2_IRQHandler)
    i.ADC3_IRQHandler                        0x08000b12   Section        0  stm32f10x_it.o(i.ADC3_IRQHandler)
    i.BusFault_Handler                       0x08000b14   Section        0  stm32f10x_it.o(i.BusFault_Handler)
    i.DMA1_Channel1_IRQHandler               0x08000b18   Section        0  stm32f10x_it.o(i.DMA1_Channel1_IRQHandler)
    i.DMA1_Channel2_IRQHandler               0x08000b1a   Section        0  stm32f10x_it.o(i.DMA1_Channel2_IRQHandler)
    i.DMA1_Channel3_IRQHandler               0x08000b1c   Section        0  stm32f10x_it.o(i.DMA1_Channel3_IRQHandler)
    i.DMA1_Channel4_IRQHandler               0x08000b1e   Section        0  stm32f10x_it.o(i.DMA1_Channel4_IRQHandler)
    i.DMA1_Channel5_IRQHandler               0x08000b20   Section        0  stm32f10x_it.o(i.DMA1_Channel5_IRQHandler)
    i.DMA1_Channel6_IRQHandler               0x08000b22   Section        0  stm32f10x_it.o(i.DMA1_Channel6_IRQHandler)
    i.DMA1_Channel7_IRQHandler               0x08000b24   Section        0  stm32f10x_it.o(i.DMA1_Channel7_IRQHandler)
    i.DMA2_Channel1_IRQHandler               0x08000b26   Section        0  stm32f10x_it.o(i.DMA2_Channel1_IRQHandler)
    i.DMA2_Channel2_IRQHandler               0x08000b28   Section        0  stm32f10x_it.o(i.DMA2_Channel2_IRQHandler)
    i.DMA2_Channel3_IRQHandler               0x08000b2a   Section        0  stm32f10x_it.o(i.DMA2_Channel3_IRQHandler)
    i.DMA2_Channel4_5_IRQHandler             0x08000b2c   Section        0  stm32f10x_it.o(i.DMA2_Channel4_5_IRQHandler)
    i.DebugMon_Handler                       0x08000b2e   Section        0  stm32f10x_it.o(i.DebugMon_Handler)
    i.Delay_Init                             0x08000b30   Section        0  delay.o(i.Delay_Init)
    i.Delay_ms                               0x08000b5a   Section        0  delay.o(i.Delay_ms)
    i.Delay_us                               0x08000b74   Section        0  delay.o(i.Delay_us)
    i.EXTI0_IRQHandler                       0x08000c08   Section        0  stm32f10x_it.o(i.EXTI0_IRQHandler)
    i.EXTI15_10_IRQHandler                   0x08000c0a   Section        0  stm32f10x_it.o(i.EXTI15_10_IRQHandler)
    i.EXTI1_IRQHandler                       0x08000c0c   Section        0  stm32f10x_it.o(i.EXTI1_IRQHandler)
    i.EXTI2_IRQHandler                       0x08000c0e   Section        0  stm32f10x_it.o(i.EXTI2_IRQHandler)
    i.EXTI3_IRQHandler                       0x08000c10   Section        0  stm32f10x_it.o(i.EXTI3_IRQHandler)
    i.EXTI4_IRQHandler                       0x08000c12   Section        0  stm32f10x_it.o(i.EXTI4_IRQHandler)
    i.EXTI9_5_IRQHandler                     0x08000c14   Section        0  stm32f10x_it.o(i.EXTI9_5_IRQHandler)
    i.EXTI_ClearITPendingBit                 0x08000ca8   Section        0  stm32f10x_exti.o(i.EXTI_ClearITPendingBit)
    i.EXTI_DeInit                            0x08000cb4   Section        0  stm32f10x_exti.o(i.EXTI_DeInit)
    i.EXTI_GetITStatus                       0x08000cd8   Section        0  stm32f10x_exti.o(i.EXTI_GetITStatus)
    i.EXTI_Init                              0x08000d00   Section        0  stm32f10x_exti.o(i.EXTI_Init)
    i.FLASH_IRQHandler                       0x08000d94   Section        0  stm32f10x_it.o(i.FLASH_IRQHandler)
    i.FLASH_PrefetchBufferCmd                0x08000d98   Section        0  stm32f10x_flash.o(i.FLASH_PrefetchBufferCmd)
    i.FLASH_SetLatency                       0x08000db4   Section        0  stm32f10x_flash.o(i.FLASH_SetLatency)
    i.FSMC_IRQHandler                        0x08000dcc   Section        0  stm32f10x_it.o(i.FSMC_IRQHandler)
    i.GPIO_EXTILineConfig                    0x08000dd0   Section        0  stm32f10x_gpio.o(i.GPIO_EXTILineConfig)
    i.GPIO_Init                              0x08000e10   Section        0  stm32f10x_gpio.o(i.GPIO_Init)
    i.GPIO_ReadInputDataBit                  0x08000f26   Section        0  stm32f10x_gpio.o(i.GPIO_ReadInputDataBit)
    i.GPIO_SetBits                           0x08000f38   Section        0  stm32f10x_gpio.o(i.GPIO_SetBits)
    i.HardFault_Handler                      0x08000f3c   Section        0  stm32f10x_it.o(i.HardFault_Handler)
    i.I2C1_ER_IRQHandler                     0x08000f40   Section        0  stm32f10x_it.o(i.I2C1_ER_IRQHandler)
    i.I2C1_EV_IRQHandler                     0x08000f42   Section        0  stm32f10x_it.o(i.I2C1_EV_IRQHandler)
    i.I2C2_ER_IRQHandler                     0x08000f44   Section        0  stm32f10x_it.o(i.I2C2_ER_IRQHandler)
    i.I2C2_EV_IRQHandler                     0x08000f46   Section        0  stm32f10x_it.o(i.I2C2_EV_IRQHandler)
    i.I2C_AcknowledgeConfig                  0x08000f48   Section        0  stm32f10x_i2c.o(i.I2C_AcknowledgeConfig)
    i.I2C_BufferRead                         0x08000f60   Section        0  i2c.o(i.I2C_BufferRead)
    i.I2C_BufferWrite                        0x08001048   Section        0  i2c.o(i.I2C_BufferWrite)
    i.I2C_ByteWrite                          0x080010ec   Section        0  i2c.o(i.I2C_ByteWrite)
    i.I2C_CheckEvent                         0x08001168   Section        0  stm32f10x_i2c.o(i.I2C_CheckEvent)
    i.I2C_Cmd                                0x08001192   Section        0  stm32f10x_i2c.o(i.I2C_Cmd)
    i.I2C_GenerateSTART                      0x080011aa   Section        0  stm32f10x_i2c.o(i.I2C_GenerateSTART)
    i.I2C_GenerateSTOP                       0x080011c2   Section        0  stm32f10x_i2c.o(i.I2C_GenerateSTOP)
    i.I2C_GetFlagStatus                      0x080011da   Section        0  stm32f10x_i2c.o(i.I2C_GetFlagStatus)
    i.I2C_Init                               0x08001214   Section        0  stm32f10x_i2c.o(i.I2C_Init)
    i.I2C_ReceiveData                        0x08001300   Section        0  stm32f10x_i2c.o(i.I2C_ReceiveData)
    i.I2C_Send7bitAddress                    0x08001308   Section        0  stm32f10x_i2c.o(i.I2C_Send7bitAddress)
    i.I2C_SendData                           0x0800131a   Section        0  stm32f10x_i2c.o(i.I2C_SendData)
    i.Init_MPU6050                           0x08001320   Section        0  mpu6050.o(i.Init_MPU6050)
    i.MPU6xxx_Read_Len                       0x08001428   Section        0  mpu6050.o(i.MPU6xxx_Read_Len)
    i.MPU6xxx_Write_Len                      0x08001446   Section        0  mpu6050.o(i.MPU6xxx_Write_Len)
    i.MemManage_Handler                      0x08001464   Section        0  stm32f10x_it.o(i.MemManage_Handler)
    i.NMI_Handler                            0x08001468   Section        0  stm32f10x_it.o(i.NMI_Handler)
    i.NVIC_Init                              0x0800146c   Section        0  misc.o(i.NVIC_Init)
    i.NVIC_PriorityGroupConfig               0x080014dc   Section        0  misc.o(i.NVIC_PriorityGroupConfig)
    i.PVD_IRQHandler                         0x080014f0   Section        0  stm32f10x_it.o(i.PVD_IRQHandler)
    i.PendSV_Handler                         0x080014f2   Section        0  stm32f10x_it.o(i.PendSV_Handler)
    i.RCC_APB1PeriphClockCmd                 0x080014f4   Section        0  stm32f10x_rcc.o(i.RCC_APB1PeriphClockCmd)
    i.RCC_APB2PeriphClockCmd                 0x08001514   Section        0  stm32f10x_rcc.o(i.RCC_APB2PeriphClockCmd)
    i.RCC_ClockSecuritySystemCmd             0x08001534   Section        0  stm32f10x_rcc.o(i.RCC_ClockSecuritySystemCmd)
    i.RCC_Configuration                      0x08001540   Section        0  delay.o(i.RCC_Configuration)
    i.RCC_DeInit                             0x080015b0   Section        0  stm32f10x_rcc.o(i.RCC_DeInit)
    i.RCC_GetClocksFreq                      0x080015fc   Section        0  stm32f10x_rcc.o(i.RCC_GetClocksFreq)
    i.RCC_GetFlagStatus                      0x080016d0   Section        0  stm32f10x_rcc.o(i.RCC_GetFlagStatus)
    i.RCC_GetSYSCLKSource                    0x0800170c   Section        0  stm32f10x_rcc.o(i.RCC_GetSYSCLKSource)
    i.RCC_HCLKConfig                         0x0800171c   Section        0  stm32f10x_rcc.o(i.RCC_HCLKConfig)
    i.RCC_HSEConfig                          0x08001734   Section        0  stm32f10x_rcc.o(i.RCC_HSEConfig)
    i.RCC_IRQHandler                         0x08001780   Section        0  stm32f10x_it.o(i.RCC_IRQHandler)
    i.RCC_PCLK1Config                        0x08001784   Section        0  stm32f10x_rcc.o(i.RCC_PCLK1Config)
    i.RCC_PCLK2Config                        0x0800179c   Section        0  stm32f10x_rcc.o(i.RCC_PCLK2Config)
    i.RCC_PLLCmd                             0x080017b4   Section        0  stm32f10x_rcc.o(i.RCC_PLLCmd)
    i.RCC_PLLConfig                          0x080017c0   Section        0  stm32f10x_rcc.o(i.RCC_PLLConfig)
    i.RCC_SYSCLKConfig                       0x080017dc   Section        0  stm32f10x_rcc.o(i.RCC_SYSCLKConfig)
    i.RTCAlarm_IRQHandler                    0x080017f4   Section        0  stm32f10x_it.o(i.RTCAlarm_IRQHandler)
    i.RTC_IRQHandler                         0x080017f6   Section        0  stm32f10x_it.o(i.RTC_IRQHandler)
    i.SDIO_IRQHandler                        0x080017f8   Section        0  stm32f10x_it.o(i.SDIO_IRQHandler)
    i.SPI1_IRQHandler                        0x080017fa   Section        0  stm32f10x_it.o(i.SPI1_IRQHandler)
    i.SPI2_IRQHandler                        0x080017fc   Section        0  stm32f10x_it.o(i.SPI2_IRQHandler)
    i.SPI3_IRQHandler                        0x080017fe   Section        0  stm32f10x_it.o(i.SPI3_IRQHandler)
    i.SVC_Handler                            0x08001800   Section        0  stm32f10x_it.o(i.SVC_Handler)
    i.SetSysClock                            0x08001802   Section        0  system_stm32f10x.o(i.SetSysClock)
    SetSysClock                              0x08001803   Thumb Code     8  system_stm32f10x.o(i.SetSysClock)
    i.SetSysClockTo72                        0x0800180c   Section        0  system_stm32f10x.o(i.SetSysClockTo72)
    SetSysClockTo72                          0x0800180d   Thumb Code   214  system_stm32f10x.o(i.SetSysClockTo72)
    i.SysTick_CLKSourceConfig                0x080018ec   Section        0  misc.o(i.SysTick_CLKSourceConfig)
    i.SysTick_Handler                        0x08001914   Section        0  stm32f10x_it.o(i.SysTick_Handler)
    i.SystemInit                             0x08001918   Section        0  system_stm32f10x.o(i.SystemInit)
    i.TAMPER_IRQHandler                      0x08001978   Section        0  stm32f10x_it.o(i.TAMPER_IRQHandler)
    i.TIM1_BRK_IRQHandler                    0x0800197a   Section        0  stm32f10x_it.o(i.TIM1_BRK_IRQHandler)
    i.TIM1_CC_IRQHandler                     0x0800197c   Section        0  stm32f10x_it.o(i.TIM1_CC_IRQHandler)
    i.TIM1_TRG_COM_IRQHandler                0x0800197e   Section        0  stm32f10x_it.o(i.TIM1_TRG_COM_IRQHandler)
    i.TIM1_UP_IRQHandler                     0x08001980   Section        0  stm32f10x_it.o(i.TIM1_UP_IRQHandler)
    i.TIM2_IRQHandler                        0x08001982   Section        0  stm32f10x_it.o(i.TIM2_IRQHandler)
    i.TIM3_IRQHandler                        0x08001984   Section        0  stm32f10x_it.o(i.TIM3_IRQHandler)
    i.TIM4_IRQHandler                        0x08001986   Section        0  stm32f10x_it.o(i.TIM4_IRQHandler)
    i.TIM5_IRQHandler                        0x08001988   Section        0  stm32f10x_it.o(i.TIM5_IRQHandler)
    i.TIM6_IRQHandler                        0x0800198a   Section        0  stm32f10x_it.o(i.TIM6_IRQHandler)
    i.TIM7_IRQHandler                        0x0800198c   Section        0  stm32f10x_it.o(i.TIM7_IRQHandler)
    i.TIM8_BRK_IRQHandler                    0x0800198e   Section        0  stm32f10x_it.o(i.TIM8_BRK_IRQHandler)
    i.TIM8_CC_IRQHandler                     0x08001990   Section        0  stm32f10x_it.o(i.TIM8_CC_IRQHandler)
    i.TIM8_TRG_COM_IRQHandler                0x08001992   Section        0  stm32f10x_it.o(i.TIM8_TRG_COM_IRQHandler)
    i.TIM8_UP_IRQHandler                     0x08001994   Section        0  stm32f10x_it.o(i.TIM8_UP_IRQHandler)
    i.UART4_IRQHandler                       0x08001996   Section        0  stm32f10x_it.o(i.UART4_IRQHandler)
    i.UART5_IRQHandler                       0x08001998   Section        0  stm32f10x_it.o(i.UART5_IRQHandler)
    i.USART1_Config                          0x0800199c   Section        0  usart1.o(i.USART1_Config)
    i.USART1_IRQHandler                      0x08001a24   Section        0  stm32f10x_it.o(i.USART1_IRQHandler)
    i.USART2_IRQHandler                      0x08001a26   Section        0  stm32f10x_it.o(i.USART2_IRQHandler)
    i.USART3_IRQHandler                      0x08001a28   Section        0  stm32f10x_it.o(i.USART3_IRQHandler)
    i.USART_Cmd                              0x08001a2a   Section        0  stm32f10x_usart.o(i.USART_Cmd)
    i.USART_ITConfig                         0x08001a42   Section        0  stm32f10x_usart.o(i.USART_ITConfig)
    i.USART_Init                             0x08001a8c   Section        0  stm32f10x_usart.o(i.USART_Init)
    i.USART_SendData                         0x08001b64   Section        0  stm32f10x_usart.o(i.USART_SendData)
    i.USBWakeUp_IRQHandler                   0x08001b6c   Section        0  stm32f10x_it.o(i.USBWakeUp_IRQHandler)
    i.UsageFault_Handler                     0x08001b6e   Section        0  stm32f10x_it.o(i.UsageFault_Handler)
    i.WWDG_IRQHandler                        0x08001b72   Section        0  stm32f10x_it.o(i.WWDG_IRQHandler)
    i.__0printf                              0x08001b74   Section        0  printfa.o(i.__0printf)
    i.__0sprintf                             0x08001b94   Section        0  printfa.o(i.__0sprintf)
    i.__ARM_fpclassify                       0x08001bbc   Section        0  fpclassify.o(i.__ARM_fpclassify)
    i.__kernel_poly                          0x08001be4   Section        0  poly.o(i.__kernel_poly)
    i.__mathlib_dbl_infnan                   0x08001c8e   Section        0  dunder.o(i.__mathlib_dbl_infnan)
    i.__mathlib_dbl_infnan2                  0x08001c94   Section        0  dunder.o(i.__mathlib_dbl_infnan2)
    i.__mathlib_dbl_invalid                  0x08001c98   Section        0  dunder.o(i.__mathlib_dbl_invalid)
    i.__mathlib_dbl_underflow                0x08001ca4   Section        0  dunder.o(i.__mathlib_dbl_underflow)
    i.__scatterload_copy                     0x08001cb4   Section       14  handlers.o(i.__scatterload_copy)
    i.__scatterload_null                     0x08001cc2   Section        2  handlers.o(i.__scatterload_null)
    i.__scatterload_zeroinit                 0x08001cc4   Section       14  handlers.o(i.__scatterload_zeroinit)
    i.__set_errno                            0x08001cd4   Section        0  errno.o(i.__set_errno)
    i._fp_digits                             0x08001ce0   Section        0  printfa.o(i._fp_digits)
    _fp_digits                               0x08001ce1   Thumb Code   366  printfa.o(i._fp_digits)
    i._printf_core                           0x08001e64   Section        0  printfa.o(i._printf_core)
    _printf_core                             0x08001e65   Thumb Code  1744  printfa.o(i._printf_core)
    i._printf_post_padding                   0x08002540   Section        0  printfa.o(i._printf_post_padding)
    _printf_post_padding                     0x08002541   Thumb Code    36  printfa.o(i._printf_post_padding)
    i._printf_pre_padding                    0x08002564   Section        0  printfa.o(i._printf_pre_padding)
    _printf_pre_padding                      0x08002565   Thumb Code    46  printfa.o(i._printf_pre_padding)
    i._sputc                                 0x08002592   Section        0  printfa.o(i._sputc)
    _sputc                                   0x08002593   Thumb Code    10  printfa.o(i._sputc)
    i.accel_self_test                        0x0800259c   Section        0  inv_mpu.o(i.accel_self_test)
    accel_self_test                          0x0800259d   Thumb Code   164  inv_mpu.o(i.accel_self_test)
    i.asin                                   0x08002644   Section        0  asin.o(i.asin)
    i.atan                                   0x080028b4   Section        0  atan.o(i.atan)
    i.atan2                                  0x08002ad4   Section        0  atan2.o(i.atan2)
    i.bsp_I2c_Init                           0x08002c54   Section        0  i2c.o(i.bsp_I2c_Init)
    i.decode_gesture                         0x08002ce4   Section        0  inv_mpu_dmp_motion_driver.o(i.decode_gesture)
    decode_gesture                           0x08002ce5   Thumb Code    94  inv_mpu_dmp_motion_driver.o(i.decode_gesture)
    i.dmp_enable_6x_lp_quat                  0x08002d48   Section        0  inv_mpu_dmp_motion_driver.o(i.dmp_enable_6x_lp_quat)
    i.dmp_enable_feature                     0x08002d84   Section        0  inv_mpu_dmp_motion_driver.o(i.dmp_enable_feature)
    i.dmp_enable_gyro_cal                    0x08002fa0   Section        0  inv_mpu_dmp_motion_driver.o(i.dmp_enable_gyro_cal)
    i.dmp_enable_lp_quat                     0x08002ff8   Section        0  inv_mpu_dmp_motion_driver.o(i.dmp_enable_lp_quat)
    i.dmp_load_motion_driver_firmware        0x08003034   Section        0  inv_mpu_dmp_motion_driver.o(i.dmp_load_motion_driver_firmware)
    i.dmp_read_fifo                          0x0800304c   Section        0  inv_mpu_dmp_motion_driver.o(i.dmp_read_fifo)
    i.dmp_set_accel_bias                     0x08003218   Section        0  inv_mpu_dmp_motion_driver.o(i.dmp_set_accel_bias)
    i.dmp_set_fifo_rate                      0x08003348   Section        0  inv_mpu_dmp_motion_driver.o(i.dmp_set_fifo_rate)
    i.dmp_set_gyro_bias                      0x080033b8   Section        0  inv_mpu_dmp_motion_driver.o(i.dmp_set_gyro_bias)
    i.dmp_set_orientation                    0x080034e8   Section        0  inv_mpu_dmp_motion_driver.o(i.dmp_set_orientation)
    i.dmp_set_shake_reject_thresh            0x08003620   Section        0  inv_mpu_dmp_motion_driver.o(i.dmp_set_shake_reject_thresh)
    i.dmp_set_shake_reject_time              0x08003658   Section        0  inv_mpu_dmp_motion_driver.o(i.dmp_set_shake_reject_time)
    i.dmp_set_shake_reject_timeout           0x0800367e   Section        0  inv_mpu_dmp_motion_driver.o(i.dmp_set_shake_reject_timeout)
    i.dmp_set_tap_axes                       0x080036a4   Section        0  inv_mpu_dmp_motion_driver.o(i.dmp_set_tap_axes)
    i.dmp_set_tap_count                      0x080036ea   Section        0  inv_mpu_dmp_motion_driver.o(i.dmp_set_tap_count)
    i.dmp_set_tap_thresh                     0x08003710   Section        0  inv_mpu_dmp_motion_driver.o(i.dmp_set_tap_thresh)
    i.dmp_set_tap_time                       0x080038b0   Section        0  inv_mpu_dmp_motion_driver.o(i.dmp_set_tap_time)
    i.dmp_set_tap_time_multi                 0x080038d6   Section        0  inv_mpu_dmp_motion_driver.o(i.dmp_set_tap_time_multi)
    i.fputc                                  0x080038fc   Section        0  usart1.o(i.fputc)
    i.get_accel_prod_shift                   0x08003920   Section        0  inv_mpu.o(i.get_accel_prod_shift)
    get_accel_prod_shift                     0x08003921   Thumb Code   168  inv_mpu.o(i.get_accel_prod_shift)
    i.get_st_biases                          0x080039d4   Section        0  inv_mpu.o(i.get_st_biases)
    get_st_biases                            0x080039d5   Thumb Code  1132  inv_mpu.o(i.get_st_biases)
    i.gyro_self_test                         0x08003e44   Section        0  inv_mpu.o(i.gyro_self_test)
    gyro_self_test                           0x08003e45   Thumb Code   256  inv_mpu.o(i.gyro_self_test)
    i.inv_orientation_matrix_to_scalar       0x08003f54   Section        0  inv_mpu.o(i.inv_orientation_matrix_to_scalar)
    i.inv_row_2_scale                        0x08003f7c   Section        0  inv_mpu.o(i.inv_row_2_scale)
    i.main                                   0x08003fcc   Section        0  main.o(i.main)
    i.mget_ms                                0x08004058   Section        0  inv_mpu.o(i.mget_ms)
    i.mpu_EXTI_Configuration                 0x0800405a   Section        0  inv_mpu.o(i.mpu_EXTI_Configuration)
    i.mpu_configure_fifo                     0x080040b8   Section        0  inv_mpu.o(i.mpu_configure_fifo)
    i.mpu_dmp_get_data                       0x08004128   Section        0  inv_mpu.o(i.mpu_dmp_get_data)
    i.mpu_dmp_init                           0x0800434c   Section        0  inv_mpu.o(i.mpu_dmp_init)
    i.mpu_get_accel_fsr                      0x080043e8   Section        0  inv_mpu.o(i.mpu_get_accel_fsr)
    i.mpu_get_accel_sens                     0x08004434   Section        0  inv_mpu.o(i.mpu_get_accel_sens)
    i.mpu_get_fifo_config                    0x08004488   Section        0  inv_mpu.o(i.mpu_get_fifo_config)
    i.mpu_get_gyro_fsr                       0x08004498   Section        0  inv_mpu.o(i.mpu_get_gyro_fsr)
    i.mpu_get_gyro_sens                      0x080044dc   Section        0  inv_mpu.o(i.mpu_get_gyro_sens)
    i.mpu_get_lpf                            0x0800452c   Section        0  inv_mpu.o(i.mpu_get_lpf)
    i.mpu_get_sample_rate                    0x0800457c   Section        0  inv_mpu.o(i.mpu_get_sample_rate)
    i.mpu_init                               0x0800459c   Section        0  inv_mpu.o(i.mpu_init)
    i.mpu_load_firmware                      0x080047e0   Section        0  inv_mpu.o(i.mpu_load_firmware)
    i.mpu_lp_accel_mode                      0x08004898   Section        0  inv_mpu.o(i.mpu_lp_accel_mode)
    i.mpu_read_fifo_stream                   0x08004978   Section        0  inv_mpu.o(i.mpu_read_fifo_stream)
    i.mpu_read_mem                           0x08004a38   Section        0  inv_mpu.o(i.mpu_read_mem)
    i.mpu_reset_fifo                         0x08004ab8   Section        0  inv_mpu.o(i.mpu_reset_fifo)
    i.mpu_run_self_test                      0x08004c80   Section        0  inv_mpu.o(i.mpu_run_self_test)
    i.mpu_set_accel_fsr                      0x08004d9c   Section        0  inv_mpu.o(i.mpu_set_accel_fsr)
    i.mpu_set_bypass                         0x08004e20   Section        0  inv_mpu.o(i.mpu_set_bypass)
    i.mpu_set_dmp_state                      0x08004f6c   Section        0  inv_mpu.o(i.mpu_set_dmp_state)
    i.mpu_set_gyro_fsr                       0x08004ffc   Section        0  inv_mpu.o(i.mpu_set_gyro_fsr)
    i.mpu_set_int_latched                    0x08005084   Section        0  inv_mpu.o(i.mpu_set_int_latched)
    i.mpu_set_lpf                            0x080050f0   Section        0  inv_mpu.o(i.mpu_set_lpf)
    i.mpu_set_sample_rate                    0x08005174   Section        0  inv_mpu.o(i.mpu_set_sample_rate)
    i.mpu_set_sensors                        0x08005210   Section        0  inv_mpu.o(i.mpu_set_sensors)
    i.mpu_write_mem                          0x080052e0   Section        0  inv_mpu.o(i.mpu_write_mem)
    i.run_self_test                          0x08005360   Section        0  inv_mpu.o(i.run_self_test)
    i.set_int_enable                         0x080053f4   Section        0  inv_mpu.o(i.set_int_enable)
    set_int_enable                           0x080053f5   Thumb Code   138  inv_mpu.o(i.set_int_enable)
    i.sqrt                                   0x08005484   Section        0  sqrt.o(i.sqrt)
    .constdata                               0x080054d0   Section       80  inv_mpu.o(.constdata)
    .constdata                               0x08005520   Section     3062  inv_mpu_dmp_motion_driver.o(.constdata)
    dmp_memory                               0x08005520   Data        3062  inv_mpu_dmp_motion_driver.o(.constdata)
    .constdata                               0x08006118   Section        6  mpu6050.o(.constdata)
    .constdata                               0x08006120   Section       80  asin.o(.constdata)
    pS                                       0x08006120   Data          48  asin.o(.constdata)
    qS                                       0x08006150   Data          32  asin.o(.constdata)
    .constdata                               0x08006170   Section      152  atan.o(.constdata)
    atanhi                                   0x08006170   Data          32  atan.o(.constdata)
    atanlo                                   0x08006190   Data          32  atan.o(.constdata)
    aTodd                                    0x080061b0   Data          40  atan.o(.constdata)
    aTeven                                   0x080061d8   Data          48  atan.o(.constdata)
    .constdata                               0x08006208   Section        8  qnan.o(.constdata)
    .conststring                             0x08006210   Section       77  inv_mpu.o(.conststring)
    .data                                    0x20000000   Section       20  stm32f10x_rcc.o(.data)
    APBAHBPrescTable                         0x20000000   Data          16  stm32f10x_rcc.o(.data)
    ADCPrescTable                            0x20000010   Data           4  stm32f10x_rcc.o(.data)
    .data                                    0x20000014   Section       53  inv_mpu.o(.data)
    st                                       0x20000014   Data          44  inv_mpu.o(.data)
    gyro_orientation                         0x20000040   Data           9  inv_mpu.o(.data)
    .data                                    0x2000004c   Section        4  stdout.o(.data)
    .data                                    0x20000050   Section        4  errno.o(.data)
    _errno                                   0x20000050   Data           4  errno.o(.data)
    .bss                                     0x20000054   Section       16  inv_mpu_dmp_motion_driver.o(.bss)
    dmp                                      0x20000054   Data          16  inv_mpu_dmp_motion_driver.o(.bss)
    STACK                                    0x20000068   Section     1024  startup_stm32f10x_hd.o(STACK)

    Global Symbols

    Symbol Name                              Value     Ov Type        Size  Object(Section)

    BuildAttributes$$THM_ISAv4$P$D$K$B$S$PE$A:L22UL41UL21$X:L11$S22US41US21$IEEE1$IW$USESV6$~STKCKD$USESV7$~SHL$OTIME$ROPI$IEEEX$EBA8$MICROLIB$REQ8$PRES8$EABIv2 0x00000000   Number         0  anon$$obj.o ABSOLUTE
    __ARM_use_no_argv                        0x00000000   Number         0  main.o ABSOLUTE
    _printf_a                                0x00000000   Number         0  stubs.o ABSOLUTE
    _printf_c                                0x00000000   Number         0  stubs.o ABSOLUTE
    _printf_charcount                        0x00000000   Number         0  stubs.o ABSOLUTE
    _printf_d                                0x00000000   Number         0  stubs.o ABSOLUTE
    _printf_e                                0x00000000   Number         0  stubs.o ABSOLUTE
    _printf_f                                0x00000000   Number         0  stubs.o ABSOLUTE
    _printf_flags                            0x00000000   Number         0  stubs.o ABSOLUTE
    _printf_fp_dec                           0x00000000   Number         0  stubs.o ABSOLUTE
    _printf_fp_hex                           0x00000000   Number         0  stubs.o ABSOLUTE
    _printf_g                                0x00000000   Number         0  stubs.o ABSOLUTE
    _printf_i                                0x00000000   Number         0  stubs.o ABSOLUTE
    _printf_int_dec                          0x00000000   Number         0  stubs.o ABSOLUTE
    _printf_l                                0x00000000   Number         0  stubs.o ABSOLUTE
    _printf_lc                               0x00000000   Number         0  stubs.o ABSOLUTE
    _printf_ll                               0x00000000   Number         0  stubs.o ABSOLUTE
    _printf_lld                              0x00000000   Number         0  stubs.o ABSOLUTE
    _printf_lli                              0x00000000   Number         0  stubs.o ABSOLUTE
    _printf_llo                              0x00000000   Number         0  stubs.o ABSOLUTE
    _printf_llu                              0x00000000   Number         0  stubs.o ABSOLUTE
    _printf_llx                              0x00000000   Number         0  stubs.o ABSOLUTE
    _printf_longlong_dec                     0x00000000   Number         0  stubs.o ABSOLUTE
    _printf_longlong_hex                     0x00000000   Number         0  stubs.o ABSOLUTE
    _printf_longlong_oct                     0x00000000   Number         0  stubs.o ABSOLUTE
    _printf_ls                               0x00000000   Number         0  stubs.o ABSOLUTE
    _printf_mbtowc                           0x00000000   Number         0  stubs.o ABSOLUTE
    _printf_n                                0x00000000   Number         0  stubs.o ABSOLUTE
    _printf_o                                0x00000000   Number         0  stubs.o ABSOLUTE
    _printf_p                                0x00000000   Number         0  stubs.o ABSOLUTE
    _printf_percent                          0x00000000   Number         0  stubs.o ABSOLUTE
    _printf_pre_padding                      0x00000000   Number         0  stubs.o ABSOLUTE
    _printf_return_value                     0x00000000   Number         0  stubs.o ABSOLUTE
    _printf_s                                0x00000000   Number         0  stubs.o ABSOLUTE
    _printf_sizespec                         0x00000000   Number         0  stubs.o ABSOLUTE
    _printf_str                              0x00000000   Number         0  stubs.o ABSOLUTE
    _printf_truncate_signed                  0x00000000   Number         0  stubs.o ABSOLUTE
    _printf_truncate_unsigned                0x00000000   Number         0  stubs.o ABSOLUTE
    _printf_u                                0x00000000   Number         0  stubs.o ABSOLUTE
    _printf_wc                               0x00000000   Number         0  stubs.o ABSOLUTE
    _printf_wctomb                           0x00000000   Number         0  stubs.o ABSOLUTE
    _printf_widthprec                        0x00000000   Number         0  stubs.o ABSOLUTE
    _printf_x                                0x00000000   Number         0  stubs.o ABSOLUTE
    __cpp_initialize__aeabi_                  - Undefined Weak Reference
    __cxa_finalize                            - Undefined Weak Reference
    __decompress                              - Undefined Weak Reference
    _clock_init                               - Undefined Weak Reference
    _microlib_exit                            - Undefined Weak Reference
    __Vectors_Size                           0x00000130   Number         0  startup_stm32f10x_hd.o ABSOLUTE
    __Vectors                                0x08000000   Data           4  startup_stm32f10x_hd.o(RESET)
    __Vectors_End                            0x08000130   Data           0  startup_stm32f10x_hd.o(RESET)
    __main                                   0x08000131   Thumb Code     0  entry.o(.ARM.Collect$$$$00000000)
    _main_stk                                0x08000131   Thumb Code     0  entry2.o(.ARM.Collect$$$$00000001)
    _main_scatterload                        0x08000135   Thumb Code     0  entry5.o(.ARM.Collect$$$$00000004)
    __main_after_scatterload                 0x08000139   Thumb Code     0  entry5.o(.ARM.Collect$$$$00000004)
    _main_clock                              0x08000139   Thumb Code     0  entry7b.o(.ARM.Collect$$$$00000008)
    _main_cpp_init                           0x08000139   Thumb Code     0  entry8b.o(.ARM.Collect$$$$0000000A)
    _main_init                               0x08000139   Thumb Code     0  entry9a.o(.ARM.Collect$$$$0000000B)
    __rt_final_cpp                           0x08000141   Thumb Code     0  entry10a.o(.ARM.Collect$$$$0000000D)
    __rt_final_exit                          0x08000141   Thumb Code     0  entry11a.o(.ARM.Collect$$$$0000000F)
    Reset_Handler                            0x08000145   Thumb Code     8  startup_stm32f10x_hd.o(.text)
    CAN1_RX1_IRQHandler                      0x0800015f   Thumb Code     0  startup_stm32f10x_hd.o(.text)
    CAN1_SCE_IRQHandler                      0x0800015f   Thumb Code     0  startup_stm32f10x_hd.o(.text)
    USB_HP_CAN1_TX_IRQHandler                0x0800015f   Thumb Code     0  startup_stm32f10x_hd.o(.text)
    USB_LP_CAN1_RX0_IRQHandler               0x0800015f   Thumb Code     0  startup_stm32f10x_hd.o(.text)
    __aeabi_ldivmod                          0x08000169   Thumb Code    98  ldiv.o(.text)
    __aeabi_memset                           0x080001cb   Thumb Code    14  memseta.o(.text)
    __aeabi_memset4                          0x080001cb   Thumb Code     0  memseta.o(.text)
    __aeabi_memset8                          0x080001cb   Thumb Code     0  memseta.o(.text)
    __aeabi_memclr                           0x080001d9   Thumb Code     4  memseta.o(.text)
    __aeabi_memclr4                          0x080001d9   Thumb Code     0  memseta.o(.text)
    __aeabi_memclr8                          0x080001d9   Thumb Code     0  memseta.o(.text)
    _memset$wrapper                          0x080001dd   Thumb Code    18  memseta.o(.text)
    memcmp                                   0x080001ef   Thumb Code    26  memcmp.o(.text)
    __aeabi_fadd                             0x08000209   Thumb Code   164  fadd.o(.text)
    __aeabi_fsub                             0x080002ad   Thumb Code     6  fadd.o(.text)
    __aeabi_frsub                            0x080002b3   Thumb Code     6  fadd.o(.text)
    __aeabi_fmul                             0x080002b9   Thumb Code   100  fmul.o(.text)
    __aeabi_fdiv                             0x0800031d   Thumb Code   124  fdiv.o(.text)
    __aeabi_dmul                             0x08000399   Thumb Code   228  dmul.o(.text)
    __aeabi_i2f                              0x0800047d   Thumb Code    18  fflti.o(.text)
    __aeabi_ui2f                             0x0800048f   Thumb Code    10  ffltui.o(.text)
    __aeabi_f2iz                             0x08000499   Thumb Code    50  ffixi.o(.text)
    __aeabi_f2uiz                            0x080004cb   Thumb Code    40  ffixui.o(.text)
    __aeabi_f2d                              0x080004f3   Thumb Code    38  f2d.o(.text)
    __aeabi_d2f                              0x08000519   Thumb Code    56  d2f.o(.text)
    __aeabi_cfcmpeq                          0x08000551   Thumb Code     0  cfcmple.o(.text)
    __aeabi_cfcmple                          0x08000551   Thumb Code    20  cfcmple.o(.text)
    __aeabi_cfrcmple                         0x08000565   Thumb Code    20  cfrcmple.o(.text)
    __aeabi_uidiv                            0x08000579   Thumb Code     0  uidiv.o(.text)
    __aeabi_uidivmod                         0x08000579   Thumb Code    44  uidiv.o(.text)
    __aeabi_uldivmod                         0x080005a5   Thumb Code    98  uldiv.o(.text)
    __I$use$fp                               0x08000607   Thumb Code     0  iusefp.o(.text)
    _float_round                             0x08000607   Thumb Code    18  fepilogue.o(.text)
    _float_epilogue                          0x08000619   Thumb Code    92  fepilogue.o(.text)
    _double_round                            0x08000675   Thumb Code    30  depilogue.o(.text)
    _double_epilogue                         0x08000693   Thumb Code   156  depilogue.o(.text)
    __aeabi_dadd                             0x0800072f   Thumb Code   322  dadd.o(.text)
    __aeabi_dsub                             0x08000871   Thumb Code     6  dadd.o(.text)
    __aeabi_drsub                            0x08000877   Thumb Code     6  dadd.o(.text)
    __aeabi_ddiv                             0x0800087d   Thumb Code   222  ddiv.o(.text)
    __ARM_scalbn                             0x0800095b   Thumb Code    46  dscalb.o(.text)
    scalbn                                   0x0800095b   Thumb Code     0  dscalb.o(.text)
    __aeabi_d2ulz                            0x08000989   Thumb Code    48  dfixul.o(.text)
    __aeabi_cdrcmple                         0x080009b9   Thumb Code    48  cdrcmple.o(.text)
    __scatterload                            0x080009e9   Thumb Code    28  init.o(.text)
    __scatterload_rt2                        0x080009e9   Thumb Code     0  init.o(.text)
    __aeabi_llsl                             0x08000a0d   Thumb Code    30  llshl.o(.text)
    _ll_shift_l                              0x08000a0d   Thumb Code     0  llshl.o(.text)
    __aeabi_llsr                             0x08000a2b   Thumb Code    32  llushr.o(.text)
    _ll_ushift_r                             0x08000a2b   Thumb Code     0  llushr.o(.text)
    __aeabi_lasr                             0x08000a4b   Thumb Code    36  llsshr.o(.text)
    _ll_sshift_r                             0x08000a4b   Thumb Code     0  llsshr.o(.text)
    _dsqrt                                   0x08000a6f   Thumb Code   162  dsqrt.o(.text)
    ADC1_2_IRQHandler                        0x08000b11   Thumb Code     2  stm32f10x_it.o(i.ADC1_2_IRQHandler)
    ADC3_IRQHandler                          0x08000b13   Thumb Code     2  stm32f10x_it.o(i.ADC3_IRQHandler)
    BusFault_Handler                         0x08000b15   Thumb Code     4  stm32f10x_it.o(i.BusFault_Handler)
    DMA1_Channel1_IRQHandler                 0x08000b19   Thumb Code     2  stm32f10x_it.o(i.DMA1_Channel1_IRQHandler)
    DMA1_Channel2_IRQHandler                 0x08000b1b   Thumb Code     2  stm32f10x_it.o(i.DMA1_Channel2_IRQHandler)
    DMA1_Channel3_IRQHandler                 0x08000b1d   Thumb Code     2  stm32f10x_it.o(i.DMA1_Channel3_IRQHandler)
    DMA1_Channel4_IRQHandler                 0x08000b1f   Thumb Code     2  stm32f10x_it.o(i.DMA1_Channel4_IRQHandler)
    DMA1_Channel5_IRQHandler                 0x08000b21   Thumb Code     2  stm32f10x_it.o(i.DMA1_Channel5_IRQHandler)
    DMA1_Channel6_IRQHandler                 0x08000b23   Thumb Code     2  stm32f10x_it.o(i.DMA1_Channel6_IRQHandler)
    DMA1_Channel7_IRQHandler                 0x08000b25   Thumb Code     2  stm32f10x_it.o(i.DMA1_Channel7_IRQHandler)
    DMA2_Channel1_IRQHandler                 0x08000b27   Thumb Code     2  stm32f10x_it.o(i.DMA2_Channel1_IRQHandler)
    DMA2_Channel2_IRQHandler                 0x08000b29   Thumb Code     2  stm32f10x_it.o(i.DMA2_Channel2_IRQHandler)
    DMA2_Channel3_IRQHandler                 0x08000b2b   Thumb Code     2  stm32f10x_it.o(i.DMA2_Channel3_IRQHandler)
    DMA2_Channel4_5_IRQHandler               0x08000b2d   Thumb Code     2  stm32f10x_it.o(i.DMA2_Channel4_5_IRQHandler)
    DebugMon_Handler                         0x08000b2f   Thumb Code     2  stm32f10x_it.o(i.DebugMon_Handler)
    Delay_Init                               0x08000b31   Thumb Code    42  delay.o(i.Delay_Init)
    Delay_ms                                 0x08000b5b   Thumb Code    24  delay.o(i.Delay_ms)
    Delay_us                                 0x08000b75   Thumb Code   138  delay.o(i.Delay_us)
    EXTI0_IRQHandler                         0x08000c09   Thumb Code     2  stm32f10x_it.o(i.EXTI0_IRQHandler)
    EXTI15_10_IRQHandler                     0x08000c0b   Thumb Code     2  stm32f10x_it.o(i.EXTI15_10_IRQHandler)
    EXTI1_IRQHandler                         0x08000c0d   Thumb Code     2  stm32f10x_it.o(i.EXTI1_IRQHandler)
    EXTI2_IRQHandler                         0x08000c0f   Thumb Code     2  stm32f10x_it.o(i.EXTI2_IRQHandler)
    EXTI3_IRQHandler                         0x08000c11   Thumb Code     2  stm32f10x_it.o(i.EXTI3_IRQHandler)
    EXTI4_IRQHandler                         0x08000c13   Thumb Code     2  stm32f10x_it.o(i.EXTI4_IRQHandler)
    EXTI9_5_IRQHandler                       0x08000c15   Thumb Code   100  stm32f10x_it.o(i.EXTI9_5_IRQHandler)
    EXTI_ClearITPendingBit                   0x08000ca9   Thumb Code     6  stm32f10x_exti.o(i.EXTI_ClearITPendingBit)
    EXTI_DeInit                              0x08000cb5   Thumb Code    28  stm32f10x_exti.o(i.EXTI_DeInit)
    EXTI_GetITStatus                         0x08000cd9   Thumb Code    34  stm32f10x_exti.o(i.EXTI_GetITStatus)
    EXTI_Init                                0x08000d01   Thumb Code   142  stm32f10x_exti.o(i.EXTI_Init)
    FLASH_IRQHandler                         0x08000d95   Thumb Code     2  stm32f10x_it.o(i.FLASH_IRQHandler)
    FLASH_PrefetchBufferCmd                  0x08000d99   Thumb Code    22  stm32f10x_flash.o(i.FLASH_PrefetchBufferCmd)
    FLASH_SetLatency                         0x08000db5   Thumb Code    18  stm32f10x_flash.o(i.FLASH_SetLatency)
    FSMC_IRQHandler                          0x08000dcd   Thumb Code     2  stm32f10x_it.o(i.FSMC_IRQHandler)
    GPIO_EXTILineConfig                      0x08000dd1   Thumb Code    60  stm32f10x_gpio.o(i.GPIO_EXTILineConfig)
    GPIO_Init                                0x08000e11   Thumb Code   278  stm32f10x_gpio.o(i.GPIO_Init)
    GPIO_ReadInputDataBit                    0x08000f27   Thumb Code    18  stm32f10x_gpio.o(i.GPIO_ReadInputDataBit)
    GPIO_SetBits                             0x08000f39   Thumb Code     4  stm32f10x_gpio.o(i.GPIO_SetBits)
    HardFault_Handler                        0x08000f3d   Thumb Code     4  stm32f10x_it.o(i.HardFault_Handler)
    I2C1_ER_IRQHandler                       0x08000f41   Thumb Code     2  stm32f10x_it.o(i.I2C1_ER_IRQHandler)
    I2C1_EV_IRQHandler                       0x08000f43   Thumb Code     2  stm32f10x_it.o(i.I2C1_EV_IRQHandler)
    I2C2_ER_IRQHandler                       0x08000f45   Thumb Code     2  stm32f10x_it.o(i.I2C2_ER_IRQHandler)
    I2C2_EV_IRQHandler                       0x08000f47   Thumb Code     2  stm32f10x_it.o(i.I2C2_EV_IRQHandler)
    I2C_AcknowledgeConfig                    0x08000f49   Thumb Code    24  stm32f10x_i2c.o(i.I2C_AcknowledgeConfig)
    I2C_BufferRead                           0x08000f61   Thumb Code   218  i2c.o(i.I2C_BufferRead)
    I2C_BufferWrite                          0x08001049   Thumb Code   150  i2c.o(i.I2C_BufferWrite)
    I2C_ByteWrite                            0x080010ed   Thumb Code   112  i2c.o(i.I2C_ByteWrite)
    I2C_CheckEvent                           0x08001169   Thumb Code    42  stm32f10x_i2c.o(i.I2C_CheckEvent)
    I2C_Cmd                                  0x08001193   Thumb Code    24  stm32f10x_i2c.o(i.I2C_Cmd)
    I2C_GenerateSTART                        0x080011ab   Thumb Code    24  stm32f10x_i2c.o(i.I2C_GenerateSTART)
    I2C_GenerateSTOP                         0x080011c3   Thumb Code    24  stm32f10x_i2c.o(i.I2C_GenerateSTOP)
    I2C_GetFlagStatus                        0x080011db   Thumb Code    58  stm32f10x_i2c.o(i.I2C_GetFlagStatus)
    I2C_Init                                 0x08001215   Thumb Code   222  stm32f10x_i2c.o(i.I2C_Init)
    I2C_ReceiveData                          0x08001301   Thumb Code     8  stm32f10x_i2c.o(i.I2C_ReceiveData)
    I2C_Send7bitAddress                      0x08001309   Thumb Code    18  stm32f10x_i2c.o(i.I2C_Send7bitAddress)
    I2C_SendData                             0x0800131b   Thumb Code     4  stm32f10x_i2c.o(i.I2C_SendData)
    Init_MPU6050                             0x08001321   Thumb Code   178  mpu6050.o(i.Init_MPU6050)
    MPU6xxx_Read_Len                         0x08001429   Thumb Code    30  mpu6050.o(i.MPU6xxx_Read_Len)
    MPU6xxx_Write_Len                        0x08001447   Thumb Code    30  mpu6050.o(i.MPU6xxx_Write_Len)
    MemManage_Handler                        0x08001465   Thumb Code     4  stm32f10x_it.o(i.MemManage_Handler)
    NMI_Handler                              0x08001469   Thumb Code     2  stm32f10x_it.o(i.NMI_Handler)
    NVIC_Init                                0x0800146d   Thumb Code   100  misc.o(i.NVIC_Init)
    NVIC_PriorityGroupConfig                 0x080014dd   Thumb Code    10  misc.o(i.NVIC_PriorityGroupConfig)
    PVD_IRQHandler                           0x080014f1   Thumb Code     2  stm32f10x_it.o(i.PVD_IRQHandler)
    PendSV_Handler                           0x080014f3   Thumb Code     2  stm32f10x_it.o(i.PendSV_Handler)
    RCC_APB1PeriphClockCmd                   0x080014f5   Thumb Code    26  stm32f10x_rcc.o(i.RCC_APB1PeriphClockCmd)
    RCC_APB2PeriphClockCmd                   0x08001515   Thumb Code    26  stm32f10x_rcc.o(i.RCC_APB2PeriphClockCmd)
    RCC_ClockSecuritySystemCmd               0x08001535   Thumb Code     6  stm32f10x_rcc.o(i.RCC_ClockSecuritySystemCmd)
    RCC_Configuration                        0x08001541   Thumb Code   112  delay.o(i.RCC_Configuration)
    RCC_DeInit                               0x080015b1   Thumb Code    64  stm32f10x_rcc.o(i.RCC_DeInit)
    RCC_GetClocksFreq                        0x080015fd   Thumb Code   192  stm32f10x_rcc.o(i.RCC_GetClocksFreq)
    RCC_GetFlagStatus                        0x080016d1   Thumb Code    56  stm32f10x_rcc.o(i.RCC_GetFlagStatus)
    RCC_GetSYSCLKSource                      0x0800170d   Thumb Code    10  stm32f10x_rcc.o(i.RCC_GetSYSCLKSource)
    RCC_HCLKConfig                           0x0800171d   Thumb Code    18  stm32f10x_rcc.o(i.RCC_HCLKConfig)
    RCC_HSEConfig                            0x08001735   Thumb Code    70  stm32f10x_rcc.o(i.RCC_HSEConfig)
    RCC_IRQHandler                           0x08001781   Thumb Code     2  stm32f10x_it.o(i.RCC_IRQHandler)
    RCC_PCLK1Config                          0x08001785   Thumb Code    18  stm32f10x_rcc.o(i.RCC_PCLK1Config)
    RCC_PCLK2Config                          0x0800179d   Thumb Code    20  stm32f10x_rcc.o(i.RCC_PCLK2Config)
    RCC_PLLCmd                               0x080017b5   Thumb Code     6  stm32f10x_rcc.o(i.RCC_PLLCmd)
    RCC_PLLConfig                            0x080017c1   Thumb Code    24  stm32f10x_rcc.o(i.RCC_PLLConfig)
    RCC_SYSCLKConfig                         0x080017dd   Thumb Code    18  stm32f10x_rcc.o(i.RCC_SYSCLKConfig)
    RTCAlarm_IRQHandler                      0x080017f5   Thumb Code     2  stm32f10x_it.o(i.RTCAlarm_IRQHandler)
    RTC_IRQHandler                           0x080017f7   Thumb Code     2  stm32f10x_it.o(i.RTC_IRQHandler)
    SDIO_IRQHandler                          0x080017f9   Thumb Code     2  stm32f10x_it.o(i.SDIO_IRQHandler)
    SPI1_IRQHandler                          0x080017fb   Thumb Code     2  stm32f10x_it.o(i.SPI1_IRQHandler)
    SPI2_IRQHandler                          0x080017fd   Thumb Code     2  stm32f10x_it.o(i.SPI2_IRQHandler)
    SPI3_IRQHandler                          0x080017ff   Thumb Code     2  stm32f10x_it.o(i.SPI3_IRQHandler)
    SVC_Handler                              0x08001801   Thumb Code     2  stm32f10x_it.o(i.SVC_Handler)
    SysTick_CLKSourceConfig                  0x080018ed   Thumb Code    40  misc.o(i.SysTick_CLKSourceConfig)
    SysTick_Handler                          0x08001915   Thumb Code     2  stm32f10x_it.o(i.SysTick_Handler)
    SystemInit                               0x08001919   Thumb Code    78  system_stm32f10x.o(i.SystemInit)
    TAMPER_IRQHandler                        0x08001979   Thumb Code     2  stm32f10x_it.o(i.TAMPER_IRQHandler)
    TIM1_BRK_IRQHandler                      0x0800197b   Thumb Code     2  stm32f10x_it.o(i.TIM1_BRK_IRQHandler)
    TIM1_CC_IRQHandler                       0x0800197d   Thumb Code     2  stm32f10x_it.o(i.TIM1_CC_IRQHandler)
    TIM1_TRG_COM_IRQHandler                  0x0800197f   Thumb Code     2  stm32f10x_it.o(i.TIM1_TRG_COM_IRQHandler)
    TIM1_UP_IRQHandler                       0x08001981   Thumb Code     2  stm32f10x_it.o(i.TIM1_UP_IRQHandler)
    TIM2_IRQHandler                          0x08001983   Thumb Code     2  stm32f10x_it.o(i.TIM2_IRQHandler)
    TIM3_IRQHandler                          0x08001985   Thumb Code     2  stm32f10x_it.o(i.TIM3_IRQHandler)
    TIM4_IRQHandler                          0x08001987   Thumb Code     2  stm32f10x_it.o(i.TIM4_IRQHandler)
    TIM5_IRQHandler                          0x08001989   Thumb Code     2  stm32f10x_it.o(i.TIM5_IRQHandler)
    TIM6_IRQHandler                          0x0800198b   Thumb Code     2  stm32f10x_it.o(i.TIM6_IRQHandler)
    TIM7_IRQHandler                          0x0800198d   Thumb Code     2  stm32f10x_it.o(i.TIM7_IRQHandler)
    TIM8_BRK_IRQHandler                      0x0800198f   Thumb Code     2  stm32f10x_it.o(i.TIM8_BRK_IRQHandler)
    TIM8_CC_IRQHandler                       0x08001991   Thumb Code     2  stm32f10x_it.o(i.TIM8_CC_IRQHandler)
    TIM8_TRG_COM_IRQHandler                  0x08001993   Thumb Code     2  stm32f10x_it.o(i.TIM8_TRG_COM_IRQHandler)
    TIM8_UP_IRQHandler                       0x08001995   Thumb Code     2  stm32f10x_it.o(i.TIM8_UP_IRQHandler)
    UART4_IRQHandler                         0x08001997   Thumb Code     2  stm32f10x_it.o(i.UART4_IRQHandler)
    UART5_IRQHandler                         0x08001999   Thumb Code     2  stm32f10x_it.o(i.UART5_IRQHandler)
    USART1_Config                            0x0800199d   Thumb Code   126  usart1.o(i.USART1_Config)
    USART1_IRQHandler                        0x08001a25   Thumb Code     2  stm32f10x_it.o(i.USART1_IRQHandler)
    USART2_IRQHandler                        0x08001a27   Thumb Code     2  stm32f10x_it.o(i.USART2_IRQHandler)
    USART3_IRQHandler                        0x08001a29   Thumb Code     2  stm32f10x_it.o(i.USART3_IRQHandler)
    USART_Cmd                                0x08001a2b   Thumb Code    24  stm32f10x_usart.o(i.USART_Cmd)
    USART_ITConfig                           0x08001a43   Thumb Code    74  stm32f10x_usart.o(i.USART_ITConfig)
    USART_Init                               0x08001a8d   Thumb Code   210  stm32f10x_usart.o(i.USART_Init)
    USART_SendData                           0x08001b65   Thumb Code     8  stm32f10x_usart.o(i.USART_SendData)
    USBWakeUp_IRQHandler                     0x08001b6d   Thumb Code     2  stm32f10x_it.o(i.USBWakeUp_IRQHandler)
    UsageFault_Handler                       0x08001b6f   Thumb Code     4  stm32f10x_it.o(i.UsageFault_Handler)
    WWDG_IRQHandler                          0x08001b73   Thumb Code     2  stm32f10x_it.o(i.WWDG_IRQHandler)
    __0printf                                0x08001b75   Thumb Code    22  printfa.o(i.__0printf)
    __1printf                                0x08001b75   Thumb Code     0  printfa.o(i.__0printf)
    __2printf                                0x08001b75   Thumb Code     0  printfa.o(i.__0printf)
    __c89printf                              0x08001b75   Thumb Code     0  printfa.o(i.__0printf)
    printf                                   0x08001b75   Thumb Code     0  printfa.o(i.__0printf)
    __0sprintf                               0x08001b95   Thumb Code    34  printfa.o(i.__0sprintf)
    __1sprintf                               0x08001b95   Thumb Code     0  printfa.o(i.__0sprintf)
    __2sprintf                               0x08001b95   Thumb Code     0  printfa.o(i.__0sprintf)
    __c89sprintf                             0x08001b95   Thumb Code     0  printfa.o(i.__0sprintf)
    sprintf                                  0x08001b95   Thumb Code     0  printfa.o(i.__0sprintf)
    __ARM_fpclassify                         0x08001bbd   Thumb Code    40  fpclassify.o(i.__ARM_fpclassify)
    __kernel_poly                            0x08001be5   Thumb Code   170  poly.o(i.__kernel_poly)
    __mathlib_dbl_infnan                     0x08001c8f   Thumb Code     6  dunder.o(i.__mathlib_dbl_infnan)
    __mathlib_dbl_infnan2                    0x08001c95   Thumb Code     4  dunder.o(i.__mathlib_dbl_infnan2)
    __mathlib_dbl_invalid                    0x08001c99   Thumb Code    12  dunder.o(i.__mathlib_dbl_invalid)
    __mathlib_dbl_underflow                  0x08001ca5   Thumb Code    10  dunder.o(i.__mathlib_dbl_underflow)
    __scatterload_copy                       0x08001cb5   Thumb Code    14  handlers.o(i.__scatterload_copy)
    __scatterload_null                       0x08001cc3   Thumb Code     2  handlers.o(i.__scatterload_null)
    __scatterload_zeroinit                   0x08001cc5   Thumb Code    14  handlers.o(i.__scatterload_zeroinit)
    __set_errno                              0x08001cd5   Thumb Code     6  errno.o(i.__set_errno)
    asin                                     0x08002645   Thumb Code   572  asin.o(i.asin)
    atan                                     0x080028b5   Thumb Code   474  atan.o(i.atan)
    atan2                                    0x08002ad5   Thumb Code   346  atan2.o(i.atan2)
    bsp_I2c_Init                             0x08002c55   Thumb Code   132  i2c.o(i.bsp_I2c_Init)
    dmp_enable_6x_lp_quat                    0x08002d49   Thumb Code    60  inv_mpu_dmp_motion_driver.o(i.dmp_enable_6x_lp_quat)
    dmp_enable_feature                       0x08002d85   Thumb Code   530  inv_mpu_dmp_motion_driver.o(i.dmp_enable_feature)
    dmp_enable_gyro_cal                      0x08002fa1   Thumb Code    62  inv_mpu_dmp_motion_driver.o(i.dmp_enable_gyro_cal)
    dmp_enable_lp_quat                       0x08002ff9   Thumb Code    60  inv_mpu_dmp_motion_driver.o(i.dmp_enable_lp_quat)
    dmp_load_motion_driver_firmware          0x08003035   Thumb Code    20  inv_mpu_dmp_motion_driver.o(i.dmp_load_motion_driver_firmware)
    dmp_read_fifo                            0x0800304d   Thumb Code   456  inv_mpu_dmp_motion_driver.o(i.dmp_read_fifo)
    dmp_set_accel_bias                       0x08003219   Thumb Code   300  inv_mpu_dmp_motion_driver.o(i.dmp_set_accel_bias)
    dmp_set_fifo_rate                        0x08003349   Thumb Code    96  inv_mpu_dmp_motion_driver.o(i.dmp_set_fifo_rate)
    dmp_set_gyro_bias                        0x080033b9   Thumb Code   294  inv_mpu_dmp_motion_driver.o(i.dmp_set_gyro_bias)
    dmp_set_orientation                      0x080034e9   Thumb Code   290  inv_mpu_dmp_motion_driver.o(i.dmp_set_orientation)
    dmp_set_shake_reject_thresh              0x08003621   Thumb Code    56  inv_mpu_dmp_motion_driver.o(i.dmp_set_shake_reject_thresh)
    dmp_set_shake_reject_time                0x08003659   Thumb Code    38  inv_mpu_dmp_motion_driver.o(i.dmp_set_shake_reject_time)
    dmp_set_shake_reject_timeout             0x0800367f   Thumb Code    38  inv_mpu_dmp_motion_driver.o(i.dmp_set_shake_reject_timeout)
    dmp_set_tap_axes                         0x080036a5   Thumb Code    70  inv_mpu_dmp_motion_driver.o(i.dmp_set_tap_axes)
    dmp_set_tap_count                        0x080036eb   Thumb Code    38  inv_mpu_dmp_motion_driver.o(i.dmp_set_tap_count)
    dmp_set_tap_thresh                       0x08003711   Thumb Code   396  inv_mpu_dmp_motion_driver.o(i.dmp_set_tap_thresh)
    dmp_set_tap_time                         0x080038b1   Thumb Code    38  inv_mpu_dmp_motion_driver.o(i.dmp_set_tap_time)
    dmp_set_tap_time_multi                   0x080038d7   Thumb Code    38  inv_mpu_dmp_motion_driver.o(i.dmp_set_tap_time_multi)
    fputc                                    0x080038fd   Thumb Code    32  usart1.o(i.fputc)
    inv_orientation_matrix_to_scalar         0x08003f55   Thumb Code    40  inv_mpu.o(i.inv_orientation_matrix_to_scalar)
    inv_row_2_scale                          0x08003f7d   Thumb Code    78  inv_mpu.o(i.inv_row_2_scale)
    main                                     0x08003fcd   Thumb Code    76  main.o(i.main)
    mget_ms                                  0x08004059   Thumb Code     2  inv_mpu.o(i.mget_ms)
    mpu_EXTI_Configuration                   0x0800405b   Thumb Code    94  inv_mpu.o(i.mpu_EXTI_Configuration)
    mpu_configure_fifo                       0x080040b9   Thumb Code   106  inv_mpu.o(i.mpu_configure_fifo)
    mpu_dmp_get_data                         0x08004129   Thumb Code   544  inv_mpu.o(i.mpu_dmp_get_data)
    mpu_dmp_init                             0x0800434d   Thumb Code   150  inv_mpu.o(i.mpu_dmp_init)
    mpu_get_accel_fsr                        0x080043e9   Thumb Code    72  inv_mpu.o(i.mpu_get_accel_fsr)
    mpu_get_accel_sens                       0x08004435   Thumb Code    78  inv_mpu.o(i.mpu_get_accel_sens)
    mpu_get_fifo_config                      0x08004489   Thumb Code    12  inv_mpu.o(i.mpu_get_fifo_config)
    mpu_get_gyro_fsr                         0x08004499   Thumb Code    64  inv_mpu.o(i.mpu_get_gyro_fsr)
    mpu_get_gyro_sens                        0x080044dd   Thumb Code    58  inv_mpu.o(i.mpu_get_gyro_sens)
    mpu_get_lpf                              0x0800452d   Thumb Code    74  inv_mpu.o(i.mpu_get_lpf)
    mpu_get_sample_rate                      0x0800457d   Thumb Code    26  inv_mpu.o(i.mpu_get_sample_rate)
    mpu_init                                 0x0800459d   Thumb Code   434  inv_mpu.o(i.mpu_init)
    mpu_load_firmware                        0x080047e1   Thumb Code   180  inv_mpu.o(i.mpu_load_firmware)
    mpu_lp_accel_mode                        0x08004899   Thumb Code   218  inv_mpu.o(i.mpu_lp_accel_mode)
    mpu_read_fifo_stream                     0x08004979   Thumb Code   186  inv_mpu.o(i.mpu_read_fifo_stream)
    mpu_read_mem                             0x08004a39   Thumb Code   122  inv_mpu.o(i.mpu_read_mem)
    mpu_reset_fifo                           0x08004ab9   Thumb Code   450  inv_mpu.o(i.mpu_reset_fifo)
    mpu_run_self_test                        0x08004c81   Thumb Code   278  inv_mpu.o(i.mpu_run_self_test)
    mpu_set_accel_fsr                        0x08004d9d   Thumb Code   126  inv_mpu.o(i.mpu_set_accel_fsr)
    mpu_set_bypass                           0x08004e21   Thumb Code   328  inv_mpu.o(i.mpu_set_bypass)
    mpu_set_dmp_state                        0x08004f6d   Thumb Code   138  inv_mpu.o(i.mpu_set_dmp_state)
    mpu_set_gyro_fsr                         0x08004ffd   Thumb Code   132  inv_mpu.o(i.mpu_set_gyro_fsr)
    mpu_set_int_latched                      0x08005085   Thumb Code   102  inv_mpu.o(i.mpu_set_int_latched)
    mpu_set_lpf                              0x080050f1   Thumb Code   126  inv_mpu.o(i.mpu_set_lpf)
    mpu_set_sample_rate                      0x08005175   Thumb Code   152  inv_mpu.o(i.mpu_set_sample_rate)
    mpu_set_sensors                          0x08005211   Thumb Code   202  inv_mpu.o(i.mpu_set_sensors)
    mpu_write_mem                            0x080052e1   Thumb Code   122  inv_mpu.o(i.mpu_write_mem)
    run_self_test                            0x08005361   Thumb Code   148  inv_mpu.o(i.run_self_test)
    sqrt                                     0x08005485   Thumb Code    76  sqrt.o(i.sqrt)
    reg                                      0x080054d0   Data          27  inv_mpu.o(.constdata)
    hw                                       0x080054ec   Data          12  inv_mpu.o(.constdata)
    test                                     0x080054f8   Data          40  inv_mpu.o(.constdata)
    __mathlib_zero                           0x08006208   Data           8  qnan.o(.constdata)
    Region$$Table$$Base                      0x08006260   Number         0  anon$$obj.o(Region$$Table)
    Region$$Table$$Limit                     0x08006280   Number         0  anon$$obj.o(Region$$Table)
    __stdout                                 0x2000004c   Data           4  stdout.o(.data)
    __initial_sp                             0x20000468   Data           0  startup_stm32f10x_hd.o(STACK)



==============================================================================

Memory Map of the image

  Image Entry point : 0x08000131

  Load Region LR_IROM1 (Base: 0x08000000, Size: 0x000062d4, Max: 0x00080000, ABSOLUTE)

    Execution Region ER_IROM1 (Base: 0x08000000, Size: 0x00006280, Max: 0x00080000, ABSOLUTE)

    Base Addr    Size         Type   Attr      Idx    E Section Name        Object

    0x08000000   0x00000130   Data   RO            3    RESET               startup_stm32f10x_hd.o
    0x08000130   0x00000000   Code   RO         4404  * .ARM.Collect$$$$00000000  mc_w.l(entry.o)
    0x08000130   0x00000004   Code   RO         4735    .ARM.Collect$$$$00000001  mc_w.l(entry2.o)
    0x08000134   0x00000004   Code   RO         4738    .ARM.Collect$$$$00000004  mc_w.l(entry5.o)
    0x08000138   0x00000000   Code   RO         4740    .ARM.Collect$$$$00000008  mc_w.l(entry7b.o)
    0x08000138   0x00000000   Code   RO         4742    .ARM.Collect$$$$0000000A  mc_w.l(entry8b.o)
    0x08000138   0x00000008   Code   RO         4743    .ARM.Collect$$$$0000000B  mc_w.l(entry9a.o)
    0x08000140   0x00000000   Code   RO         4745    .ARM.Collect$$$$0000000D  mc_w.l(entry10a.o)
    0x08000140   0x00000000   Code   RO         4747    .ARM.Collect$$$$0000000F  mc_w.l(entry11a.o)
    0x08000140   0x00000004   Code   RO         4736    .ARM.Collect$$$$00002712  mc_w.l(entry2.o)
    0x08000144   0x00000024   Code   RO            4    .text               startup_stm32f10x_hd.o
    0x08000168   0x00000062   Code   RO         4407    .text               mc_w.l(ldiv.o)
    0x080001ca   0x00000024   Code   RO         4409    .text               mc_w.l(memseta.o)
    0x080001ee   0x0000001a   Code   RO         4411    .text               mc_w.l(memcmp.o)
    0x08000208   0x000000b0   Code   RO         4674    .text               mf_w.l(fadd.o)
    0x080002b8   0x00000064   Code   RO         4676    .text               mf_w.l(fmul.o)
    0x0800031c   0x0000007c   Code   RO         4678    .text               mf_w.l(fdiv.o)
    0x08000398   0x000000e4   Code   RO         4680    .text               mf_w.l(dmul.o)
    0x0800047c   0x00000012   Code   RO         4682    .text               mf_w.l(fflti.o)
    0x0800048e   0x0000000a   Code   RO         4684    .text               mf_w.l(ffltui.o)
    0x08000498   0x00000032   Code   RO         4686    .text               mf_w.l(ffixi.o)
    0x080004ca   0x00000028   Code   RO         4688    .text               mf_w.l(ffixui.o)
    0x080004f2   0x00000026   Code   RO         4690    .text               mf_w.l(f2d.o)
    0x08000518   0x00000038   Code   RO         4692    .text               mf_w.l(d2f.o)
    0x08000550   0x00000014   Code   RO         4694    .text               mf_w.l(cfcmple.o)
    0x08000564   0x00000014   Code   RO         4696    .text               mf_w.l(cfrcmple.o)
    0x08000578   0x0000002c   Code   RO         4750    .text               mc_w.l(uidiv.o)
    0x080005a4   0x00000062   Code   RO         4752    .text               mc_w.l(uldiv.o)
    0x08000606   0x00000000   Code   RO         4761    .text               mc_w.l(iusefp.o)
    0x08000606   0x0000006e   Code   RO         4762    .text               mf_w.l(fepilogue.o)
    0x08000674   0x000000ba   Code   RO         4764    .text               mf_w.l(depilogue.o)
    0x0800072e   0x0000014e   Code   RO         4766    .text               mf_w.l(dadd.o)
    0x0800087c   0x000000de   Code   RO         4768    .text               mf_w.l(ddiv.o)
    0x0800095a   0x0000002e   Code   RO         4770    .text               mf_w.l(dscalb.o)
    0x08000988   0x00000030   Code   RO         4772    .text               mf_w.l(dfixul.o)
    0x080009b8   0x00000030   Code   RO         4774    .text               mf_w.l(cdrcmple.o)
    0x080009e8   0x00000024   Code   RO         4776    .text               mc_w.l(init.o)
    0x08000a0c   0x0000001e   Code   RO         4778    .text               mc_w.l(llshl.o)
    0x08000a2a   0x00000020   Code   RO         4780    .text               mc_w.l(llushr.o)
    0x08000a4a   0x00000024   Code   RO         4782    .text               mc_w.l(llsshr.o)
    0x08000a6e   0x000000a2   Code   RO         4784    .text               mf_w.l(dsqrt.o)
    0x08000b10   0x00000002   Code   RO         3140    i.ADC1_2_IRQHandler  stm32f10x_it.o
    0x08000b12   0x00000002   Code   RO         3141    i.ADC3_IRQHandler   stm32f10x_it.o
    0x08000b14   0x00000004   Code   RO         3142    i.BusFault_Handler  stm32f10x_it.o
    0x08000b18   0x00000002   Code   RO         3145    i.DMA1_Channel1_IRQHandler  stm32f10x_it.o
    0x08000b1a   0x00000002   Code   RO         3146    i.DMA1_Channel2_IRQHandler  stm32f10x_it.o
    0x08000b1c   0x00000002   Code   RO         3147    i.DMA1_Channel3_IRQHandler  stm32f10x_it.o
    0x08000b1e   0x00000002   Code   RO         3148    i.DMA1_Channel4_IRQHandler  stm32f10x_it.o
    0x08000b20   0x00000002   Code   RO         3149    i.DMA1_Channel5_IRQHandler  stm32f10x_it.o
    0x08000b22   0x00000002   Code   RO         3150    i.DMA1_Channel6_IRQHandler  stm32f10x_it.o
    0x08000b24   0x00000002   Code   RO         3151    i.DMA1_Channel7_IRQHandler  stm32f10x_it.o
    0x08000b26   0x00000002   Code   RO         3152    i.DMA2_Channel1_IRQHandler  stm32f10x_it.o
    0x08000b28   0x00000002   Code   RO         3153    i.DMA2_Channel2_IRQHandler  stm32f10x_it.o
    0x08000b2a   0x00000002   Code   RO         3154    i.DMA2_Channel3_IRQHandler  stm32f10x_it.o
    0x08000b2c   0x00000002   Code   RO         3155    i.DMA2_Channel4_5_IRQHandler  stm32f10x_it.o
    0x08000b2e   0x00000002   Code   RO         3156    i.DebugMon_Handler  stm32f10x_it.o
    0x08000b30   0x0000002a   Code   RO         4237    i.Delay_Init        delay.o
    0x08000b5a   0x00000018   Code   RO         4238    i.Delay_ms          delay.o
    0x08000b72   0x00000002   PAD
    0x08000b74   0x00000094   Code   RO         4239    i.Delay_us          delay.o
    0x08000c08   0x00000002   Code   RO         3157    i.EXTI0_IRQHandler  stm32f10x_it.o
    0x08000c0a   0x00000002   Code   RO         3158    i.EXTI15_10_IRQHandler  stm32f10x_it.o
    0x08000c0c   0x00000002   Code   RO         3159    i.EXTI1_IRQHandler  stm32f10x_it.o
    0x08000c0e   0x00000002   Code   RO         3160    i.EXTI2_IRQHandler  stm32f10x_it.o
    0x08000c10   0x00000002   Code   RO         3161    i.EXTI3_IRQHandler  stm32f10x_it.o
    0x08000c12   0x00000002   Code   RO         3162    i.EXTI4_IRQHandler  stm32f10x_it.o
    0x08000c14   0x00000094   Code   RO         3163    i.EXTI9_5_IRQHandler  stm32f10x_it.o
    0x08000ca8   0x0000000c   Code   RO          939    i.EXTI_ClearITPendingBit  stm32f10x_exti.o
    0x08000cb4   0x00000024   Code   RO          940    i.EXTI_DeInit       stm32f10x_exti.o
    0x08000cd8   0x00000028   Code   RO          943    i.EXTI_GetITStatus  stm32f10x_exti.o
    0x08000d00   0x00000094   Code   RO          944    i.EXTI_Init         stm32f10x_exti.o
    0x08000d94   0x00000002   Code   RO         3164    i.FLASH_IRQHandler  stm32f10x_it.o
    0x08000d96   0x00000002   PAD
    0x08000d98   0x0000001c   Code   RO         1009    i.FLASH_PrefetchBufferCmd  stm32f10x_flash.o
    0x08000db4   0x00000018   Code   RO         1014    i.FLASH_SetLatency  stm32f10x_flash.o
    0x08000dcc   0x00000002   Code   RO         3165    i.FSMC_IRQHandler   stm32f10x_it.o
    0x08000dce   0x00000002   PAD
    0x08000dd0   0x00000040   Code   RO         1289    i.GPIO_EXTILineConfig  stm32f10x_gpio.o
    0x08000e10   0x00000116   Code   RO         1292    i.GPIO_Init         stm32f10x_gpio.o
    0x08000f26   0x00000012   Code   RO         1296    i.GPIO_ReadInputDataBit  stm32f10x_gpio.o
    0x08000f38   0x00000004   Code   RO         1300    i.GPIO_SetBits      stm32f10x_gpio.o
    0x08000f3c   0x00000004   Code   RO         3166    i.HardFault_Handler  stm32f10x_it.o
    0x08000f40   0x00000002   Code   RO         3167    i.I2C1_ER_IRQHandler  stm32f10x_it.o
    0x08000f42   0x00000002   Code   RO         3168    i.I2C1_EV_IRQHandler  stm32f10x_it.o
    0x08000f44   0x00000002   Code   RO         3169    i.I2C2_ER_IRQHandler  stm32f10x_it.o
    0x08000f46   0x00000002   Code   RO         3170    i.I2C2_EV_IRQHandler  stm32f10x_it.o
    0x08000f48   0x00000018   Code   RO         1401    i.I2C_AcknowledgeConfig  stm32f10x_i2c.o
    0x08000f60   0x000000e8   Code   RO         4089    i.I2C_BufferRead    i2c.o
    0x08001048   0x000000a4   Code   RO         4090    i.I2C_BufferWrite   i2c.o
    0x080010ec   0x0000007c   Code   RO         4091    i.I2C_ByteWrite     i2c.o
    0x08001168   0x0000002a   Code   RO         1403    i.I2C_CheckEvent    stm32f10x_i2c.o
    0x08001192   0x00000018   Code   RO         1406    i.I2C_Cmd           stm32f10x_i2c.o
    0x080011aa   0x00000018   Code   RO         1413    i.I2C_GenerateSTART  stm32f10x_i2c.o
    0x080011c2   0x00000018   Code   RO         1414    i.I2C_GenerateSTOP  stm32f10x_i2c.o
    0x080011da   0x0000003a   Code   RO         1415    i.I2C_GetFlagStatus  stm32f10x_i2c.o
    0x08001214   0x000000ec   Code   RO         1420    i.I2C_Init          stm32f10x_i2c.o
    0x08001300   0x00000008   Code   RO         1425    i.I2C_ReceiveData   stm32f10x_i2c.o
    0x08001308   0x00000012   Code   RO         1427    i.I2C_Send7bitAddress  stm32f10x_i2c.o
    0x0800131a   0x00000004   Code   RO         1428    i.I2C_SendData      stm32f10x_i2c.o
    0x0800131e   0x00000002   PAD
    0x08001320   0x00000108   Code   RO         4119    i.Init_MPU6050      mpu6050.o
    0x08001428   0x0000001e   Code   RO         4120    i.MPU6xxx_Read_Len  mpu6050.o
    0x08001446   0x0000001e   Code   RO         4121    i.MPU6xxx_Write_Len  mpu6050.o
    0x08001464   0x00000004   Code   RO         3171    i.MemManage_Handler  stm32f10x_it.o
    0x08001468   0x00000002   Code   RO         3172    i.NMI_Handler       stm32f10x_it.o
    0x0800146a   0x00000002   PAD
    0x0800146c   0x00000070   Code   RO          137    i.NVIC_Init         misc.o
    0x080014dc   0x00000014   Code   RO          138    i.NVIC_PriorityGroupConfig  misc.o
    0x080014f0   0x00000002   Code   RO         3173    i.PVD_IRQHandler    stm32f10x_it.o
    0x080014f2   0x00000002   Code   RO         3174    i.PendSV_Handler    stm32f10x_it.o
    0x080014f4   0x00000020   Code   RO         1708    i.RCC_APB1PeriphClockCmd  stm32f10x_rcc.o
    0x08001514   0x00000020   Code   RO         1710    i.RCC_APB2PeriphClockCmd  stm32f10x_rcc.o
    0x08001534   0x0000000c   Code   RO         1716    i.RCC_ClockSecuritySystemCmd  stm32f10x_rcc.o
    0x08001540   0x00000070   Code   RO         4240    i.RCC_Configuration  delay.o
    0x080015b0   0x0000004c   Code   RO         1717    i.RCC_DeInit        stm32f10x_rcc.o
    0x080015fc   0x000000d4   Code   RO         1718    i.RCC_GetClocksFreq  stm32f10x_rcc.o
    0x080016d0   0x0000003c   Code   RO         1719    i.RCC_GetFlagStatus  stm32f10x_rcc.o
    0x0800170c   0x00000010   Code   RO         1721    i.RCC_GetSYSCLKSource  stm32f10x_rcc.o
    0x0800171c   0x00000018   Code   RO         1722    i.RCC_HCLKConfig    stm32f10x_rcc.o
    0x08001734   0x0000004c   Code   RO         1723    i.RCC_HSEConfig     stm32f10x_rcc.o
    0x08001780   0x00000002   Code   RO         3175    i.RCC_IRQHandler    stm32f10x_it.o
    0x08001782   0x00000002   PAD
    0x08001784   0x00000018   Code   RO         1729    i.RCC_PCLK1Config   stm32f10x_rcc.o
    0x0800179c   0x00000018   Code   RO         1730    i.RCC_PCLK2Config   stm32f10x_rcc.o
    0x080017b4   0x0000000c   Code   RO         1731    i.RCC_PLLCmd        stm32f10x_rcc.o
    0x080017c0   0x0000001c   Code   RO         1732    i.RCC_PLLConfig     stm32f10x_rcc.o
    0x080017dc   0x00000018   Code   RO         1735    i.RCC_SYSCLKConfig  stm32f10x_rcc.o
    0x080017f4   0x00000002   Code   RO         3176    i.RTCAlarm_IRQHandler  stm32f10x_it.o
    0x080017f6   0x00000002   Code   RO         3177    i.RTC_IRQHandler    stm32f10x_it.o
    0x080017f8   0x00000002   Code   RO         3178    i.SDIO_IRQHandler   stm32f10x_it.o
    0x080017fa   0x00000002   Code   RO         3179    i.SPI1_IRQHandler   stm32f10x_it.o
    0x080017fc   0x00000002   Code   RO         3180    i.SPI2_IRQHandler   stm32f10x_it.o
    0x080017fe   0x00000002   Code   RO         3181    i.SPI3_IRQHandler   stm32f10x_it.o
    0x08001800   0x00000002   Code   RO         3182    i.SVC_Handler       stm32f10x_it.o
    0x08001802   0x00000008   Code   RO           24    i.SetSysClock       system_stm32f10x.o
    0x0800180a   0x00000002   PAD
    0x0800180c   0x000000e0   Code   RO           25    i.SetSysClockTo72   system_stm32f10x.o
    0x080018ec   0x00000028   Code   RO          141    i.SysTick_CLKSourceConfig  misc.o
    0x08001914   0x00000002   Code   RO         3183    i.SysTick_Handler   stm32f10x_it.o
    0x08001916   0x00000002   PAD
    0x08001918   0x00000060   Code   RO           27    i.SystemInit        system_stm32f10x.o
    0x08001978   0x00000002   Code   RO         3184    i.TAMPER_IRQHandler  stm32f10x_it.o
    0x0800197a   0x00000002   Code   RO         3185    i.TIM1_BRK_IRQHandler  stm32f10x_it.o
    0x0800197c   0x00000002   Code   RO         3186    i.TIM1_CC_IRQHandler  stm32f10x_it.o
    0x0800197e   0x00000002   Code   RO         3187    i.TIM1_TRG_COM_IRQHandler  stm32f10x_it.o
    0x08001980   0x00000002   Code   RO         3188    i.TIM1_UP_IRQHandler  stm32f10x_it.o
    0x08001982   0x00000002   Code   RO         3189    i.TIM2_IRQHandler   stm32f10x_it.o
    0x08001984   0x00000002   Code   RO         3190    i.TIM3_IRQHandler   stm32f10x_it.o
    0x08001986   0x00000002   Code   RO         3191    i.TIM4_IRQHandler   stm32f10x_it.o
    0x08001988   0x00000002   Code   RO         3192    i.TIM5_IRQHandler   stm32f10x_it.o
    0x0800198a   0x00000002   Code   RO         3193    i.TIM6_IRQHandler   stm32f10x_it.o
    0x0800198c   0x00000002   Code   RO         3194    i.TIM7_IRQHandler   stm32f10x_it.o
    0x0800198e   0x00000002   Code   RO         3195    i.TIM8_BRK_IRQHandler  stm32f10x_it.o
    0x08001990   0x00000002   Code   RO         3196    i.TIM8_CC_IRQHandler  stm32f10x_it.o
    0x08001992   0x00000002   Code   RO         3197    i.TIM8_TRG_COM_IRQHandler  stm32f10x_it.o
    0x08001994   0x00000002   Code   RO         3198    i.TIM8_UP_IRQHandler  stm32f10x_it.o
    0x08001996   0x00000002   Code   RO         3199    i.UART4_IRQHandler  stm32f10x_it.o
    0x08001998   0x00000002   Code   RO         3200    i.UART5_IRQHandler  stm32f10x_it.o
    0x0800199a   0x00000002   PAD
    0x0800199c   0x00000088   Code   RO         4219    i.USART1_Config     usart1.o
    0x08001a24   0x00000002   Code   RO         3201    i.USART1_IRQHandler  stm32f10x_it.o
    0x08001a26   0x00000002   Code   RO         3202    i.USART2_IRQHandler  stm32f10x_it.o
    0x08001a28   0x00000002   Code   RO         3203    i.USART3_IRQHandler  stm32f10x_it.o
    0x08001a2a   0x00000018   Code   RO         2878    i.USART_Cmd         stm32f10x_usart.o
    0x08001a42   0x0000004a   Code   RO         2884    i.USART_ITConfig    stm32f10x_usart.o
    0x08001a8c   0x000000d8   Code   RO         2885    i.USART_Init        stm32f10x_usart.o
    0x08001b64   0x00000008   Code   RO         2895    i.USART_SendData    stm32f10x_usart.o
    0x08001b6c   0x00000002   Code   RO         3204    i.USBWakeUp_IRQHandler  stm32f10x_it.o
    0x08001b6e   0x00000004   Code   RO         3207    i.UsageFault_Handler  stm32f10x_it.o
    0x08001b72   0x00000002   Code   RO         3208    i.WWDG_IRQHandler   stm32f10x_it.o
    0x08001b74   0x00000020   Code   RO         4646    i.__0printf         mc_w.l(printfa.o)
    0x08001b94   0x00000028   Code   RO         4648    i.__0sprintf        mc_w.l(printfa.o)
    0x08001bbc   0x00000028   Code   RO         4722    i.__ARM_fpclassify  m_ws.l(fpclassify.o)
    0x08001be4   0x000000aa   Code   RO         4724    i.__kernel_poly     m_ws.l(poly.o)
    0x08001c8e   0x00000006   Code   RO         4709    i.__mathlib_dbl_infnan  m_ws.l(dunder.o)
    0x08001c94   0x00000004   Code   RO         4710    i.__mathlib_dbl_infnan2  m_ws.l(dunder.o)
    0x08001c98   0x0000000c   Code   RO         4711    i.__mathlib_dbl_invalid  m_ws.l(dunder.o)
    0x08001ca4   0x00000010   Code   RO         4714    i.__mathlib_dbl_underflow  m_ws.l(dunder.o)
    0x08001cb4   0x0000000e   Code   RO         4790    i.__scatterload_copy  mc_w.l(handlers.o)
    0x08001cc2   0x00000002   Code   RO         4791    i.__scatterload_null  mc_w.l(handlers.o)
    0x08001cc4   0x0000000e   Code   RO         4792    i.__scatterload_zeroinit  mc_w.l(handlers.o)
    0x08001cd2   0x00000002   PAD
    0x08001cd4   0x0000000c   Code   RO         4756    i.__set_errno       mc_w.l(errno.o)
    0x08001ce0   0x00000184   Code   RO         4653    i._fp_digits        mc_w.l(printfa.o)
    0x08001e64   0x000006dc   Code   RO         4654    i._printf_core      mc_w.l(printfa.o)
    0x08002540   0x00000024   Code   RO         4655    i._printf_post_padding  mc_w.l(printfa.o)
    0x08002564   0x0000002e   Code   RO         4656    i._printf_pre_padding  mc_w.l(printfa.o)
    0x08002592   0x0000000a   Code   RO         4658    i._sputc            mc_w.l(printfa.o)
    0x0800259c   0x000000a8   Code   RO         3563    i.accel_self_test   inv_mpu.o
    0x08002644   0x00000270   Code   RO         4387    i.asin              m_ws.l(asin.o)
    0x080028b4   0x00000220   Code   RO         4699    i.atan              m_ws.l(atan.o)
    0x08002ad4   0x00000180   Code   RO         4397    i.atan2             m_ws.l(atan2.o)
    0x08002c54   0x00000090   Code   RO         4092    i.bsp_I2c_Init      i2c.o
    0x08002ce4   0x00000064   Code   RO         3903    i.decode_gesture    inv_mpu_dmp_motion_driver.o
    0x08002d48   0x0000003c   Code   RO         3904    i.dmp_enable_6x_lp_quat  inv_mpu_dmp_motion_driver.o
    0x08002d84   0x0000021c   Code   RO         3905    i.dmp_enable_feature  inv_mpu_dmp_motion_driver.o
    0x08002fa0   0x00000058   Code   RO         3906    i.dmp_enable_gyro_cal  inv_mpu_dmp_motion_driver.o
    0x08002ff8   0x0000003c   Code   RO         3907    i.dmp_enable_lp_quat  inv_mpu_dmp_motion_driver.o
    0x08003034   0x00000018   Code   RO         3912    i.dmp_load_motion_driver_firmware  inv_mpu_dmp_motion_driver.o
    0x0800304c   0x000001cc   Code   RO         3913    i.dmp_read_fifo     inv_mpu_dmp_motion_driver.o
    0x08003218   0x00000130   Code   RO         3916    i.dmp_set_accel_bias  inv_mpu_dmp_motion_driver.o
    0x08003348   0x00000070   Code   RO         3917    i.dmp_set_fifo_rate  inv_mpu_dmp_motion_driver.o
    0x080033b8   0x00000130   Code   RO         3918    i.dmp_set_gyro_bias  inv_mpu_dmp_motion_driver.o
    0x080034e8   0x00000138   Code   RO         3920    i.dmp_set_orientation  inv_mpu_dmp_motion_driver.o
    0x08003620   0x00000038   Code   RO         3923    i.dmp_set_shake_reject_thresh  inv_mpu_dmp_motion_driver.o
    0x08003658   0x00000026   Code   RO         3924    i.dmp_set_shake_reject_time  inv_mpu_dmp_motion_driver.o
    0x0800367e   0x00000026   Code   RO         3925    i.dmp_set_shake_reject_timeout  inv_mpu_dmp_motion_driver.o
    0x080036a4   0x00000046   Code   RO         3926    i.dmp_set_tap_axes  inv_mpu_dmp_motion_driver.o
    0x080036ea   0x00000026   Code   RO         3927    i.dmp_set_tap_count  inv_mpu_dmp_motion_driver.o
    0x08003710   0x000001a0   Code   RO         3928    i.dmp_set_tap_thresh  inv_mpu_dmp_motion_driver.o
    0x080038b0   0x00000026   Code   RO         3929    i.dmp_set_tap_time  inv_mpu_dmp_motion_driver.o
    0x080038d6   0x00000026   Code   RO         3930    i.dmp_set_tap_time_multi  inv_mpu_dmp_motion_driver.o
    0x080038fc   0x00000024   Code   RO         4220    i.fputc             usart1.o
    0x08003920   0x000000b4   Code   RO         3564    i.get_accel_prod_shift  inv_mpu.o
    0x080039d4   0x00000470   Code   RO         3565    i.get_st_biases     inv_mpu.o
    0x08003e44   0x00000110   Code   RO         3566    i.gyro_self_test    inv_mpu.o
    0x08003f54   0x00000028   Code   RO         3567    i.inv_orientation_matrix_to_scalar  inv_mpu.o
    0x08003f7c   0x0000004e   Code   RO         3568    i.inv_row_2_scale   inv_mpu.o
    0x08003fca   0x00000002   PAD
    0x08003fcc   0x0000008c   Code   RO         3108    i.main              main.o
    0x08004058   0x00000002   Code   RO         3569    i.mget_ms           inv_mpu.o
    0x0800405a   0x0000005e   Code   RO         3570    i.mpu_EXTI_Configuration  inv_mpu.o
    0x080040b8   0x00000070   Code   RO         3571    i.mpu_configure_fifo  inv_mpu.o
    0x08004128   0x00000224   Code   RO         3572    i.mpu_dmp_get_data  inv_mpu.o
    0x0800434c   0x0000009c   Code   RO         3573    i.mpu_dmp_init      inv_mpu.o
    0x080043e8   0x0000004c   Code   RO         3574    i.mpu_get_accel_fsr  inv_mpu.o
    0x08004434   0x00000054   Code   RO         3576    i.mpu_get_accel_sens  inv_mpu.o
    0x08004488   0x00000010   Code   RO         3581    i.mpu_get_fifo_config  inv_mpu.o
    0x08004498   0x00000044   Code   RO         3582    i.mpu_get_gyro_fsr  inv_mpu.o
    0x080044dc   0x00000050   Code   RO         3584    i.mpu_get_gyro_sens  inv_mpu.o
    0x0800452c   0x00000050   Code   RO         3586    i.mpu_get_lpf       inv_mpu.o
    0x0800457c   0x00000020   Code   RO         3588    i.mpu_get_sample_rate  inv_mpu.o
    0x0800459c   0x00000244   Code   RO         3590    i.mpu_init          inv_mpu.o
    0x080047e0   0x000000b8   Code   RO         3591    i.mpu_load_firmware  inv_mpu.o
    0x08004898   0x000000e0   Code   RO         3592    i.mpu_lp_accel_mode  inv_mpu.o
    0x08004978   0x000000c0   Code   RO         3595    i.mpu_read_fifo_stream  inv_mpu.o
    0x08004a38   0x00000080   Code   RO         3596    i.mpu_read_mem      inv_mpu.o
    0x08004ab8   0x000001c8   Code   RO         3599    i.mpu_reset_fifo    inv_mpu.o
    0x08004c80   0x0000011c   Code   RO         3600    i.mpu_run_self_test  inv_mpu.o
    0x08004d9c   0x00000084   Code   RO         3602    i.mpu_set_accel_fsr  inv_mpu.o
    0x08004e20   0x0000014c   Code   RO         3603    i.mpu_set_bypass    inv_mpu.o
    0x08004f6c   0x00000090   Code   RO         3605    i.mpu_set_dmp_state  inv_mpu.o
    0x08004ffc   0x00000088   Code   RO         3606    i.mpu_set_gyro_fsr  inv_mpu.o
    0x08005084   0x0000006c   Code   RO         3607    i.mpu_set_int_latched  inv_mpu.o
    0x080050f0   0x00000084   Code   RO         3609    i.mpu_set_lpf       inv_mpu.o
    0x08005174   0x0000009c   Code   RO         3610    i.mpu_set_sample_rate  inv_mpu.o
    0x08005210   0x000000d0   Code   RO         3611    i.mpu_set_sensors   inv_mpu.o
    0x080052e0   0x00000080   Code   RO         3612    i.mpu_write_mem     inv_mpu.o
    0x08005360   0x00000094   Code   RO         3613    i.run_self_test     inv_mpu.o
    0x080053f4   0x00000090   Code   RO         3614    i.set_int_enable    inv_mpu.o
    0x08005484   0x0000004c   Code   RO         4728    i.sqrt              m_ws.l(sqrt.o)
    0x080054d0   0x00000050   Data   RO         3616    .constdata          inv_mpu.o
    0x08005520   0x00000bf6   Data   RO         3932    .constdata          inv_mpu_dmp_motion_driver.o
    0x08006116   0x00000002   PAD
    0x08006118   0x00000006   Data   RO         4134    .constdata          mpu6050.o
    0x0800611e   0x00000002   PAD
    0x08006120   0x00000050   Data   RO         4388    .constdata          m_ws.l(asin.o)
    0x08006170   0x00000098   Data   RO         4700    .constdata          m_ws.l(atan.o)
    0x08006208   0x00000008   Data   RO         4726    .constdata          m_ws.l(qnan.o)
    0x08006210   0x0000004d   Data   RO         3617    .conststring        inv_mpu.o
    0x0800625d   0x00000003   PAD
    0x08006260   0x00000020   Data   RO         4788    Region$$Table       anon$$obj.o


    Execution Region RW_IRAM1 (Base: 0x20000000, Size: 0x00000468, Max: 0x00010000, ABSOLUTE)

    Base Addr    Size         Type   Attr      Idx    E Section Name        Object

    0x20000000   0x00000014   Data   RW         1738    .data               stm32f10x_rcc.o
    0x20000014   0x00000035   Data   RW         3618    .data               inv_mpu.o
    0x20000049   0x00000003   PAD
    0x2000004c   0x00000004   Data   RW         4749    .data               mc_w.l(stdout.o)
    0x20000050   0x00000004   Data   RW         4757    .data               mc_w.l(errno.o)
    0x20000054   0x00000010   Zero   RW         3931    .bss                inv_mpu_dmp_motion_driver.o
    0x20000064   0x00000004   PAD
    0x20000068   0x00000400   Zero   RW            1    STACK               startup_stm32f10x_hd.o


==============================================================================

Image component sizes


      Code (inc. data)   RO Data    RW Data    ZI Data      Debug   Object Name

         0          0          0          0          0       4548   core_cm3.o
       326         10          0          0          0      17406   delay.o
       664         52          0          0          0       3162   i2c.o
      7038        356        157         53          0      31577   inv_mpu.o
      3096        122       3062          0         16      20622   inv_mpu_dmp_motion_driver.o
       140         64          0          0          0       1771   main.o
       172         22          0          0          0       2081   misc.o
       324         86          6          0          0       3454   mpu6050.o
        36          8        304          0       1024        876   startup_stm32f10x_hd.o
       236         26          0          0          0       2618   stm32f10x_exti.o
        52         12          0          0          0       1113   stm32f10x_flash.o
       364          4          0          0          0       3773   stm32f10x_gpio.o
       462         14          0          0          0       7780   stm32f10x_i2c.o
       284         48          0          0          0      30051   stm32f10x_it.o
       652         98          0         20          0      10507   stm32f10x_rcc.o
       322          6          0          0          0       4263   stm32f10x_usart.o
       328         28          0          0          0     240185   system_stm32f10x.o
       172         14          0          0          0       1192   usart1.o

    ----------------------------------------------------------------------
     14688        970       3568         76       1044     386979   Object Totals
         0          0         32          0          0          0   (incl. Generated)
        20          0          7          3          4          0   (incl. Padding)

    ----------------------------------------------------------------------

      Code (inc. data)   RO Data    RW Data    ZI Data      Debug   Library Member Name

       624         52         80          0          0        168   asin.o
       544         70        152          0          0        124   atan.o
       384         38          0          0          0        144   atan2.o
        38          6          0          0          0        272   dunder.o
        40          0          0          0          0         68   fpclassify.o
       170          0          0          0          0         96   poly.o
         0          0          8          0          0          0   qnan.o
        76          0          0          0          0         84   sqrt.o
         0          0          0          0          0          0   entry.o
         0          0          0          0          0          0   entry10a.o
         0          0          0          0          0          0   entry11a.o
         8          4          0          0          0          0   entry2.o
         4          0          0          0          0          0   entry5.o
         0          0          0          0          0          0   entry7b.o
         0          0          0          0          0          0   entry8b.o
         8          4          0          0          0          0   entry9a.o
        12          6          0          4          0         68   errno.o
        30          0          0          0          0          0   handlers.o
        36          8          0          0          0         68   init.o
         0          0          0          0          0          0   iusefp.o
        98          0          0          0          0         84   ldiv.o
        30          0          0          0          0         68   llshl.o
        36          0          0          0          0         68   llsshr.o
        32          0          0          0          0         68   llushr.o
        26          0          0          0          0         80   memcmp.o
        36          0          0          0          0        108   memseta.o
      2308         96          0          0          0        604   printfa.o
         0          0          0          4          0          0   stdout.o
        44          0          0          0          0         80   uidiv.o
        98          0          0          0          0         92   uldiv.o
        48          0          0          0          0         68   cdrcmple.o
        20          0          0          0          0         68   cfcmple.o
        20          0          0          0          0         68   cfrcmple.o
        56          0          0          0          0         88   d2f.o
       334          0          0          0          0        148   dadd.o
       222          0          0          0          0        100   ddiv.o
       186          0          0          0          0        176   depilogue.o
        48          0          0          0          0         68   dfixul.o
       228          0          0          0          0         96   dmul.o
        46          0          0          0          0         80   dscalb.o
       162          0          0          0          0        100   dsqrt.o
        38          0          0          0          0         68   f2d.o
       176          0          0          0          0        140   fadd.o
       124          0          0          0          0         88   fdiv.o
       110          0          0          0          0        168   fepilogue.o
        50          0          0          0          0         68   ffixi.o
        40          0          0          0          0         68   ffixui.o
        18          0          0          0          0         68   fflti.o
        10          0          0          0          0         68   ffltui.o
       100          0          0          0          0         76   fmul.o

    ----------------------------------------------------------------------
      6720        284        240          8          0       4216   Library Totals
         2          0          0          0          0          0   (incl. Padding)

    ----------------------------------------------------------------------

      Code (inc. data)   RO Data    RW Data    ZI Data      Debug   Library Name

      1876        166        240          0          0        956   m_ws.l
      2806        118          0          8          0       1388   mc_w.l
      2036          0          0          0          0       1872   mf_w.l

    ----------------------------------------------------------------------
      6720        284        240          8          0       4216   Library Totals

    ----------------------------------------------------------------------

==============================================================================


      Code (inc. data)   RO Data    RW Data    ZI Data      Debug   

     21408       1254       3808         84       1044     380011   Grand Totals
     21408       1254       3808         84       1044     380011   ELF Image Totals
     21408       1254       3808         84          0          0   ROM Totals

==============================================================================

    Total RO  Size (Code + RO Data)                25216 (  24.63kB)
    Total RW  Size (RW Data + ZI Data)              1128 (   1.10kB)
    Total ROM Size (Code + RO Data + RW Data)      25300 (  24.71kB)

==============================================================================

